2024-09-28T01:50:59.668461,interface,0.25984251968503935,0.3318026509952252,0.007814096483266919,0.533932106732558,0.42009880504113506,0.07815331424005767,0.5687394059097761,0.6244967807626236
2024-09-28T01:51:00.806956,interface,0.25984251968503935,0.3318026509952252,0.007814096483266919,0.533932106732558,0.42009880504113506,0.07815331424005767,0.5687394059097761,0.6244967807626236
2024-09-28T01:51:02.065405,interface,0.2440944881889764,0.3318026509952252,0.007814096483266919,0.533932106732558,0.42009880504113506,0.07815331424005767,0.5687394059097761,0.6244967807626236
2024-09-28T01:51:02.184495,interface,0.33858267716535434,0.3318026509952252,0.007814096483266919,0.533932106732558,0.42009880504113506,0.07815331424005767,0.5687394059097761,0.6244967807626236
2024-09-28T01:51:02.288159,interface,0.2440944881889764,0.3318026509952252,0.007814096483266919,0.533932106732558,0.42009880504113506,0.07815331424005767,0.5687394059097761,0.6244967807626236
2024-09-28T01:51:03.016927,interface,0.2283464566929134,0.3318026509952252,0.007814096483266919,0.533932106732558,0.42009880504113506,0.07815331424005767,0.5687394059097761,0.6244967807626236
2024-09-28T01:51:03.082872,interface,0.3228346456692913,0.3318026509952252,0.007814096483266919,0.533932106732558,0.42009880504113506,0.07815331424005767,0.5687394059097761,0.6244967807626236
2024-09-28T01:51:03.147405,interface,0.2283464566929134,0.3318026509952252,0.007814096483266919,0.533932106732558,0.42009880504113506,0.07815331424005767,0.5687394059097761,0.6244967807626236
2024-09-28T01:51:03.243876,interface,0.2992125984251969,0.3318026509952252,0.007814096483266919,0.533932106732558,0.42009880504113506,0.07815331424005767,0.5687394059097761,0.6244967807626236
2024-09-28T01:51:04.009649,interface,0.28346456692913385,0.3318026509952252,0.007814096483266919,0.533932106732558,0.42009880504113506,0.07815331424005767,0.5687394059097761,0.6244967807626236
2024-09-28T01:51:04.121617,interface,0.2283464566929134,0.3318026509952252,0.007814096483266919,0.533932106732558,0.42009880504113506,0.07815331424005767,0.5687394059097761,0.6244967807626236
2024-09-28T01:51:04.213131,interface,0.2992125984251969,0.3318026509952252,0.007814096483266919,0.533932106732558,0.42009880504113506,0.07815331424005767,0.5687394059097761,0.6244967807626236
2024-09-28T01:51:04.277280,interface,0.2283464566929134,0.3318026509952252,0.007814096483266919,0.533932106732558,0.42009880504113506,0.07815331424005767,0.5687394059097761,0.6244967807626236
2024-09-28T01:51:04.293922,interface,0.28346456692913385,0.3318026509952252,0.007814096483266919,0.533932106732558,0.42009880504113506,0.07815331424005767,0.5687394059097761,0.6244967807626236
2024-09-28T01:51:04.442142,interface,0.2283464566929134,0.3318026509952252,0.007814096483266919,0.533932106732558,0.42009880504113506,0.07815331424005767,0.5687394059097761,0.6244967807626236
2024-09-28T01:51:04.450969,interface,0.28346456692913385,0.3318026509952252,0.007814096483266919,0.533932106732558,0.42009880504113506,0.07815331424005767,0.5687394059097761,0.6244967807626236
2024-09-28T01:51:04.637046,interface,0.2283464566929134,0.3318026509952252,0.007814096483266919,0.533932106732558,0.42009880504113506,0.07815331424005767,0.5687394059097761,0.6244967807626236
2024-09-28T01:51:06.562887,interface,0.23622047244094488,0.3318026509952252,0.007814096483266919,0.533932106732558,0.42009880504113506,0.07815331424005767,0.5687394059097761,0.6244967807626236
2024-09-28T01:51:06.597561,interface,0.2992125984251969,0.3318026509952252,0.007814096483266919,0.533932106732558,0.42009880504113506,0.07815331424005767,0.5687394059097761,0.6244967807626236
2024-09-28T01:51:06.642139,interface,0.28346456692913385,0.3318026509952252,0.007814096483266919,0.533932106732558,0.42009880504113506,0.07815331424005767,0.5687394059097761,0.6244967807626236
2024-09-28T01:51:06.673015,interface,0.23622047244094488,0.3318026509952252,0.007814096483266919,0.533932106732558,0.42009880504113506,0.07815331424005767,0.5687394059097761,0.6244967807626236
2024-09-28T01:51:07.098535,interface,0.2992125984251969,0.3318026509952252,0.007814096483266919,0.533932106732558,0.42009880504113506,0.07815331424005767,0.5687394059097761,0.6244967807626236
2024-09-28T01:51:07.182883,interface,0.28346456692913385,0.3318026509952252,0.007814096483266919,0.533932106732558,0.42009880504113506,0.07815331424005767,0.5687394059097761,0.6244967807626236
2024-09-28T01:51:07.305973,interface,0.28346456692913385,0.3318026509952252,0.007814096483266919,0.533932106732558,0.42009880504113506,0.07815331424005767,0.5687394059097761,0.6244967807626236
2024-09-28T01:51:07.388015,interface,0.2992125984251969,0.3318026509952252,0.007814096483266919,0.533932106732558,0.42009880504113506,0.07815331424005767,0.5687394059097761,0.6244967807626236
2024-09-28T01:51:07.456228,interface,0.28346456692913385,0.3318026509952252,0.007814096483266919,0.533932106732558,0.42009880504113506,0.07815331424005767,0.5687394059097761,0.6244967807626236
2024-09-28T01:51:07.647233,interface,0.2992125984251969,0.3318026509952252,0.007814096483266919,0.533932106732558,0.42009880504113506,0.07815331424005767,0.5687394059097761,0.6244967807626236
2024-09-28T01:51:07.784687,interface,0.2992125984251969,0.3318026509952252,0.007814096483266919,0.533932106732558,0.42009880504113506,0.07815331424005767,0.5687394059097761,0.6244967807626236
2024-09-28T01:51:07.879121,interface,0.28346456692913385,0.3318026509952252,0.007814096483266919,0.533932106732558,0.42009880504113506,0.07815331424005767,0.5687394059097761,0.6244967807626236
2024-09-28T01:51:08.558516,interface,0.2992125984251969,0.3318026509952252,0.007814096483266919,0.533932106732558,0.42009880504113506,0.07815331424005767,0.5687394059097761,0.6244967807626236
2024-09-28T01:51:08.692368,interface,0.28346456692913385,0.3318026509952252,0.007814096483266919,0.533932106732558,0.42009880504113506,0.07815331424005767,0.5687394059097761,0.6244967807626236
2024-09-28T01:51:08.779151,interface,0.2992125984251969,0.3318026509952252,0.007814096483266919,0.533932106732558,0.42009880504113506,0.07815331424005767,0.5687394059097761,0.6244967807626236
2024-09-28T01:51:08.865079,interface,0.28346456692913385,0.3318026509952252,0.007814096483266919,0.533932106732558,0.42009880504113506,0.07815331424005767,0.5687394059097761,0.6244967807626236
2024-09-28T01:51:08.940939,interface,0.2992125984251969,0.3318026509952252,0.007814096483266919,0.533932106732558,0.42009880504113506,0.07815331424005767,0.5687394059097761,0.6244967807626236
2024-09-28T01:51:09.022216,interface,0.28346456692913385,0.3318026509952252,0.007814096483266919,0.533932106732558,0.42009880504113506,0.07815331424005767,0.5687394059097761,0.6244967807626236
2024-09-28T01:51:09.180530,interface,0.2992125984251969,0.3318026509952252,0.007814096483266919,0.533932106732558,0.42009880504113506,0.07815331424005767,0.5687394059097761,0.6244967807626236
2024-09-28T01:51:09.267985,interface,0.28346456692913385,0.3318026509952252,0.007814096483266919,0.533932106732558,0.42009880504113506,0.07815331424005767,0.5687394059097761,0.6244967807626236
2024-09-28T01:51:09.377993,interface,0.2992125984251969,0.3318026509952252,0.007814096483266919,0.533932106732558,0.42009880504113506,0.07815331424005767,0.5687394059097761,0.6244967807626236
2024-09-28T01:51:09.453859,interface,0.28346456692913385,0.3318026509952252,0.007814096483266919,0.533932106732558,0.42009880504113506,0.07815331424005767,0.5687394059097761,0.6244967807626236
2024-09-28T01:51:09.533751,interface,0.2992125984251969,0.3318026509952252,0.007814096483266919,0.533932106732558,0.42009880504113506,0.07815331424005767,0.5687394059097761,0.6244967807626236
2024-09-28T01:51:09.602215,interface,0.28346456692913385,0.3318026509952252,0.007814096483266919,0.533932106732558,0.42009880504113506,0.07815331424005767,0.5687394059097761,0.6244967807626236
2024-09-28T01:51:09.668206,interface,0.2992125984251969,0.3318026509952252,0.007814096483266919,0.533932106732558,0.42009880504113506,0.07815331424005767,0.5687394059097761,0.6244967807626236
2024-09-28T01:51:09.752732,interface,0.28346456692913385,0.3318026509952252,0.007814096483266919,0.533932106732558,0.42009880504113506,0.07815331424005767,0.5687394059097761,0.6244967807626236
2024-09-28T01:51:09.842695,interface,0.2992125984251969,0.3318026509952252,0.007814096483266919,0.533932106732558,0.42009880504113506,0.07815331424005767,0.5687394059097761,0.6244967807626236
2024-09-28T01:51:09.901923,interface,0.28346456692913385,0.3318026509952252,0.007814096483266919,0.533932106732558,0.42009880504113506,0.07815331424005767,0.5687394059097761,0.6244967807626236
2024-09-28T01:51:14.915596,interface,0.28346456692913385,0.3318026509952252,0.007814096483266919,0.533932106732558,0.42009880504113506,0.07815331424005767,0.5687394059097761,0.6244967807626236
2024-09-28T01:51:15.029650,interface,0.2992125984251969,0.3318026509952252,0.007814096483266919,0.533932106732558,0.42009880504113506,0.07815331424005767,0.5687394059097761,0.6244967807626236
2024-09-28T01:51:15.078522,interface,0.28346456692913385,0.3318026509952252,0.007814096483266919,0.533932106732558,0.42009880504113506,0.07815331424005767,0.5687394059097761,0.6244967807626236
2024-09-28T01:51:15.195542,interface,0.2992125984251969,0.3318026509952252,0.007814096483266919,0.533932106732558,0.42009880504113506,0.07815331424005767,0.5687394059097761,0.6244967807626236
2024-09-28T01:51:15.279951,interface,0.28346456692913385,0.3318026509952252,0.007814096483266919,0.533932106732558,0.42009880504113506,0.07815331424005767,0.5687394059097761,0.6244967807626236
2024-09-28T01:51:15.366832,interface,0.2992125984251969,0.3318026509952252,0.007814096483266919,0.533932106732558,0.42009880504113506,0.07815331424005767,0.5687394059097761,0.6244967807626236
2024-09-28T01:51:15.423131,interface,0.28346456692913385,0.3318026509952252,0.007814096483266919,0.533932106732558,0.42009880504113506,0.07815331424005767,0.5687394059097761,0.6244967807626236
2024-09-28T01:51:15.507536,interface,0.2992125984251969,0.3318026509952252,0.007814096483266919,0.533932106732558,0.42009880504113506,0.07815331424005767,0.5687394059097761,0.6244967807626236
2024-09-28T01:51:15.575840,interface,0.28346456692913385,0.3318026509952252,0.007814096483266919,0.533932106732558,0.42009880504113506,0.07815331424005767,0.5687394059097761,0.6244967807626236
2024-09-28T01:51:15.656205,interface,0.2992125984251969,0.3318026509952252,0.007814096483266919,0.533932106732558,0.42009880504113506,0.07815331424005767,0.5687394059097761,0.6244967807626236
2024-09-28T01:51:15.748632,interface,0.28346456692913385,0.3318026509952252,0.007814096483266919,0.533932106732558,0.42009880504113506,0.07815331424005767,0.5687394059097761,0.6244967807626236
2024-09-28T01:51:15.830634,interface,0.2992125984251969,0.3318026509952252,0.007814096483266919,0.533932106732558,0.42009880504113506,0.07815331424005767,0.5687394059097761,0.6244967807626236
2024-09-28T01:51:15.902122,interface,0.28346456692913385,0.3318026509952252,0.007814096483266919,0.533932106732558,0.42009880504113506,0.07815331424005767,0.5687394059097761,0.6244967807626236
2024-09-28T01:51:16.776672,interface,0.2440944881889764,0.3318026509952252,0.007814096483266919,0.533932106732558,0.42009880504113506,0.07815331424005767,0.5687394059097761,0.6244967807626236
2024-09-28T01:51:16.843708,interface,0.33858267716535434,0.3318026509952252,0.007814096483266919,0.533932106732558,0.42009880504113506,0.07815331424005767,0.5687394059097761,0.6244967807626236
2024-09-28T01:51:19.213544,interface,0.5826771653543307,0.3318026509952252,0.007814096483266919,0.533932106732558,0.42009880504113506,0.07815331424005767,0.5687394059097761,0.6244967807626236
2024-09-28T01:51:19.258259,interface,0.6614173228346457,0.3318026509952252,0.007814096483266919,0.533932106732558,0.42009880504113506,0.07815331424005767,0.5687394059097761,0.6244967807626236
2024-09-28T01:51:20.139320,interface,0.5826771653543307,0.3318026509952252,0.007814096483266919,0.533932106732558,0.42009880504113506,0.07815331424005767,0.5687394059097761,0.6244967807626236
2024-09-28T01:51:20.198814,interface,0.6614173228346457,0.3318026509952252,0.007814096483266919,0.533932106732558,0.42009880504113506,0.07815331424005767,0.5687394059097761,0.6244967807626236
2024-09-28T01:51:20.248468,interface,0.5826771653543307,0.3318026509952252,0.007814096483266919,0.533932106732558,0.42009880504113506,0.07815331424005767,0.5687394059097761,0.6244967807626236
2024-09-28T01:51:22.053678,interface,0.5826771653543307,0.3318026509952252,0.007814096483266919,0.533932106732558,0.42009880504113506,0.07815331424005767,0.5687394059097761,0.6244967807626236
2024-09-28T01:51:22.124343,interface,0.6614173228346457,0.3318026509952252,0.007814096483266919,0.533932106732558,0.42009880504113506,0.07815331424005767,0.5687394059097761,0.6244967807626236
2024-09-28T01:51:22.168486,interface,0.5826771653543307,0.3318026509952252,0.007814096483266919,0.533932106732558,0.42009880504113506,0.07815331424005767,0.5687394059097761,0.6244967807626236
2024-09-28T01:51:23.064859,interface,0.5826771653543307,0.3318026509952252,0.007814096483266919,0.533932106732558,0.42009880504113506,0.07815331424005767,0.5687394059097761,0.6244967807626236
2024-09-28T01:51:23.141482,interface,0.6614173228346457,0.3318026509952252,0.007814096483266919,0.533932106732558,0.42009880504113506,0.07815331424005767,0.5687394059097761,0.6244967807626236
2024-09-28T01:51:23.182586,interface,0.5826771653543307,0.3318026509952252,0.007814096483266919,0.533932106732558,0.42009880504113506,0.07815331424005767,0.5687394059097761,0.6244967807626236
2024-09-28T01:51:23.574431,interface,0.5826771653543307,0.3318026509952252,0.007814096483266919,0.533932106732558,0.42009880504113506,0.07815331424005767,0.5687394059097761,0.6244967807626236
2024-09-28T01:51:23.650028,interface,0.6614173228346457,0.3318026509952252,0.007814096483266919,0.533932106732558,0.42009880504113506,0.07815331424005767,0.5687394059097761,0.6244967807626236
2024-09-28T01:51:23.684900,interface,0.5826771653543307,0.3318026509952252,0.007814096483266919,0.533932106732558,0.42009880504113506,0.07815331424005767,0.5687394059097761,0.6244967807626236
2024-09-28T01:51:24.006225,interface,0.5826771653543307,0.3318026509952252,0.007814096483266919,0.533932106732558,0.42009880504113506,0.07815331424005767,0.5687394059097761,0.6244967807626236
2024-09-28T01:51:24.091568,interface,0.6614173228346457,0.3318026509952252,0.007814096483266919,0.533932106732558,0.42009880504113506,0.07815331424005767,0.5687394059097761,0.6244967807626236
2024-09-28T01:51:24.131221,interface,0.5826771653543307,0.3318026509952252,0.007814096483266919,0.533932106732558,0.42009880504113506,0.07815331424005767,0.5687394059097761,0.6244967807626236
2024-09-28T01:51:29.245460,interface,0.6220472440944882,0.3318026509952252,0.007814096483266919,0.533932106732558,0.42009880504113506,0.07815331424005767,0.5687394059097761,0.6244967807626236
2024-09-28T01:51:30.220267,interface,0.5826771653543307,0.3318026509952252,0.007814096483266919,0.533932106732558,0.42009880504113506,0.07815331424005767,0.5687394059097761,0.6244967807626236
2024-09-28T01:51:30.625906,interface,0.5669291338582677,0.3318026509952252,0.007814096483266919,0.533932106732558,0.42009880504113506,0.07815331424005767,0.5687394059097761,0.6244967807626236
2024-09-28T01:51:31.615014,interface,0.5275590551181102,0.3318026509952252,0.007814096483266919,0.533932106732558,0.42009880504113506,0.07815331424005767,0.5687394059097761,0.6244967807626236
2024-09-28T01:51:32.910095,interface,0.5275590551181102,0.3318026509952252,0.06299212598425197,0.533932106732558,0.42009880504113506,0.07815331424005767,0.5687394059097761,0.6244967807626236
2024-09-28T01:51:32.933862,interface,0.5275590551181102,0.3318026509952252,0.07086614173228346,0.533932106732558,0.42009880504113506,0.07815331424005767,0.5687394059097761,0.6244967807626236
2024-09-28T01:51:32.973938,interface,0.5275590551181102,0.3318026509952252,0.07874015748031496,0.533932106732558,0.42009880504113506,0.07815331424005767,0.5687394059097761,0.6244967807626236
2024-09-28T01:51:33.005892,interface,0.5275590551181102,0.3318026509952252,0.08661417322834646,0.533932106732558,0.42009880504113506,0.07815331424005767,0.5687394059097761,0.6244967807626236
2024-09-28T01:51:33.049910,interface,0.5275590551181102,0.3318026509952252,0.09448818897637795,0.533932106732558,0.42009880504113506,0.07815331424005767,0.5687394059097761,0.6244967807626236
2024-09-28T01:51:33.106070,interface,0.5275590551181102,0.3318026509952252,0.10236220472440945,0.533932106732558,0.42009880504113506,0.07815331424005767,0.5687394059097761,0.6244967807626236
2024-09-28T01:51:33.150128,interface,0.5275590551181102,0.3318026509952252,0.11023622047244094,0.533932106732558,0.42009880504113506,0.07815331424005767,0.5687394059097761,0.6244967807626236
2024-09-28T01:51:33.198103,interface,0.5275590551181102,0.3318026509952252,0.11811023622047244,0.533932106732558,0.42009880504113506,0.07815331424005767,0.5687394059097761,0.6244967807626236
2024-09-28T01:51:33.274170,interface,0.5275590551181102,0.3318026509952252,0.12598425196850394,0.533932106732558,0.42009880504113506,0.07815331424005767,0.5687394059097761,0.6244967807626236
2024-09-28T01:51:33.338276,interface,0.5275590551181102,0.3318026509952252,0.13385826771653545,0.533932106732558,0.42009880504113506,0.07815331424005767,0.5687394059097761,0.6244967807626236
2024-09-28T01:51:33.430386,interface,0.5275590551181102,0.3318026509952252,0.14173228346456693,0.533932106732558,0.42009880504113506,0.07815331424005767,0.5687394059097761,0.6244967807626236
2024-09-28T01:51:33.522511,interface,0.5275590551181102,0.3318026509952252,0.14960629921259844,0.533932106732558,0.42009880504113506,0.07815331424005767,0.5687394059097761,0.6244967807626236
2024-09-28T01:51:33.622540,interface,0.5275590551181102,0.3318026509952252,0.15748031496062992,0.533932106732558,0.42009880504113506,0.07815331424005767,0.5687394059097761,0.6244967807626236
2024-09-28T01:51:33.750715,interface,0.5275590551181102,0.3318026509952252,0.16535433070866143,0.533932106732558,0.42009880504113506,0.07815331424005767,0.5687394059097761,0.6244967807626236
2024-09-28T01:51:33.870927,interface,0.5275590551181102,0.3318026509952252,0.1732283464566929,0.533932106732558,0.42009880504113506,0.07815331424005767,0.5687394059097761,0.6244967807626236
2024-09-28T01:51:34.016017,interface,0.5275590551181102,0.3318026509952252,0.14960629921259844,0.533932106732558,0.42009880504113506,0.07815331424005767,0.5687394059097761,0.6244967807626236
2024-09-28T01:51:34.390981,interface,0.5118110236220472,0.3318026509952252,0.14960629921259844,0.533932106732558,0.42009880504113506,0.07815331424005767,0.5687394059097761,0.6244967807626236
2024-09-28T01:51:34.483561,interface,0.5118110236220472,0.3318026509952252,0.15748031496062992,0.533932106732558,0.42009880504113506,0.07815331424005767,0.5687394059097761,0.6244967807626236
2024-09-28T01:51:34.654423,interface,0.6062992125984252,0.3318026509952252,0.15748031496062992,0.533932106732558,0.42009880504113506,0.07815331424005767,0.5687394059097761,0.6244967807626236
2024-09-28T01:51:34.956309,interface,0.6062992125984252,0.3318026509952252,0.16535433070866143,0.533932106732558,0.42009880504113506,0.07815331424005767,0.5687394059097761,0.6244967807626236
2024-09-28T01:51:35.032127,interface,0.6062992125984252,0.3318026509952252,0.1732283464566929,0.533932106732558,0.42009880504113506,0.07815331424005767,0.5687394059097761,0.6244967807626236
2024-09-28T01:51:35.120239,interface,0.6062992125984252,0.3318026509952252,0.18110236220472442,0.533932106732558,0.42009880504113506,0.07815331424005767,0.5687394059097761,0.6244967807626236
2024-09-28T01:51:35.200332,interface,0.6062992125984252,0.3318026509952252,0.1889763779527559,0.533932106732558,0.42009880504113506,0.07815331424005767,0.5687394059097761,0.6244967807626236
2024-09-28T01:51:35.320542,interface,0.6062992125984252,0.3318026509952252,0.1968503937007874,0.533932106732558,0.42009880504113506,0.07815331424005767,0.5687394059097761,0.6244967807626236
2024-09-28T01:51:35.443163,interface,0.6062992125984252,0.3318026509952252,0.1968503937007874,0.533932106732558,0.42009880504113506,0.07815331424005767,0.5687394059097761,0.6244967807626236
2024-09-28T01:51:35.520531,interface,0.6062992125984252,0.3318026509952252,0.1889763779527559,0.533932106732558,0.42009880504113506,0.07815331424005767,0.5687394059097761,0.6244967807626236
2024-09-28T01:51:35.615716,interface,0.5118110236220472,0.3318026509952252,0.1889763779527559,0.533932106732558,0.42009880504113506,0.07815331424005767,0.5687394059097761,0.6244967807626236
2024-09-28T01:51:35.751499,interface,0.6062992125984252,0.3318026509952252,0.1889763779527559,0.533932106732558,0.42009880504113506,0.07815331424005767,0.5687394059097761,0.6244967807626236
2024-09-28T01:51:35.847782,interface,0.5118110236220472,0.3318026509952252,0.1889763779527559,0.533932106732558,0.42009880504113506,0.07815331424005767,0.5687394059097761,0.6244967807626236
2024-09-28T01:51:35.948402,interface,0.6062992125984252,0.3318026509952252,0.1889763779527559,0.533932106732558,0.42009880504113506,0.07815331424005767,0.5687394059097761,0.6244967807626236
2024-09-28T01:51:36.051959,interface,0.5118110236220472,0.3318026509952252,0.1889763779527559,0.533932106732558,0.42009880504113506,0.07815331424005767,0.5687394059097761,0.6244967807626236
2024-09-28T01:51:36.119275,interface,0.6062992125984252,0.3318026509952252,0.1889763779527559,0.533932106732558,0.42009880504113506,0.07815331424005767,0.5687394059097761,0.6244967807626236
2024-09-28T01:51:36.228914,interface,0.5118110236220472,0.3318026509952252,0.1889763779527559,0.533932106732558,0.42009880504113506,0.07815331424005767,0.5687394059097761,0.6244967807626236
2024-09-28T01:51:36.306710,interface,0.6062992125984252,0.3318026509952252,0.1889763779527559,0.533932106732558,0.42009880504113506,0.07815331424005767,0.5687394059097761,0.6244967807626236
2024-09-28T01:51:36.410109,interface,0.5118110236220472,0.3318026509952252,0.1889763779527559,0.533932106732558,0.42009880504113506,0.07815331424005767,0.5687394059097761,0.6244967807626236
2024-09-28T01:51:36.493629,interface,0.6062992125984252,0.3318026509952252,0.1889763779527559,0.533932106732558,0.42009880504113506,0.07815331424005767,0.5687394059097761,0.6244967807626236
2024-09-28T01:51:36.612674,interface,0.5118110236220472,0.3318026509952252,0.1889763779527559,0.533932106732558,0.42009880504113506,0.07815331424005767,0.5687394059097761,0.6244967807626236
2024-09-28T01:51:36.855561,interface,0.5118110236220472,0.3318026509952252,0.1889763779527559,0.533932106732558,0.42009880504113506,0.07815331424005767,0.5687394059097761,0.6244967807626236
2024-09-28T01:51:37.048811,interface,0.6062992125984252,0.3318026509952252,0.1889763779527559,0.533932106732558,0.42009880504113506,0.07815331424005767,0.5687394059097761,0.6244967807626236
2024-09-28T01:51:37.172178,interface,0.5118110236220472,0.3318026509952252,0.1889763779527559,0.533932106732558,0.42009880504113506,0.07815331424005767,0.5687394059097761,0.6244967807626236
2024-09-28T01:51:37.265793,interface,0.6062992125984252,0.3318026509952252,0.1889763779527559,0.533932106732558,0.42009880504113506,0.07815331424005767,0.5687394059097761,0.6244967807626236
2024-09-28T01:51:37.375971,interface,0.5118110236220472,0.3318026509952252,0.1889763779527559,0.533932106732558,0.42009880504113506,0.07815331424005767,0.5687394059097761,0.6244967807626236
2024-09-28T01:51:37.454868,interface,0.6062992125984252,0.3318026509952252,0.1889763779527559,0.533932106732558,0.42009880504113506,0.07815331424005767,0.5687394059097761,0.6244967807626236
2024-09-28T01:51:37.541707,interface,0.5118110236220472,0.3318026509952252,0.1889763779527559,0.533932106732558,0.42009880504113506,0.07815331424005767,0.5687394059097761,0.6244967807626236
2024-09-28T01:51:37.627776,interface,0.6062992125984252,0.3318026509952252,0.1889763779527559,0.533932106732558,0.42009880504113506,0.07815331424005767,0.5687394059097761,0.6244967807626236
2024-09-28T01:51:37.697142,interface,0.5118110236220472,0.3318026509952252,0.1889763779527559,0.533932106732558,0.42009880504113506,0.07815331424005767,0.5687394059097761,0.6244967807626236
2024-09-28T01:51:37.770196,interface,0.6062992125984252,0.3318026509952252,0.1889763779527559,0.533932106732558,0.42009880504113506,0.07815331424005767,0.5687394059097761,0.6244967807626236
2024-09-28T01:51:37.860118,interface,0.5118110236220472,0.3318026509952252,0.1889763779527559,0.533932106732558,0.42009880504113506,0.07815331424005767,0.5687394059097761,0.6244967807626236
2024-09-28T01:51:37.907758,interface,0.6062992125984252,0.3318026509952252,0.1889763779527559,0.533932106732558,0.42009880504113506,0.07815331424005767,0.5687394059097761,0.6244967807626236
2024-09-28T01:51:37.999551,interface,0.5118110236220472,0.3318026509952252,0.1889763779527559,0.533932106732558,0.42009880504113506,0.07815331424005767,0.5687394059097761,0.6244967807626236
2024-09-28T01:51:38.048134,interface,0.6062992125984252,0.3318026509952252,0.1889763779527559,0.533932106732558,0.42009880504113506,0.07815331424005767,0.5687394059097761,0.6244967807626236
2024-09-28T01:51:38.157644,interface,0.5118110236220472,0.3318026509952252,0.1889763779527559,0.533932106732558,0.42009880504113506,0.07815331424005767,0.5687394059097761,0.6244967807626236
2024-09-28T01:51:38.200065,interface,0.6062992125984252,0.3318026509952252,0.1889763779527559,0.533932106732558,0.42009880504113506,0.07815331424005767,0.5687394059097761,0.6244967807626236
2024-09-28T01:51:38.311574,interface,0.5118110236220472,0.3318026509952252,0.1889763779527559,0.533932106732558,0.42009880504113506,0.07815331424005767,0.5687394059097761,0.6244967807626236
2024-09-28T01:51:38.353440,interface,0.6062992125984252,0.3318026509952252,0.1889763779527559,0.533932106732558,0.42009880504113506,0.07815331424005767,0.5687394059097761,0.6244967807626236
2024-09-28T01:51:38.449019,interface,0.5118110236220472,0.3318026509952252,0.1889763779527559,0.533932106732558,0.42009880504113506,0.07815331424005767,0.5687394059097761,0.6244967807626236
2024-09-28T01:51:38.500876,interface,0.6062992125984252,0.3318026509952252,0.1889763779527559,0.533932106732558,0.42009880504113506,0.07815331424005767,0.5687394059097761,0.6244967807626236
2024-09-28T01:51:38.599387,interface,0.5118110236220472,0.3318026509952252,0.1889763779527559,0.533932106732558,0.42009880504113506,0.07815331424005767,0.5687394059097761,0.6244967807626236
2024-09-28T01:51:38.692782,interface,0.6062992125984252,0.3318026509952252,0.1889763779527559,0.533932106732558,0.42009880504113506,0.07815331424005767,0.5687394059097761,0.6244967807626236
2024-09-28T01:51:38.809011,interface,0.5118110236220472,0.3318026509952252,0.1889763779527559,0.533932106732558,0.42009880504113506,0.07815331424005767,0.5687394059097761,0.6244967807626236
2024-09-28T01:51:38.890050,interface,0.5118110236220472,0.3318026509952252,0.1889763779527559,0.4566929133858268,0.42009880504113506,0.07815331424005767,0.5687394059097761,0.6244967807626236
2024-09-28T01:51:38.926621,interface,0.6062992125984252,0.3318026509952252,0.1889763779527559,0.4566929133858268,0.42009880504113506,0.07815331424005767,0.5687394059097761,0.6244967807626236
2024-09-28T01:51:38.927779,interface,0.6062992125984252,0.3318026509952252,0.1889763779527559,0.4094488188976378,0.42009880504113506,0.07815331424005767,0.5687394059097761,0.6244967807626236
2024-09-28T01:51:38.972029,interface,0.6062992125984252,0.3318026509952252,0.1889763779527559,0.36220472440944884,0.42009880504113506,0.07815331424005767,0.5687394059097761,0.6244967807626236
2024-09-28T01:51:39.034188,interface,0.5118110236220472,0.3318026509952252,0.1889763779527559,0.36220472440944884,0.42009880504113506,0.07815331424005767,0.5687394059097761,0.6244967807626236
2024-09-28T01:51:39.119786,interface,0.6062992125984252,0.3318026509952252,0.1889763779527559,0.36220472440944884,0.42009880504113506,0.07815331424005767,0.5687394059097761,0.6244967807626236
2024-09-28T01:51:39.247059,interface,0.5118110236220472,0.3318026509952252,0.1889763779527559,0.36220472440944884,0.42009880504113506,0.07815331424005767,0.5687394059097761,0.6244967807626236
2024-09-28T01:51:39.340589,interface,0.6062992125984252,0.3318026509952252,0.1889763779527559,0.36220472440944884,0.42009880504113506,0.07815331424005767,0.5687394059097761,0.6244967807626236
2024-09-28T01:51:39.443971,interface,0.5118110236220472,0.3318026509952252,0.1889763779527559,0.36220472440944884,0.42009880504113506,0.07815331424005767,0.5687394059097761,0.6244967807626236
2024-09-28T01:51:39.547362,interface,0.6062992125984252,0.3318026509952252,0.1889763779527559,0.36220472440944884,0.42009880504113506,0.07815331424005767,0.5687394059097761,0.6244967807626236
2024-09-28T01:51:39.646884,interface,0.5118110236220472,0.3318026509952252,0.1889763779527559,0.36220472440944884,0.42009880504113506,0.07815331424005767,0.5687394059097761,0.6244967807626236
2024-09-28T01:51:39.724399,interface,0.6062992125984252,0.3318026509952252,0.1889763779527559,0.36220472440944884,0.42009880504113506,0.07815331424005767,0.5687394059097761,0.6244967807626236
2024-09-28T01:51:39.828115,interface,0.5118110236220472,0.3318026509952252,0.1889763779527559,0.36220472440944884,0.42009880504113506,0.07815331424005767,0.5687394059097761,0.6244967807626236
2024-09-28T01:51:39.878187,interface,0.6062992125984252,0.3318026509952252,0.1889763779527559,0.36220472440944884,0.42009880504113506,0.07815331424005767,0.5687394059097761,0.6244967807626236
2024-09-28T01:51:39.987394,interface,0.5118110236220472,0.3318026509952252,0.1889763779527559,0.36220472440944884,0.42009880504113506,0.07815331424005767,0.5687394059097761,0.6244967807626236
2024-09-28T01:51:40.045758,interface,0.6062992125984252,0.3318026509952252,0.1889763779527559,0.36220472440944884,0.42009880504113506,0.07815331424005767,0.5687394059097761,0.6244967807626236
2024-09-28T01:51:40.162131,interface,0.5118110236220472,0.3318026509952252,0.1889763779527559,0.36220472440944884,0.42009880504113506,0.07815331424005767,0.5687394059097761,0.6244967807626236
2024-09-28T01:51:40.179569,interface,0.5118110236220472,0.3318026509952252,0.1889763779527559,0.4094488188976378,0.42009880504113506,0.07815331424005767,0.5687394059097761,0.6244967807626236
2024-09-28T01:51:40.336376,interface,0.5118110236220472,0.3318026509952252,0.1889763779527559,0.4094488188976378,0.42009880504113506,0.07815331424005767,0.5687394059097761,0.6244967807626236
2024-09-28T01:51:40.419789,interface,0.6062992125984252,0.3318026509952252,0.1889763779527559,0.4094488188976378,0.42009880504113506,0.07815331424005767,0.5687394059097761,0.6244967807626236
2024-09-28T01:51:40.465687,interface,0.6062992125984252,0.3318026509952252,0.1889763779527559,0.36220472440944884,0.42009880504113506,0.07815331424005767,0.5687394059097761,0.6244967807626236
2024-09-28T01:51:40.525907,interface,0.5118110236220472,0.3318026509952252,0.1889763779527559,0.36220472440944884,0.42009880504113506,0.07815331424005767,0.5687394059097761,0.6244967807626236
2024-09-28T01:51:40.629281,interface,0.6062992125984252,0.3318026509952252,0.1889763779527559,0.36220472440944884,0.42009880504113506,0.07815331424005767,0.5687394059097761,0.6244967807626236
2024-09-28T01:51:40.707032,interface,0.5118110236220472,0.3318026509952252,0.1889763779527559,0.36220472440944884,0.42009880504113506,0.07815331424005767,0.5687394059097761,0.6244967807626236
2024-09-28T01:51:40.786596,interface,0.6062992125984252,0.3318026509952252,0.1889763779527559,0.36220472440944884,0.42009880504113506,0.07815331424005767,0.5687394059097761,0.6244967807626236
2024-09-28T01:51:40.873581,interface,0.5118110236220472,0.3318026509952252,0.1889763779527559,0.36220472440944884,0.42009880504113506,0.07815331424005767,0.5687394059097761,0.6244967807626236
2024-09-28T01:51:40.936539,interface,0.6062992125984252,0.3318026509952252,0.1889763779527559,0.36220472440944884,0.42009880504113506,0.07815331424005767,0.5687394059097761,0.6244967807626236
2024-09-28T01:51:41.054591,interface,0.5118110236220472,0.3318026509952252,0.1889763779527559,0.36220472440944884,0.42009880504113506,0.07815331424005767,0.5687394059097761,0.6244967807626236
2024-09-28T01:51:41.120975,interface,0.6062992125984252,0.3318026509952252,0.1889763779527559,0.36220472440944884,0.42009880504113506,0.07815331424005767,0.5687394059097761,0.6244967807626236
2024-09-28T01:51:41.140863,interface,0.6062992125984252,0.3318026509952252,0.1889763779527559,0.4094488188976378,0.42009880504113506,0.07815331424005767,0.5687394059097761,0.6244967807626236
2024-09-28T01:51:41.202212,interface,0.6062992125984252,0.3318026509952252,0.1889763779527559,0.4566929133858268,0.42009880504113506,0.07815331424005767,0.5687394059097761,0.6244967807626236
2024-09-28T01:51:41.203369,interface,0.5118110236220472,0.3318026509952252,0.1889763779527559,0.4566929133858268,0.42009880504113506,0.07815331424005767,0.5687394059097761,0.6244967807626236
2024-09-28T01:51:41.262914,interface,0.6062992125984252,0.3318026509952252,0.1889763779527559,0.4566929133858268,0.42009880504113506,0.07815331424005767,0.5687394059097761,0.6244967807626236
2024-09-28T01:51:41.386991,interface,0.5118110236220472,0.3318026509952252,0.1889763779527559,0.4566929133858268,0.42009880504113506,0.07815331424005767,0.5687394059097761,0.6244967807626236
2024-09-28T01:51:41.480465,interface,0.6062992125984252,0.3318026509952252,0.1889763779527559,0.4566929133858268,0.42009880504113506,0.07815331424005767,0.5687394059097761,0.6244967807626236
2024-09-28T01:51:41.617537,interface,0.5118110236220472,0.3318026509952252,0.1889763779527559,0.4566929133858268,0.42009880504113506,0.07815331424005767,0.5687394059097761,0.6244967807626236
2024-09-28T01:51:41.694741,interface,0.6062992125984252,0.3318026509952252,0.1889763779527559,0.4566929133858268,0.42009880504113506,0.07815331424005767,0.5687394059097761,0.6244967807626236
2024-09-28T01:51:41.798123,interface,0.5118110236220472,0.3318026509952252,0.1889763779527559,0.4566929133858268,0.42009880504113506,0.07815331424005767,0.5687394059097761,0.6244967807626236
2024-09-28T01:51:41.885238,interface,0.6062992125984252,0.3318026509952252,0.1889763779527559,0.4566929133858268,0.42009880504113506,0.07815331424005767,0.5687394059097761,0.6244967807626236
2024-09-28T01:51:41.918414,interface,0.6062992125984252,0.3318026509952252,0.1889763779527559,0.4094488188976378,0.42009880504113506,0.07815331424005767,0.5687394059097761,0.6244967807626236
2024-09-28T01:51:41.959299,interface,0.6062992125984252,0.3318026509952252,0.1889763779527559,0.36220472440944884,0.42009880504113506,0.07815331424005767,0.5687394059097761,0.6244967807626236
2024-09-28T01:51:41.973920,interface,0.5118110236220472,0.3318026509952252,0.1889763779527559,0.36220472440944884,0.42009880504113506,0.07815331424005767,0.5687394059097761,0.6244967807626236
2024-09-28T01:51:42.042110,interface,0.6062992125984252,0.3318026509952252,0.1889763779527559,0.36220472440944884,0.42009880504113506,0.07815331424005767,0.5687394059097761,0.6244967807626236
2024-09-28T01:51:42.151813,interface,0.5118110236220472,0.3318026509952252,0.1889763779527559,0.36220472440944884,0.42009880504113506,0.07815331424005767,0.5687394059097761,0.6244967807626236
2024-09-28T01:51:42.255153,interface,0.6062992125984252,0.3318026509952252,0.1889763779527559,0.36220472440944884,0.42009880504113506,0.07815331424005767,0.5687394059097761,0.6244967807626236
2024-09-28T01:51:42.335559,interface,0.5118110236220472,0.3318026509952252,0.1889763779527559,0.36220472440944884,0.42009880504113506,0.07815331424005767,0.5687394059097761,0.6244967807626236
2024-09-28T01:51:42.434075,interface,0.6062992125984252,0.3318026509952252,0.1889763779527559,0.36220472440944884,0.42009880504113506,0.07815331424005767,0.5687394059097761,0.6244967807626236
2024-09-28T01:51:42.489091,interface,0.5118110236220472,0.3318026509952252,0.1889763779527559,0.36220472440944884,0.42009880504113506,0.07815331424005767,0.5687394059097761,0.6244967807626236
2024-09-28T01:51:42.582426,interface,0.6062992125984252,0.3318026509952252,0.1889763779527559,0.36220472440944884,0.42009880504113506,0.07815331424005767,0.5687394059097761,0.6244967807626236
2024-09-28T01:51:42.656960,interface,0.5118110236220472,0.3318026509952252,0.1889763779527559,0.36220472440944884,0.42009880504113506,0.07815331424005767,0.5687394059097761,0.6244967807626236
2024-09-28T01:51:42.706084,interface,0.6062992125984252,0.3318026509952252,0.1889763779527559,0.36220472440944884,0.42009880504113506,0.07815331424005767,0.5687394059097761,0.6244967807626236
2024-09-28T01:51:42.757233,interface,0.6062992125984252,0.3318026509952252,0.1889763779527559,0.4094488188976378,0.42009880504113506,0.07815331424005767,0.5687394059097761,0.6244967807626236
2024-09-28T01:51:42.818165,interface,0.5118110236220472,0.3318026509952252,0.1889763779527559,0.4094488188976378,0.42009880504113506,0.07815331424005767,0.5687394059097761,0.6244967807626236
2024-09-28T01:51:42.910472,interface,0.6062992125984252,0.3318026509952252,0.1889763779527559,0.4094488188976378,0.42009880504113506,0.07815331424005767,0.5687394059097761,0.6244967807626236
2024-09-28T01:51:42.986154,interface,0.5118110236220472,0.3318026509952252,0.1889763779527559,0.4094488188976378,0.42009880504113506,0.07815331424005767,0.5687394059097761,0.6244967807626236
2024-09-28T01:51:43.094837,interface,0.6062992125984252,0.3318026509952252,0.1889763779527559,0.4094488188976378,0.42009880504113506,0.07815331424005767,0.5687394059097761,0.6244967807626236
2024-09-28T01:51:43.167143,interface,0.5118110236220472,0.3318026509952252,0.1889763779527559,0.4094488188976378,0.42009880504113506,0.07815331424005767,0.5687394059097761,0.6244967807626236
2024-09-28T01:51:43.230322,interface,0.6062992125984252,0.3318026509952252,0.1889763779527559,0.4094488188976378,0.42009880504113506,0.07815331424005767,0.5687394059097761,0.6244967807626236
2024-09-28T01:51:43.334067,interface,0.5118110236220472,0.3318026509952252,0.1889763779527559,0.4094488188976378,0.42009880504113506,0.07815331424005767,0.5687394059097761,0.6244967807626236
2024-09-28T01:51:43.390217,interface,0.6062992125984252,0.3318026509952252,0.1889763779527559,0.4094488188976378,0.42009880504113506,0.07815331424005767,0.5687394059097761,0.6244967807626236
2024-09-28T01:51:43.479156,interface,0.5118110236220472,0.3318026509952252,0.1889763779527559,0.4094488188976378,0.42009880504113506,0.07815331424005767,0.5687394059097761,0.6244967807626236
2024-09-28T01:51:43.534986,interface,0.5118110236220472,0.3318026509952252,0.1889763779527559,0.36220472440944884,0.42009880504113506,0.07815331424005767,0.5687394059097761,0.6244967807626236
2024-09-28T01:51:43.553801,interface,0.6062992125984252,0.3318026509952252,0.1889763779527559,0.36220472440944884,0.42009880504113506,0.07815331424005767,0.5687394059097761,0.6244967807626236
2024-09-28T01:51:43.657327,interface,0.5118110236220472,0.3318026509952252,0.1889763779527559,0.36220472440944884,0.42009880504113506,0.07815331424005767,0.5687394059097761,0.6244967807626236
2024-09-28T01:51:43.739152,interface,0.6062992125984252,0.3318026509952252,0.1889763779527559,0.36220472440944884,0.42009880504113506,0.07815331424005767,0.5687394059097761,0.6244967807626236
2024-09-28T01:51:43.819427,interface,0.5118110236220472,0.3318026509952252,0.1889763779527559,0.36220472440944884,0.42009880504113506,0.07815331424005767,0.5687394059097761,0.6244967807626236
2024-09-28T01:51:43.907090,interface,0.6062992125984252,0.3318026509952252,0.1889763779527559,0.36220472440944884,0.42009880504113506,0.07815331424005767,0.5687394059097761,0.6244967807626236
2024-09-28T01:51:43.992501,interface,0.5118110236220472,0.3318026509952252,0.1889763779527559,0.36220472440944884,0.42009880504113506,0.07815331424005767,0.5687394059097761,0.6244967807626236
2024-09-28T01:51:44.070057,interface,0.6062992125984252,0.3318026509952252,0.1889763779527559,0.36220472440944884,0.42009880504113506,0.07815331424005767,0.5687394059097761,0.6244967807626236
2024-09-28T01:51:44.134941,interface,0.5118110236220472,0.3318026509952252,0.1889763779527559,0.36220472440944884,0.42009880504113506,0.07815331424005767,0.5687394059097761,0.6244967807626236
2024-09-28T01:51:44.220572,interface,0.6062992125984252,0.3318026509952252,0.1889763779527559,0.36220472440944884,0.42009880504113506,0.07815331424005767,0.5687394059097761,0.6244967807626236
2024-09-28T01:51:44.296446,interface,0.5118110236220472,0.3318026509952252,0.1889763779527559,0.36220472440944884,0.42009880504113506,0.07815331424005767,0.5687394059097761,0.6244967807626236
2024-09-28T01:51:44.312659,interface,0.5118110236220472,0.3318026509952252,0.1889763779527559,0.4094488188976378,0.42009880504113506,0.07815331424005767,0.5687394059097761,0.6244967807626236
2024-09-28T01:51:44.351978,interface,0.6062992125984252,0.3318026509952252,0.1889763779527559,0.4094488188976378,0.42009880504113506,0.07815331424005767,0.5687394059097761,0.6244967807626236
2024-09-28T01:51:44.373800,interface,0.6062992125984252,0.3318026509952252,0.1889763779527559,0.4566929133858268,0.42009880504113506,0.07815331424005767,0.5687394059097761,0.6244967807626236
2024-09-28T01:51:44.482502,interface,0.5118110236220472,0.3318026509952252,0.1889763779527559,0.4566929133858268,0.42009880504113506,0.07815331424005767,0.5687394059097761,0.6244967807626236
2024-09-28T01:51:44.554829,interface,0.6062992125984252,0.3318026509952252,0.1889763779527559,0.4566929133858268,0.42009880504113506,0.07815331424005767,0.5687394059097761,0.6244967807626236
2024-09-28T01:51:44.663411,interface,0.5118110236220472,0.3318026509952252,0.1889763779527559,0.4566929133858268,0.42009880504113506,0.07815331424005767,0.5687394059097761,0.6244967807626236
2024-09-28T01:51:44.761265,interface,0.6062992125984252,0.3318026509952252,0.1889763779527559,0.4566929133858268,0.42009880504113506,0.07815331424005767,0.5687394059097761,0.6244967807626236
2024-09-28T01:51:44.832469,interface,0.5118110236220472,0.3318026509952252,0.1889763779527559,0.4566929133858268,0.42009880504113506,0.07815331424005767,0.5687394059097761,0.6244967807626236
2024-09-28T01:51:44.936062,interface,0.6062992125984252,0.3318026509952252,0.1889763779527559,0.4566929133858268,0.42009880504113506,0.07815331424005767,0.5687394059097761,0.6244967807626236
2024-09-28T01:51:45.000122,interface,0.5118110236220472,0.3318026509952252,0.1889763779527559,0.4566929133858268,0.42009880504113506,0.07815331424005767,0.5687394059097761,0.6244967807626236
2024-09-28T01:51:45.033913,interface,0.5118110236220472,0.3318026509952252,0.1889763779527559,0.4094488188976378,0.42009880504113506,0.07815331424005767,0.5687394059097761,0.6244967807626236
2024-09-28T01:51:45.087218,interface,0.6062992125984252,0.3318026509952252,0.1889763779527559,0.4094488188976378,0.42009880504113506,0.07815331424005767,0.5687394059097761,0.6244967807626236
2024-09-28T01:51:45.088391,interface,0.6062992125984252,0.3318026509952252,0.1889763779527559,0.36220472440944884,0.42009880504113506,0.07815331424005767,0.5687394059097761,0.6244967807626236
2024-09-28T01:51:45.161725,interface,0.5118110236220472,0.3318026509952252,0.1889763779527559,0.36220472440944884,0.42009880504113506,0.07815331424005767,0.5687394059097761,0.6244967807626236
2024-09-28T01:51:45.270392,interface,0.6062992125984252,0.3318026509952252,0.1889763779527559,0.36220472440944884,0.42009880504113506,0.07815331424005767,0.5687394059097761,0.6244967807626236
2024-09-28T01:51:45.358798,interface,0.5118110236220472,0.3318026509952252,0.1889763779527559,0.36220472440944884,0.42009880504113506,0.07815331424005767,0.5687394059097761,0.6244967807626236
2024-09-28T01:51:45.536173,interface,0.5118110236220472,0.3318026509952252,0.1889763779527559,0.36220472440944884,0.42009880504113506,0.07815331424005767,0.5687394059097761,0.6244967807626236
2024-09-28T01:51:45.570499,interface,0.6062992125984252,0.3318026509952252,0.1889763779527559,0.36220472440944884,0.42009880504113506,0.07815331424005767,0.5687394059097761,0.6244967807626236
2024-09-28T01:51:45.702572,interface,0.5118110236220472,0.3318026509952252,0.1889763779527559,0.36220472440944884,0.42009880504113506,0.07815331424005767,0.5687394059097761,0.6244967807626236
2024-09-28T01:51:45.790841,interface,0.6062992125984252,0.3318026509952252,0.1889763779527559,0.36220472440944884,0.42009880504113506,0.07815331424005767,0.5687394059097761,0.6244967807626236
2024-09-28T01:51:45.860838,interface,0.5118110236220472,0.3318026509952252,0.1889763779527559,0.36220472440944884,0.42009880504113506,0.07815331424005767,0.5687394059097761,0.6244967807626236
2024-09-28T01:51:45.942781,interface,0.6062992125984252,0.3318026509952252,0.1889763779527559,0.36220472440944884,0.42009880504113506,0.07815331424005767,0.5687394059097761,0.6244967807626236
2024-09-28T01:51:46.028829,interface,0.5118110236220472,0.3318026509952252,0.1889763779527559,0.36220472440944884,0.42009880504113506,0.07815331424005767,0.5687394059097761,0.6244967807626236
2024-09-28T01:51:46.142941,interface,0.6062992125984252,0.3318026509952252,0.1889763779527559,0.36220472440944884,0.42009880504113506,0.07815331424005767,0.5687394059097761,0.6244967807626236
2024-09-28T01:51:46.241298,interface,0.5118110236220472,0.3318026509952252,0.1889763779527559,0.36220472440944884,0.42009880504113506,0.07815331424005767,0.5687394059097761,0.6244967807626236
2024-09-28T01:51:46.333351,interface,0.6062992125984252,0.3318026509952252,0.1889763779527559,0.36220472440944884,0.42009880504113506,0.07815331424005767,0.5687394059097761,0.6244967807626236
2024-09-28T01:51:46.412623,interface,0.5118110236220472,0.3318026509952252,0.1889763779527559,0.36220472440944884,0.42009880504113506,0.07815331424005767,0.5687394059097761,0.6244967807626236
2024-09-28T01:51:46.530281,interface,0.6062992125984252,0.3318026509952252,0.1889763779527559,0.36220472440944884,0.42009880504113506,0.07815331424005767,0.5687394059097761,0.6244967807626236
2024-09-28T01:51:46.590385,interface,0.5118110236220472,0.3318026509952252,0.1889763779527559,0.36220472440944884,0.42009880504113506,0.07815331424005767,0.5687394059097761,0.6244967807626236
2024-09-28T01:51:46.693870,interface,0.6062992125984252,0.3318026509952252,0.1889763779527559,0.36220472440944884,0.42009880504113506,0.07815331424005767,0.5687394059097761,0.6244967807626236
2024-09-28T01:51:46.759673,interface,0.5118110236220472,0.3318026509952252,0.1889763779527559,0.36220472440944884,0.42009880504113506,0.07815331424005767,0.5687394059097761,0.6244967807626236
2024-09-28T01:51:46.856425,interface,0.6062992125984252,0.3318026509952252,0.1889763779527559,0.36220472440944884,0.42009880504113506,0.07815331424005767,0.5687394059097761,0.6244967807626236
2024-09-28T01:51:46.946929,interface,0.5118110236220472,0.3318026509952252,0.1889763779527559,0.36220472440944884,0.42009880504113506,0.07815331424005767,0.5687394059097761,0.6244967807626236
2024-09-28T01:51:47.043505,interface,0.6062992125984252,0.3318026509952252,0.1889763779527559,0.36220472440944884,0.42009880504113506,0.07815331424005767,0.5687394059097761,0.6244967807626236
2024-09-28T01:51:47.108883,interface,0.5118110236220472,0.3318026509952252,0.1889763779527559,0.36220472440944884,0.42009880504113506,0.07815331424005767,0.5687394059097761,0.6244967807626236
2024-09-28T01:51:47.235537,interface,0.6062992125984252,0.3318026509952252,0.1889763779527559,0.36220472440944884,0.42009880504113506,0.07815331424005767,0.5687394059097761,0.6244967807626236
2024-09-28T01:51:47.303505,interface,0.5118110236220472,0.3318026509952252,0.1889763779527559,0.36220472440944884,0.42009880504113506,0.07815331424005767,0.5687394059097761,0.6244967807626236
2024-09-28T01:51:47.361471,interface,0.5118110236220472,0.3318026509952252,0.1889763779527559,0.4094488188976378,0.42009880504113506,0.07815331424005767,0.5687394059097761,0.6244967807626236
2024-09-28T01:51:47.424329,interface,0.6062992125984252,0.3318026509952252,0.1889763779527559,0.4094488188976378,0.42009880504113506,0.07815331424005767,0.5687394059097761,0.6244967807626236
2024-09-28T01:51:47.510016,interface,0.5118110236220472,0.3318026509952252,0.1889763779527559,0.4094488188976378,0.42009880504113506,0.07815331424005767,0.5687394059097761,0.6244967807626236
2024-09-28T01:51:47.627374,interface,0.6062992125984252,0.3318026509952252,0.1889763779527559,0.4094488188976378,0.42009880504113506,0.07815331424005767,0.5687394059097761,0.6244967807626236
2024-09-28T01:51:47.706027,interface,0.5118110236220472,0.3318026509952252,0.1889763779527559,0.4094488188976378,0.42009880504113506,0.07815331424005767,0.5687394059097761,0.6244967807626236
2024-09-28T01:51:47.809515,interface,0.6062992125984252,0.3318026509952252,0.1889763779527559,0.4094488188976378,0.42009880504113506,0.07815331424005767,0.5687394059097761,0.6244967807626236
2024-09-28T01:51:47.888641,interface,0.5118110236220472,0.3318026509952252,0.1889763779527559,0.4094488188976378,0.42009880504113506,0.07815331424005767,0.5687394059097761,0.6244967807626236
2024-09-28T01:51:47.985595,interface,0.6062992125984252,0.3318026509952252,0.1889763779527559,0.4094488188976378,0.42009880504113506,0.07815331424005767,0.5687394059097761,0.6244967807626236
2024-09-28T01:51:48.058138,interface,0.5118110236220472,0.3318026509952252,0.1889763779527559,0.4094488188976378,0.42009880504113506,0.07815331424005767,0.5687394059097761,0.6244967807626236
2024-09-28T01:51:48.134173,interface,0.6062992125984252,0.3318026509952252,0.1889763779527559,0.4094488188976378,0.42009880504113506,0.07815331424005767,0.5687394059097761,0.6244967807626236
2024-09-28T01:51:48.224430,interface,0.5118110236220472,0.3318026509952252,0.1889763779527559,0.4094488188976378,0.42009880504113506,0.07815331424005767,0.5687394059097761,0.6244967807626236
2024-09-28T01:51:48.307040,interface,0.6062992125984252,0.3318026509952252,0.1889763779527559,0.4094488188976378,0.42009880504113506,0.07815331424005767,0.5687394059097761,0.6244967807626236
2024-09-28T01:51:48.386741,interface,0.5118110236220472,0.3318026509952252,0.1889763779527559,0.4094488188976378,0.42009880504113506,0.07815331424005767,0.5687394059097761,0.6244967807626236
2024-09-28T01:51:48.490212,interface,0.6062992125984252,0.3318026509952252,0.1889763779527559,0.4094488188976378,0.42009880504113506,0.07815331424005767,0.5687394059097761,0.6244967807626236
2024-09-28T01:51:48.593794,interface,0.5118110236220472,0.3318026509952252,0.1889763779527559,0.4094488188976378,0.42009880504113506,0.07815331424005767,0.5687394059097761,0.6244967807626236
2024-09-28T01:51:48.691515,interface,0.5118110236220472,0.3318026509952252,0.1889763779527559,0.4566929133858268,0.42009880504113506,0.07815331424005767,0.5687394059097761,0.6244967807626236
2024-09-28T01:51:48.705550,interface,0.6062992125984252,0.3318026509952252,0.1889763779527559,0.4566929133858268,0.42009880504113506,0.07815331424005767,0.5687394059097761,0.6244967807626236
2024-09-28T01:51:48.732628,interface,0.6062992125984252,0.3318026509952252,0.1889763779527559,0.5039370078740157,0.42009880504113506,0.07815331424005767,0.5687394059097761,0.6244967807626236
2024-09-28T01:51:48.773682,interface,0.6062992125984252,0.3318026509952252,0.1889763779527559,0.5433070866141733,0.42009880504113506,0.07815331424005767,0.5687394059097761,0.6244967807626236
2024-09-28T01:51:48.774807,interface,0.5118110236220472,0.3318026509952252,0.1889763779527559,0.5433070866141733,0.42009880504113506,0.07815331424005767,0.5687394059097761,0.6244967807626236
2024-09-28T01:51:48.900428,interface,0.6062992125984252,0.3318026509952252,0.1889763779527559,0.5433070866141733,0.42009880504113506,0.07815331424005767,0.5687394059097761,0.6244967807626236
2024-09-28T01:51:48.913043,interface,0.6062992125984252,0.3318026509952252,0.1889763779527559,0.5039370078740157,0.42009880504113506,0.07815331424005767,0.5687394059097761,0.6244967807626236
2024-09-28T01:51:48.937276,interface,0.6062992125984252,0.3318026509952252,0.1889763779527559,0.4566929133858268,0.42009880504113506,0.07815331424005767,0.5687394059097761,0.6244967807626236
2024-09-28T01:51:48.966536,interface,0.5118110236220472,0.3318026509952252,0.1889763779527559,0.4566929133858268,0.42009880504113506,0.07815331424005767,0.5687394059097761,0.6244967807626236
2024-09-28T01:51:49.097609,interface,0.6062992125984252,0.3318026509952252,0.1889763779527559,0.4566929133858268,0.42009880504113506,0.07815331424005767,0.5687394059097761,0.6244967807626236
2024-09-28T01:51:50.705193,interface,0.5118110236220472,0.3318026509952252,0.1889763779527559,0.4566929133858268,0.42009880504113506,0.07815331424005767,0.5687394059097761,0.6244967807626236
2024-09-28T01:51:50.849637,interface,0.5275590551181102,0.3318026509952252,0.1889763779527559,0.4566929133858268,0.42009880504113506,0.07815331424005767,0.5687394059097761,0.6244967807626236
2024-09-28T01:51:50.891834,interface,0.5433070866141733,0.3318026509952252,0.1889763779527559,0.4566929133858268,0.42009880504113506,0.07815331424005767,0.5687394059097761,0.6244967807626236
2024-09-28T01:51:50.924164,interface,0.5590551181102362,0.3318026509952252,0.1889763779527559,0.4566929133858268,0.42009880504113506,0.07815331424005767,0.5687394059097761,0.6244967807626236
2024-09-28T01:51:50.951968,interface,0.5669291338582677,0.3318026509952252,0.1889763779527559,0.4566929133858268,0.42009880504113506,0.07815331424005767,0.5687394059097761,0.6244967807626236
2024-09-28T01:51:50.977406,interface,0.5826771653543307,0.3318026509952252,0.1889763779527559,0.4566929133858268,0.42009880504113506,0.07815331424005767,0.5687394059097761,0.6244967807626236
2024-09-28T01:51:51.002167,interface,0.5984251968503937,0.3318026509952252,0.1889763779527559,0.4566929133858268,0.42009880504113506,0.07815331424005767,0.5687394059097761,0.6244967807626236
2024-09-28T01:51:51.026195,interface,0.6062992125984252,0.3318026509952252,0.1889763779527559,0.4566929133858268,0.42009880504113506,0.07815331424005767,0.5687394059097761,0.6244967807626236
2024-09-28T01:51:51.053626,interface,0.6220472440944882,0.3318026509952252,0.1889763779527559,0.4566929133858268,0.42009880504113506,0.07815331424005767,0.5687394059097761,0.6244967807626236
2024-09-28T01:51:51.091150,interface,0.6377952755905512,0.3318026509952252,0.1889763779527559,0.4566929133858268,0.42009880504113506,0.07815331424005767,0.5687394059097761,0.6244967807626236
2024-09-28T01:51:52.916696,interface,0.5905511811023622,0.3318026509952252,0.1889763779527559,0.4566929133858268,0.42009880504113506,0.07815331424005767,0.5687394059097761,0.6244967807626236
2024-09-28T01:51:53.008097,interface,0.5984251968503937,0.3318026509952252,0.1889763779527559,0.4566929133858268,0.42009880504113506,0.07815331424005767,0.5687394059097761,0.6244967807626236
2024-09-28T01:51:53.050595,interface,0.5905511811023622,0.3318026509952252,0.1889763779527559,0.4566929133858268,0.42009880504113506,0.07815331424005767,0.5687394059097761,0.6244967807626236
2024-09-28T01:51:53.092936,interface,0.6220472440944882,0.3318026509952252,0.1889763779527559,0.4566929133858268,0.42009880504113506,0.07815331424005767,0.5687394059097761,0.6244967807626236
2024-09-28T01:51:53.163089,interface,0.5984251968503937,0.3318026509952252,0.1889763779527559,0.4566929133858268,0.42009880504113506,0.07815331424005767,0.5687394059097761,0.6244967807626236
2024-09-28T01:51:53.204720,interface,0.5905511811023622,0.3318026509952252,0.1889763779527559,0.4566929133858268,0.42009880504113506,0.07815331424005767,0.5687394059097761,0.6244967807626236
2024-09-28T01:51:53.230963,interface,0.6220472440944882,0.3318026509952252,0.1889763779527559,0.4566929133858268,0.42009880504113506,0.07815331424005767,0.5687394059097761,0.6244967807626236
2024-09-28T01:51:53.277901,interface,0.5984251968503937,0.3318026509952252,0.1889763779527559,0.4566929133858268,0.42009880504113506,0.07815331424005767,0.5687394059097761,0.6244967807626236
2024-09-28T01:51:53.344862,interface,0.5905511811023622,0.3318026509952252,0.1889763779527559,0.4566929133858268,0.42009880504113506,0.07815331424005767,0.5687394059097761,0.6244967807626236
2024-09-28T01:51:53.363556,interface,0.6220472440944882,0.3318026509952252,0.1889763779527559,0.4566929133858268,0.42009880504113506,0.07815331424005767,0.5687394059097761,0.6244967807626236
2024-09-28T01:51:53.439995,interface,0.5984251968503937,0.3318026509952252,0.1889763779527559,0.4566929133858268,0.42009880504113506,0.07815331424005767,0.5687394059097761,0.6244967807626236
2024-09-28T01:51:53.492660,interface,0.5905511811023622,0.3318026509952252,0.1889763779527559,0.4566929133858268,0.42009880504113506,0.07815331424005767,0.5687394059097761,0.6244967807626236
2024-09-28T01:51:53.531489,interface,0.6220472440944882,0.3318026509952252,0.1889763779527559,0.4566929133858268,0.42009880504113506,0.07815331424005767,0.5687394059097761,0.6244967807626236
2024-09-28T01:51:53.593349,interface,0.5984251968503937,0.3318026509952252,0.1889763779527559,0.4566929133858268,0.42009880504113506,0.07815331424005767,0.5687394059097761,0.6244967807626236
2024-09-28T01:51:53.625150,interface,0.5905511811023622,0.3318026509952252,0.1889763779527559,0.4566929133858268,0.42009880504113506,0.07815331424005767,0.5687394059097761,0.6244967807626236
2024-09-28T01:51:53.654430,interface,0.6220472440944882,0.3318026509952252,0.1889763779527559,0.4566929133858268,0.42009880504113506,0.07815331424005767,0.5687394059097761,0.6244967807626236
2024-09-28T01:51:53.754281,interface,0.5826771653543307,0.3318026509952252,0.1889763779527559,0.4566929133858268,0.42009880504113506,0.07815331424005767,0.5687394059097761,0.6244967807626236
2024-09-28T01:51:53.828421,interface,0.6062992125984252,0.3318026509952252,0.1889763779527559,0.4566929133858268,0.42009880504113506,0.07815331424005767,0.5687394059097761,0.6244967807626236
2024-09-28T01:51:53.891778,interface,0.5826771653543307,0.3318026509952252,0.1889763779527559,0.4566929133858268,0.42009880504113506,0.07815331424005767,0.5687394059097761,0.6244967807626236
2024-09-28T01:51:53.903450,interface,0.5905511811023622,0.3318026509952252,0.1889763779527559,0.4566929133858268,0.42009880504113506,0.07815331424005767,0.5687394059097761,0.6244967807626236
2024-09-28T01:51:54.021429,interface,0.5826771653543307,0.3318026509952252,0.1889763779527559,0.4566929133858268,0.42009880504113506,0.07815331424005767,0.5687394059097761,0.6244967807626236
2024-09-28T01:51:54.094956,interface,0.5590551181102362,0.3318026509952252,0.1889763779527559,0.4566929133858268,0.42009880504113506,0.07815331424005767,0.5687394059097761,0.6244967807626236
2024-09-28T01:51:54.175827,interface,0.5433070866141733,0.3318026509952252,0.1889763779527559,0.4566929133858268,0.42009880504113506,0.07815331424005767,0.5687394059097761,0.6244967807626236
2024-09-28T01:51:54.176962,interface,0.5511811023622047,0.3318026509952252,0.1889763779527559,0.4566929133858268,0.42009880504113506,0.07815331424005767,0.5687394059097761,0.6244967807626236
2024-09-28T01:51:54.234689,interface,0.5433070866141733,0.3318026509952252,0.1889763779527559,0.4566929133858268,0.42009880504113506,0.07815331424005767,0.5687394059097761,0.6244967807626236
2024-09-28T01:51:54.245342,interface,0.5118110236220472,0.3318026509952252,0.1889763779527559,0.4566929133858268,0.42009880504113506,0.07815331424005767,0.5687394059097761,0.6244967807626236
2024-09-28T01:51:54.270559,interface,0.5354330708661418,0.3318026509952252,0.1889763779527559,0.4566929133858268,0.42009880504113506,0.07815331424005767,0.5687394059097761,0.6244967807626236
2024-09-28T01:51:54.325249,interface,0.5118110236220472,0.3318026509952252,0.1889763779527559,0.4566929133858268,0.42009880504113506,0.07815331424005767,0.5687394059097761,0.6244967807626236
2024-09-28T01:51:54.326401,interface,0.4881889763779528,0.3318026509952252,0.1889763779527559,0.4566929133858268,0.42009880504113506,0.07815331424005767,0.5687394059097761,0.6244967807626236
2024-09-28T01:51:54.349421,interface,0.5039370078740157,0.3318026509952252,0.1889763779527559,0.4566929133858268,0.42009880504113506,0.07815331424005767,0.5687394059097761,0.6244967807626236
2024-09-28T01:51:54.389160,interface,0.49606299212598426,0.3318026509952252,0.1889763779527559,0.4566929133858268,0.42009880504113506,0.07815331424005767,0.5687394059097761,0.6244967807626236
2024-09-28T01:51:54.390510,interface,0.47244094488188976,0.3318026509952252,0.1889763779527559,0.4566929133858268,0.42009880504113506,0.07815331424005767,0.5687394059097761,0.6244967807626236
2024-09-28T01:51:54.391640,interface,0.48031496062992124,0.3318026509952252,0.1889763779527559,0.4566929133858268,0.42009880504113506,0.07815331424005767,0.5687394059097761,0.6244967807626236
2024-09-28T01:51:54.411070,interface,0.4881889763779528,0.3318026509952252,0.1889763779527559,0.4566929133858268,0.42009880504113506,0.07815331424005767,0.5687394059097761,0.6244967807626236
2024-09-28T01:51:54.444949,interface,0.48031496062992124,0.3318026509952252,0.1889763779527559,0.4566929133858268,0.42009880504113506,0.07815331424005767,0.5687394059097761,0.6244967807626236
2024-09-28T01:51:55.471521,interface,0.4881889763779528,0.3318026509952252,0.1889763779527559,0.4566929133858268,0.42009880504113506,0.07815331424005767,0.5687394059097761,0.6244967807626236
2024-09-28T01:51:55.518049,interface,0.5039370078740157,0.3318026509952252,0.1889763779527559,0.4566929133858268,0.42009880504113506,0.07815331424005767,0.5687394059097761,0.6244967807626236
2024-09-28T01:51:55.552012,interface,0.5118110236220472,0.3318026509952252,0.1889763779527559,0.4566929133858268,0.42009880504113506,0.07815331424005767,0.5687394059097761,0.6244967807626236
2024-09-28T01:51:55.577995,interface,0.5275590551181102,0.3318026509952252,0.1889763779527559,0.4566929133858268,0.42009880504113506,0.07815331424005767,0.5687394059097761,0.6244967807626236
2024-09-28T01:51:55.599033,interface,0.5433070866141733,0.3318026509952252,0.1889763779527559,0.4566929133858268,0.42009880504113506,0.07815331424005767,0.5687394059097761,0.6244967807626236
2024-09-28T01:51:55.618972,interface,0.5590551181102362,0.3318026509952252,0.1889763779527559,0.4566929133858268,0.42009880504113506,0.07815331424005767,0.5687394059097761,0.6244967807626236
2024-09-28T01:51:55.634998,interface,0.5669291338582677,0.3318026509952252,0.1889763779527559,0.4566929133858268,0.42009880504113506,0.07815331424005767,0.5687394059097761,0.6244967807626236
2024-09-28T01:51:55.648603,interface,0.5826771653543307,0.3318026509952252,0.1889763779527559,0.4566929133858268,0.42009880504113506,0.07815331424005767,0.5687394059097761,0.6244967807626236
2024-09-28T01:51:55.658203,interface,0.5984251968503937,0.3318026509952252,0.1889763779527559,0.4566929133858268,0.42009880504113506,0.07815331424005767,0.5687394059097761,0.6244967807626236
2024-09-28T01:51:55.678046,interface,0.6062992125984252,0.3318026509952252,0.1889763779527559,0.4566929133858268,0.42009880504113506,0.07815331424005767,0.5687394059097761,0.6244967807626236
2024-09-28T01:51:55.687793,interface,0.6220472440944882,0.3318026509952252,0.1889763779527559,0.4566929133858268,0.42009880504113506,0.07815331424005767,0.5687394059097761,0.6244967807626236
2024-09-28T01:51:55.702505,interface,0.6377952755905512,0.3318026509952252,0.1889763779527559,0.4566929133858268,0.42009880504113506,0.07815331424005767,0.5687394059097761,0.6244967807626236
2024-09-28T01:51:55.716991,interface,0.6535433070866141,0.3318026509952252,0.1889763779527559,0.4566929133858268,0.42009880504113506,0.07815331424005767,0.5687394059097761,0.6244967807626236
2024-09-28T01:51:55.793917,interface,0.6377952755905512,0.3318026509952252,0.1889763779527559,0.4566929133858268,0.42009880504113506,0.07815331424005767,0.5687394059097761,0.6244967807626236
2024-09-28T01:51:55.819574,interface,0.6220472440944882,0.3318026509952252,0.1889763779527559,0.4566929133858268,0.42009880504113506,0.07815331424005767,0.5687394059097761,0.6244967807626236
2024-09-28T01:51:55.923181,interface,0.6377952755905512,0.3318026509952252,0.1889763779527559,0.4566929133858268,0.42009880504113506,0.07815331424005767,0.5687394059097761,0.6244967807626236
2024-09-28T01:51:57.076171,interface,0.6377952755905512,0.3318026509952252,0.1889763779527559,0.4566929133858268,0.42009880504113506,0.07815331424005767,0.5687394059097761,0.015748031496062992
2024-09-28T01:51:57.276514,interface,0.6377952755905512,0.3318026509952252,0.1889763779527559,0.4566929133858268,0.42009880504113506,0.07815331424005767,0.5687394059097761,0.007874015748031496
2024-09-28T01:52:23.212447,interface,0.5984251968503937,0.3318026509952252,0.1889763779527559,0.4566929133858268,0.42009880504113506,0.07815331424005767,0.5687394059097761,0.007874015748031496
2024-09-28T01:52:23.257067,interface,0.5905511811023622,0.3318026509952252,0.1889763779527559,0.4566929133858268,0.42009880504113506,0.07815331424005767,0.5687394059097761,0.007874015748031496
2024-09-28T01:52:23.335057,interface,0.5826771653543307,0.3318026509952252,0.1889763779527559,0.4566929133858268,0.42009880504113506,0.07815331424005767,0.5687394059097761,0.007874015748031496
2024-09-28T01:52:24.080044,interface,0.5039370078740157,0.3318026509952252,0.1889763779527559,0.4566929133858268,0.42009880504113506,0.07815331424005767,0.5687394059097761,0.007874015748031496
2024-09-28T01:52:24.132709,interface,0.49606299212598426,0.3318026509952252,0.1889763779527559,0.4566929133858268,0.42009880504113506,0.07815331424005767,0.5687394059097761,0.007874015748031496
2024-09-28T01:52:24.191701,interface,0.4881889763779528,0.3318026509952252,0.1889763779527559,0.4566929133858268,0.42009880504113506,0.07815331424005767,0.5687394059097761,0.007874015748031496
2024-09-28T01:52:25.679442,interface,0.5590551181102362,0.3318026509952252,0.1889763779527559,0.4566929133858268,0.42009880504113506,0.07815331424005767,0.5687394059097761,0.007874015748031496
2024-09-28T01:52:25.790743,interface,0.5433070866141733,0.3318026509952252,0.1889763779527559,0.4566929133858268,0.42009880504113506,0.07815331424005767,0.5687394059097761,0.007874015748031496
2024-09-28T01:52:26.700397,interface,0.5354330708661418,0.3318026509952252,0.1889763779527559,0.4566929133858268,0.42009880504113506,0.07815331424005767,0.5687394059097761,0.007874015748031496
2024-09-28T01:52:26.769148,interface,0.5275590551181102,0.3318026509952252,0.1889763779527559,0.4566929133858268,0.42009880504113506,0.07815331424005767,0.5687394059097761,0.007874015748031496
2024-09-28T01:52:26.842249,interface,0.5196850393700787,0.3318026509952252,0.1889763779527559,0.4566929133858268,0.42009880504113506,0.07815331424005767,0.5687394059097761,0.007874015748031496
2024-09-28T01:52:26.941140,interface,0.5118110236220472,0.3318026509952252,0.1889763779527559,0.4566929133858268,0.42009880504113506,0.07815331424005767,0.5687394059097761,0.007874015748031496
2024-09-28T01:52:27.004392,interface,0.5039370078740157,0.3318026509952252,0.1889763779527559,0.4566929133858268,0.42009880504113506,0.07815331424005767,0.5687394059097761,0.007874015748031496
2024-09-28T01:52:27.852239,interface,0.4881889763779528,0.3318026509952252,0.1889763779527559,0.4566929133858268,0.42009880504113506,0.07815331424005767,0.5687394059097761,0.007874015748031496
2024-09-28T01:52:27.995215,interface,0.4881889763779528,0.3318026509952252,0.1889763779527559,0.4566929133858268,0.42009880504113506,0.07815331424005767,0.5687394059097761,0.007874015748031496
2024-09-28T01:52:28.792466,interface,0.5354330708661418,0.3318026509952252,0.1889763779527559,0.4566929133858268,0.42009880504113506,0.07815331424005767,0.5687394059097761,0.007874015748031496
2024-09-28T01:52:28.891761,interface,0.5905511811023622,0.3318026509952252,0.1889763779527559,0.4566929133858268,0.42009880504113506,0.07815331424005767,0.5687394059097761,0.007874015748031496
2024-09-28T01:52:29.732347,interface,0.6299212598425197,0.3318026509952252,0.1889763779527559,0.4566929133858268,0.42009880504113506,0.07815331424005767,0.5687394059097761,0.007874015748031496
2024-09-28T01:52:30.833552,interface,0.6614173228346457,0.3318026509952252,0.1889763779527559,0.4566929133858268,0.42009880504113506,0.07815331424005767,0.5687394059097761,0.007874015748031496
2024-09-28T01:52:46.132029,interface,0.6614173228346457,0.3318026509952252,0.1889763779527559,0.4566929133858268,0.42009880504113506,0.0,0.5687394059097761,0.007874015748031496
2024-09-28T01:52:48.833176,interface,0.6614173228346457,0.3318026509952252,0.1889763779527559,0.4566929133858268,0.4251968503937008,0.0,0.5687394059097761,0.007874015748031496
2024-09-28T01:52:49.078480,interface,0.6614173228346457,0.3318026509952252,0.1889763779527559,0.4566929133858268,0.4330708661417323,0.0,0.5687394059097761,0.007874015748031496
2024-09-28T01:52:49.365467,interface,0.6614173228346457,0.3318026509952252,0.1889763779527559,0.4566929133858268,0.4409448818897638,0.0,0.5687394059097761,0.007874015748031496
2024-09-28T01:52:49.530095,interface,0.6614173228346457,0.3318026509952252,0.1889763779527559,0.4566929133858268,0.5354330708661418,0.0,0.5687394059097761,0.007874015748031496
2024-09-28T01:52:49.671870,interface,0.6614173228346457,0.3318026509952252,0.1889763779527559,0.4566929133858268,0.4645669291338583,0.0,0.5687394059097761,0.007874015748031496
2024-09-28T01:52:49.753780,interface,0.6614173228346457,0.3318026509952252,0.1889763779527559,0.4566929133858268,0.4881889763779528,0.0,0.5687394059097761,0.007874015748031496
2024-09-28T01:52:49.835760,interface,0.6614173228346457,0.3318026509952252,0.1889763779527559,0.4566929133858268,0.5118110236220472,0.0,0.5687394059097761,0.007874015748031496
2024-09-28T01:52:49.876648,interface,0.6614173228346457,0.3318026509952252,0.1889763779527559,0.4566929133858268,0.5354330708661418,0.0,0.5687394059097761,0.007874015748031496
2024-09-28T01:52:49.958364,interface,0.6614173228346457,0.3318026509952252,0.1889763779527559,0.4566929133858268,0.5590551181102362,0.0,0.5687394059097761,0.007874015748031496
2024-09-28T01:52:50.062159,interface,0.6614173228346457,0.3318026509952252,0.1889763779527559,0.4566929133858268,0.5826771653543307,0.0,0.5687394059097761,0.007874015748031496
2024-09-28T01:52:50.163091,interface,0.6614173228346457,0.3318026509952252,0.1889763779527559,0.4566929133858268,0.6062992125984252,0.0,0.5687394059097761,0.007874015748031496
2024-09-28T01:52:50.266634,interface,0.6614173228346457,0.3318026509952252,0.1889763779527559,0.4566929133858268,0.6299212598425197,0.0,0.5687394059097761,0.007874015748031496
2024-09-28T01:52:50.388058,interface,0.6614173228346457,0.3318026509952252,0.1889763779527559,0.4566929133858268,0.6535433070866141,0.0,0.5687394059097761,0.007874015748031496
2024-09-28T01:52:50.531438,interface,0.6614173228346457,0.3318026509952252,0.1889763779527559,0.4566929133858268,0.6771653543307087,0.0,0.5687394059097761,0.007874015748031496
2024-09-28T01:52:50.674560,interface,0.6614173228346457,0.3318026509952252,0.1889763779527559,0.4566929133858268,0.7007874015748031,0.0,0.5687394059097761,0.007874015748031496
2024-09-28T01:52:50.879252,interface,0.6614173228346457,0.3318026509952252,0.1889763779527559,0.4566929133858268,0.7244094488188977,0.0,0.5687394059097761,0.007874015748031496
2024-09-28T01:53:29.267453,interface,0.6614173228346457,0.3318026509952252,0.1889763779527559,0.4566929133858268,0.7244094488188977,0.0,0.5687394059097761,0.015748031496062992
2024-09-28T01:53:29.619847,interface,0.6614173228346457,0.3318026509952252,0.1889763779527559,0.4566929133858268,0.7244094488188977,0.0,0.5687394059097761,0.007874015748031496
2024-09-28T01:53:30.541090,interface,0.6614173228346457,0.3318026509952252,0.1889763779527559,0.4566929133858268,0.7244094488188977,0.0,0.5687394059097761,1.0
2024-09-28T01:53:30.542220,interface,0.6614173228346457,0.3318026509952252,0.1889763779527559,0.4566929133858268,0.7244094488188977,0.0,0.5687394059097761,0.9921259842519685
2024-09-28T01:53:30.553040,interface,0.6614173228346457,0.3318026509952252,0.1889763779527559,0.4566929133858268,0.7244094488188977,0.0,0.5687394059097761,0.984251968503937
2024-09-28T01:53:30.556573,interface,0.6614173228346457,0.3318026509952252,0.1889763779527559,0.4566929133858268,0.7244094488188977,0.0,0.5687394059097761,0.9763779527559056
2024-09-28T01:53:30.569035,interface,0.6614173228346457,0.3318026509952252,0.1889763779527559,0.4566929133858268,0.7244094488188977,0.0,0.5687394059097761,0.968503937007874
2024-09-28T01:53:30.572460,interface,0.6614173228346457,0.3318026509952252,0.1889763779527559,0.4566929133858268,0.7244094488188977,0.0,0.5687394059097761,0.9606299212598425
2024-09-28T01:53:30.585041,interface,0.6614173228346457,0.3318026509952252,0.1889763779527559,0.4566929133858268,0.7244094488188977,0.0,0.5687394059097761,0.952755905511811
2024-09-28T01:53:30.597071,interface,0.6614173228346457,0.3318026509952252,0.1889763779527559,0.4566929133858268,0.7244094488188977,0.0,0.5687394059097761,0.9448818897637795
2024-09-28T01:53:30.600539,interface,0.6614173228346457,0.3318026509952252,0.1889763779527559,0.4566929133858268,0.7244094488188977,0.0,0.5687394059097761,0.937007874015748
2024-09-28T01:53:30.613037,interface,0.6614173228346457,0.3318026509952252,0.1889763779527559,0.4566929133858268,0.7244094488188977,0.0,0.5687394059097761,0.9291338582677166
2024-09-28T01:53:30.625043,interface,0.6614173228346457,0.3318026509952252,0.1889763779527559,0.4566929133858268,0.7244094488188977,0.0,0.5687394059097761,0.9212598425196851
2024-09-28T01:53:30.628482,interface,0.6614173228346457,0.3318026509952252,0.1889763779527559,0.4566929133858268,0.7244094488188977,0.0,0.5687394059097761,0.9133858267716536
2024-09-28T01:53:30.641653,interface,0.6614173228346457,0.3318026509952252,0.1889763779527559,0.4566929133858268,0.7244094488188977,0.0,0.5687394059097761,0.905511811023622
2024-09-28T01:53:30.642791,interface,0.6614173228346457,0.3318026509952252,0.1889763779527559,0.4566929133858268,0.7244094488188977,0.0,0.5687394059097761,0.8976377952755905
2024-09-28T01:53:30.661033,interface,0.6614173228346457,0.3318026509952252,0.1889763779527559,0.4566929133858268,0.7244094488188977,0.0,0.5687394059097761,0.889763779527559
2024-09-28T01:53:30.669448,interface,0.6614173228346457,0.3318026509952252,0.1889763779527559,0.4566929133858268,0.7244094488188977,0.0,0.5687394059097761,0.8818897637795275
2024-09-28T01:53:30.672838,interface,0.6614173228346457,0.3318026509952252,0.1889763779527559,0.4566929133858268,0.7244094488188977,0.0,0.5687394059097761,0.8740157480314961
2024-09-28T01:53:30.685104,interface,0.6614173228346457,0.3318026509952252,0.1889763779527559,0.4566929133858268,0.7244094488188977,0.0,0.5687394059097761,0.8661417322834646
2024-09-28T01:53:30.694648,interface,0.6614173228346457,0.3318026509952252,0.1889763779527559,0.4566929133858268,0.7244094488188977,0.0,0.5687394059097761,0.8582677165354331
2024-09-28T01:53:30.697929,interface,0.6614173228346457,0.3318026509952252,0.1889763779527559,0.4566929133858268,0.7244094488188977,0.0,0.5687394059097761,0.8503937007874016
2024-09-28T01:53:30.709110,interface,0.6614173228346457,0.3318026509952252,0.1889763779527559,0.4566929133858268,0.7244094488188977,0.0,0.5687394059097761,0.84251968503937
2024-09-28T01:53:30.720533,interface,0.6614173228346457,0.3318026509952252,0.1889763779527559,0.4566929133858268,0.7244094488188977,0.0,0.5687394059097761,0.8346456692913385
2024-09-28T01:53:30.721659,interface,0.6614173228346457,0.3318026509952252,0.1889763779527559,0.4566929133858268,0.7244094488188977,0.0,0.5687394059097761,0.8267716535433071
2024-09-28T01:53:30.734782,interface,0.6614173228346457,0.3318026509952252,0.1889763779527559,0.4566929133858268,0.7244094488188977,0.0,0.5687394059097761,0.8188976377952756
2024-09-28T01:53:30.735954,interface,0.6614173228346457,0.3318026509952252,0.1889763779527559,0.4566929133858268,0.7244094488188977,0.0,0.5687394059097761,0.8110236220472441
2024-09-28T01:53:30.749692,interface,0.6614173228346457,0.3318026509952252,0.1889763779527559,0.4566929133858268,0.7244094488188977,0.0,0.5687394059097761,0.8031496062992126
2024-09-28T01:53:30.753096,interface,0.6614173228346457,0.3318026509952252,0.1889763779527559,0.4566929133858268,0.7244094488188977,0.0,0.5687394059097761,0.7952755905511811
2024-09-28T01:53:30.769257,interface,0.6614173228346457,0.3318026509952252,0.1889763779527559,0.4566929133858268,0.7244094488188977,0.0,0.5687394059097761,0.7874015748031497
2024-09-28T01:53:30.772646,interface,0.6614173228346457,0.3318026509952252,0.1889763779527559,0.4566929133858268,0.7244094488188977,0.0,0.5687394059097761,0.7795275590551181
2024-09-28T01:53:30.785303,interface,0.6614173228346457,0.3318026509952252,0.1889763779527559,0.4566929133858268,0.7244094488188977,0.0,0.5687394059097761,0.7716535433070866
2024-09-28T01:53:30.801293,interface,0.6614173228346457,0.3318026509952252,0.1889763779527559,0.4566929133858268,0.7244094488188977,0.0,0.5687394059097761,0.7637795275590551
2024-09-28T01:53:30.813244,interface,0.6614173228346457,0.3318026509952252,0.1889763779527559,0.4566929133858268,0.7244094488188977,0.0,0.5687394059097761,0.7559055118110236
2024-09-28T01:53:30.821710,interface,0.6614173228346457,0.3318026509952252,0.1889763779527559,0.4566929133858268,0.7244094488188977,0.0,0.5687394059097761,0.7480314960629921
2024-09-28T01:53:30.837251,interface,0.6614173228346457,0.3318026509952252,0.1889763779527559,0.4566929133858268,0.7244094488188977,0.0,0.5687394059097761,0.7401574803149606
2024-09-28T01:53:30.840650,interface,0.6614173228346457,0.3318026509952252,0.1889763779527559,0.4566929133858268,0.7244094488188977,0.0,0.5687394059097761,0.7322834645669292
2024-09-28T01:53:30.861292,interface,0.6614173228346457,0.3318026509952252,0.1889763779527559,0.4566929133858268,0.7244094488188977,0.0,0.5687394059097761,0.7244094488188977
2024-09-28T01:53:30.877346,interface,0.6614173228346457,0.3318026509952252,0.1889763779527559,0.4566929133858268,0.7244094488188977,0.0,0.5687394059097761,0.7165354330708661
2024-09-28T01:53:30.880732,interface,0.6614173228346457,0.3318026509952252,0.1889763779527559,0.4566929133858268,0.7244094488188977,0.0,0.5687394059097761,0.7086614173228346
2024-09-28T01:53:30.901467,interface,0.6614173228346457,0.3318026509952252,0.1889763779527559,0.4566929133858268,0.7244094488188977,0.0,0.5687394059097761,0.7007874015748031
2024-09-28T01:53:30.904840,interface,0.6614173228346457,0.3318026509952252,0.1889763779527559,0.4566929133858268,0.7244094488188977,0.0,0.5687394059097761,0.6929133858267716
2024-09-28T01:53:30.925478,interface,0.6614173228346457,0.3318026509952252,0.1889763779527559,0.4566929133858268,0.7244094488188977,0.0,0.5687394059097761,0.6850393700787402
2024-09-28T01:53:30.944834,interface,0.6614173228346457,0.3318026509952252,0.1889763779527559,0.4566929133858268,0.7244094488188977,0.0,0.5687394059097761,0.6771653543307087
2024-09-28T01:53:30.958066,interface,0.6614173228346457,0.3318026509952252,0.1889763779527559,0.4566929133858268,0.7244094488188977,0.0,0.5687394059097761,0.6692913385826772
2024-09-28T01:53:30.959197,interface,0.6614173228346457,0.3318026509952252,0.1889763779527559,0.4566929133858268,0.7244094488188977,0.0,0.5687394059097761,0.6614173228346457
2024-09-28T01:53:30.977508,interface,0.6614173228346457,0.3318026509952252,0.1889763779527559,0.4566929133858268,0.7244094488188977,0.0,0.5687394059097761,0.6535433070866141
2024-09-28T01:53:30.980846,interface,0.6614173228346457,0.3318026509952252,0.1889763779527559,0.4566929133858268,0.7244094488188977,0.0,0.5687394059097761,0.6456692913385826
2024-09-28T01:53:30.997489,interface,0.6614173228346457,0.3318026509952252,0.1889763779527559,0.4566929133858268,0.7244094488188977,0.0,0.5687394059097761,0.6377952755905512
2024-09-28T01:53:31.000891,interface,0.6614173228346457,0.3318026509952252,0.1889763779527559,0.4566929133858268,0.7244094488188977,0.0,0.5687394059097761,0.6299212598425197
2024-09-28T01:53:31.021505,interface,0.6614173228346457,0.3318026509952252,0.1889763779527559,0.4566929133858268,0.7244094488188977,0.0,0.5687394059097761,0.6220472440944882
2024-09-28T01:53:31.024888,interface,0.6614173228346457,0.3318026509952252,0.1889763779527559,0.4566929133858268,0.7244094488188977,0.0,0.5687394059097761,0.6141732283464567
2024-09-28T01:53:31.041593,interface,0.6614173228346457,0.3318026509952252,0.1889763779527559,0.4566929133858268,0.7244094488188977,0.0,0.5687394059097761,0.6062992125984252
2024-09-28T01:53:31.044974,interface,0.6614173228346457,0.3318026509952252,0.1889763779527559,0.4566929133858268,0.7244094488188977,0.0,0.5687394059097761,0.5984251968503937
2024-09-28T01:53:31.065521,interface,0.6614173228346457,0.3318026509952252,0.1889763779527559,0.4566929133858268,0.7244094488188977,0.0,0.5687394059097761,0.5905511811023622
2024-09-28T01:53:31.089645,interface,0.6614173228346457,0.3318026509952252,0.1889763779527559,0.4566929133858268,0.7244094488188977,0.0,0.5687394059097761,0.5826771653543307
2024-09-28T01:53:31.105691,interface,0.6614173228346457,0.3318026509952252,0.1889763779527559,0.4566929133858268,0.7244094488188977,0.0,0.5687394059097761,0.5748031496062992
2024-09-28T01:53:31.121676,interface,0.6614173228346457,0.3318026509952252,0.1889763779527559,0.4566929133858268,0.7244094488188977,0.0,0.5687394059097761,0.5669291338582677
2024-09-28T01:53:31.137687,interface,0.6614173228346457,0.3318026509952252,0.1889763779527559,0.4566929133858268,0.7244094488188977,0.0,0.5687394059097761,0.5590551181102362
2024-09-28T01:53:31.141105,interface,0.6614173228346457,0.3318026509952252,0.1889763779527559,0.4566929133858268,0.7244094488188977,0.0,0.5687394059097761,0.5511811023622047
2024-09-28T01:53:31.161712,interface,0.6614173228346457,0.3318026509952252,0.1889763779527559,0.4566929133858268,0.7244094488188977,0.0,0.5687394059097761,0.5433070866141733
2024-09-28T01:53:31.177686,interface,0.6614173228346457,0.3318026509952252,0.1889763779527559,0.4566929133858268,0.7244094488188977,0.0,0.5687394059097761,0.5354330708661418
2024-09-28T01:53:31.189705,interface,0.6614173228346457,0.3318026509952252,0.1889763779527559,0.4566929133858268,0.7244094488188977,0.0,0.5687394059097761,0.5275590551181102
2024-09-28T01:53:31.205699,interface,0.6614173228346457,0.3318026509952252,0.1889763779527559,0.4566929133858268,0.7244094488188977,0.0,0.5687394059097761,0.5196850393700787
2024-09-28T01:53:31.221735,interface,0.6614173228346457,0.3318026509952252,0.1889763779527559,0.4566929133858268,0.7244094488188977,0.0,0.5687394059097761,0.5118110236220472
2024-09-28T01:53:31.225104,interface,0.6614173228346457,0.3318026509952252,0.1889763779527559,0.4566929133858268,0.7244094488188977,0.0,0.5687394059097761,0.5039370078740157
2024-09-28T01:53:31.253854,interface,0.6614173228346457,0.3318026509952252,0.1889763779527559,0.4566929133858268,0.7244094488188977,0.0,0.5687394059097761,0.49606299212598426
2024-09-28T01:53:31.269871,interface,0.6614173228346457,0.3318026509952252,0.1889763779527559,0.4566929133858268,0.7244094488188977,0.0,0.5687394059097761,0.4881889763779528
2024-09-28T01:53:31.297927,interface,0.6614173228346457,0.3318026509952252,0.1889763779527559,0.4566929133858268,0.7244094488188977,0.0,0.5687394059097761,0.48031496062992124
2024-09-28T01:53:31.313914,interface,0.6614173228346457,0.3318026509952252,0.1889763779527559,0.4566929133858268,0.7244094488188977,0.0,0.5687394059097761,0.47244094488188976
2024-09-28T01:53:31.329903,interface,0.6614173228346457,0.3318026509952252,0.1889763779527559,0.4566929133858268,0.7244094488188977,0.0,0.5687394059097761,0.4645669291338583
2024-09-28T01:53:31.357904,interface,0.6614173228346457,0.3318026509952252,0.1889763779527559,0.4566929133858268,0.7244094488188977,0.0,0.5687394059097761,0.4566929133858268
2024-09-28T01:53:31.373903,interface,0.6614173228346457,0.3318026509952252,0.1889763779527559,0.4566929133858268,0.7244094488188977,0.0,0.5687394059097761,0.44881889763779526
2024-09-28T01:53:31.389938,interface,0.6614173228346457,0.3318026509952252,0.1889763779527559,0.4566929133858268,0.7244094488188977,0.0,0.5687394059097761,0.4409448818897638
2024-09-28T01:53:31.405937,interface,0.6614173228346457,0.3318026509952252,0.1889763779527559,0.4566929133858268,0.7244094488188977,0.0,0.5687394059097761,0.4330708661417323
2024-09-28T01:53:31.421950,interface,0.6614173228346457,0.3318026509952252,0.1889763779527559,0.4566929133858268,0.7244094488188977,0.0,0.5687394059097761,0.4251968503937008
2024-09-28T01:53:31.430459,interface,0.6614173228346457,0.3318026509952252,0.1889763779527559,0.4566929133858268,0.7244094488188977,0.0,0.5687394059097761,0.41732283464566927
2024-09-28T01:53:31.446032,interface,0.6614173228346457,0.3318026509952252,0.1889763779527559,0.4566929133858268,0.7244094488188977,0.0,0.5687394059097761,0.4094488188976378
2024-09-28T01:53:31.462126,interface,0.6614173228346457,0.3318026509952252,0.1889763779527559,0.4566929133858268,0.7244094488188977,0.0,0.5687394059097761,0.4015748031496063
2024-09-28T01:53:31.465548,interface,0.6614173228346457,0.3318026509952252,0.1889763779527559,0.4566929133858268,0.7244094488188977,0.0,0.5687394059097761,0.3937007874015748
2024-09-28T01:53:31.482091,interface,0.6614173228346457,0.3318026509952252,0.1889763779527559,0.4566929133858268,0.7244094488188977,0.0,0.5687394059097761,0.3858267716535433
2024-09-28T01:53:31.494183,interface,0.6614173228346457,0.3318026509952252,0.1889763779527559,0.4566929133858268,0.7244094488188977,0.0,0.5687394059097761,0.3779527559055118
2024-09-28T01:53:31.510153,interface,0.6614173228346457,0.3318026509952252,0.1889763779527559,0.4566929133858268,0.7244094488188977,0.0,0.5687394059097761,0.3700787401574803
2024-09-28T01:53:31.526122,interface,0.6614173228346457,0.3318026509952252,0.1889763779527559,0.4566929133858268,0.7244094488188977,0.0,0.5687394059097761,0.36220472440944884
2024-09-28T01:53:31.554187,interface,0.6614173228346457,0.3318026509952252,0.1889763779527559,0.4566929133858268,0.7244094488188977,0.0,0.5687394059097761,0.3543307086614173
2024-09-28T01:53:31.694920,interface,0.6614173228346457,0.3318026509952252,0.1889763779527559,0.4566929133858268,0.7244094488188977,0.0,0.5687394059097761,0.3464566929133858
2024-09-28T01:53:31.730342,interface,0.6614173228346457,0.3318026509952252,0.1889763779527559,0.4566929133858268,0.7244094488188977,0.0,0.5687394059097761,0.33070866141732286
2024-09-28T01:53:31.758344,interface,0.6614173228346457,0.3318026509952252,0.1889763779527559,0.4566929133858268,0.7244094488188977,0.0,0.5687394059097761,0.3228346456692913
2024-09-28T01:53:31.774377,interface,0.6614173228346457,0.3318026509952252,0.1889763779527559,0.4566929133858268,0.7244094488188977,0.0,0.5687394059097761,0.31496062992125984
2024-09-28T01:53:31.790478,interface,0.6614173228346457,0.3318026509952252,0.1889763779527559,0.4566929133858268,0.7244094488188977,0.0,0.5687394059097761,0.30708661417322836
2024-09-28T01:53:31.802508,interface,0.6614173228346457,0.3318026509952252,0.1889763779527559,0.4566929133858268,0.7244094488188977,0.0,0.5687394059097761,0.2992125984251969
2024-09-28T01:53:31.814518,interface,0.6614173228346457,0.3318026509952252,0.1889763779527559,0.4566929133858268,0.7244094488188977,0.0,0.5687394059097761,0.29133858267716534
2024-09-28T01:53:31.826498,interface,0.6614173228346457,0.3318026509952252,0.1889763779527559,0.4566929133858268,0.7244094488188977,0.0,0.5687394059097761,0.28346456692913385
2024-09-28T01:53:31.829893,interface,0.6614173228346457,0.3318026509952252,0.1889763779527559,0.4566929133858268,0.7244094488188977,0.0,0.5687394059097761,0.2755905511811024
2024-09-28T01:53:31.846516,interface,0.6614173228346457,0.3318026509952252,0.1889763779527559,0.4566929133858268,0.7244094488188977,0.0,0.5687394059097761,0.2677165354330709
2024-09-28T01:53:31.858510,interface,0.6614173228346457,0.3318026509952252,0.1889763779527559,0.4566929133858268,0.7244094488188977,0.0,0.5687394059097761,0.25984251968503935
2024-09-28T01:53:31.870550,interface,0.6614173228346457,0.3318026509952252,0.1889763779527559,0.4566929133858268,0.7244094488188977,0.0,0.5687394059097761,0.25196850393700787
2024-09-28T01:53:31.873964,interface,0.6614173228346457,0.3318026509952252,0.1889763779527559,0.4566929133858268,0.7244094488188977,0.0,0.5687394059097761,0.2440944881889764
2024-09-28T01:53:31.886522,interface,0.6614173228346457,0.3318026509952252,0.1889763779527559,0.4566929133858268,0.7244094488188977,0.0,0.5687394059097761,0.23622047244094488
2024-09-28T01:53:31.889935,interface,0.6614173228346457,0.3318026509952252,0.1889763779527559,0.4566929133858268,0.7244094488188977,0.0,0.5687394059097761,0.2283464566929134
2024-09-28T01:53:31.906521,interface,0.6614173228346457,0.3318026509952252,0.1889763779527559,0.4566929133858268,0.7244094488188977,0.0,0.5687394059097761,0.2204724409448819
2024-09-28T01:53:31.909914,interface,0.6614173228346457,0.3318026509952252,0.1889763779527559,0.4566929133858268,0.7244094488188977,0.0,0.5687394059097761,0.2125984251968504
2024-09-28T01:53:31.922551,interface,0.6614173228346457,0.3318026509952252,0.1889763779527559,0.4566929133858268,0.7244094488188977,0.0,0.5687394059097761,0.2047244094488189
2024-09-28T01:53:31.925978,interface,0.6614173228346457,0.3318026509952252,0.1889763779527559,0.4566929133858268,0.7244094488188977,0.0,0.5687394059097761,0.1968503937007874
2024-09-28T01:53:31.942557,interface,0.6614173228346457,0.3318026509952252,0.1889763779527559,0.4566929133858268,0.7244094488188977,0.0,0.5687394059097761,0.1889763779527559
2024-09-28T01:53:31.945972,interface,0.6614173228346457,0.3318026509952252,0.1889763779527559,0.4566929133858268,0.7244094488188977,0.0,0.5687394059097761,0.18110236220472442
2024-09-28T01:53:31.965946,interface,0.6614173228346457,0.3318026509952252,0.1889763779527559,0.4566929133858268,0.7244094488188977,0.0,0.5687394059097761,0.1732283464566929
2024-09-28T01:53:31.978083,interface,0.6614173228346457,0.3318026509952252,0.1889763779527559,0.4566929133858268,0.7244094488188977,0.0,0.5687394059097761,0.16535433070866143
2024-09-28T01:53:31.979254,interface,0.6614173228346457,0.3318026509952252,0.1889763779527559,0.4566929133858268,0.7244094488188977,0.0,0.5687394059097761,0.15748031496062992
2024-09-28T01:53:31.994727,interface,0.6614173228346457,0.3318026509952252,0.1889763779527559,0.4566929133858268,0.7244094488188977,0.0,0.5687394059097761,0.14960629921259844
2024-09-28T01:53:31.998184,interface,0.6614173228346457,0.3318026509952252,0.1889763779527559,0.4566929133858268,0.7244094488188977,0.0,0.5687394059097761,0.14173228346456693
2024-09-28T01:53:32.010711,interface,0.6614173228346457,0.3318026509952252,0.1889763779527559,0.4566929133858268,0.7244094488188977,0.0,0.5687394059097761,0.13385826771653545
2024-09-28T01:53:32.022714,interface,0.6614173228346457,0.3318026509952252,0.1889763779527559,0.4566929133858268,0.7244094488188977,0.0,0.5687394059097761,0.12598425196850394
2024-09-28T01:53:32.034731,interface,0.6614173228346457,0.3318026509952252,0.1889763779527559,0.4566929133858268,0.7244094488188977,0.0,0.5687394059097761,0.11811023622047244
2024-09-28T01:53:32.046741,interface,0.6614173228346457,0.3318026509952252,0.1889763779527559,0.4566929133858268,0.7244094488188977,0.0,0.5687394059097761,0.11023622047244094
2024-09-28T01:53:32.050141,interface,0.6614173228346457,0.3318026509952252,0.1889763779527559,0.4566929133858268,0.7244094488188977,0.0,0.5687394059097761,0.10236220472440945
2024-09-28T01:53:32.066722,interface,0.6614173228346457,0.3318026509952252,0.1889763779527559,0.4566929133858268,0.7244094488188977,0.0,0.5687394059097761,0.09448818897637795
2024-09-28T01:53:32.078721,interface,0.6614173228346457,0.3318026509952252,0.1889763779527559,0.4566929133858268,0.7244094488188977,0.0,0.5687394059097761,0.08661417322834646
2024-09-28T01:53:32.090725,interface,0.6614173228346457,0.3318026509952252,0.1889763779527559,0.4566929133858268,0.7244094488188977,0.0,0.5687394059097761,0.07874015748031496
2024-09-28T01:53:32.103319,interface,0.6614173228346457,0.3318026509952252,0.1889763779527559,0.4566929133858268,0.7244094488188977,0.0,0.5687394059097761,0.07086614173228346
2024-09-28T01:53:32.116773,interface,0.6614173228346457,0.3318026509952252,0.1889763779527559,0.4566929133858268,0.7244094488188977,0.0,0.5687394059097761,0.06299212598425197
2024-09-28T01:53:32.129487,interface,0.6614173228346457,0.3318026509952252,0.1889763779527559,0.4566929133858268,0.7244094488188977,0.0,0.5687394059097761,0.05511811023622047
2024-09-28T01:53:32.144898,interface,0.6614173228346457,0.3318026509952252,0.1889763779527559,0.4566929133858268,0.7244094488188977,0.0,0.5687394059097761,0.047244094488188976
2024-09-28T01:53:32.158911,interface,0.6614173228346457,0.3318026509952252,0.1889763779527559,0.4566929133858268,0.7244094488188977,0.0,0.5687394059097761,0.03937007874015748
2024-09-28T01:53:32.172342,interface,0.6614173228346457,0.3318026509952252,0.1889763779527559,0.4566929133858268,0.7244094488188977,0.0,0.5687394059097761,0.031496062992125984
2024-09-28T01:53:32.186906,interface,0.6614173228346457,0.3318026509952252,0.1889763779527559,0.4566929133858268,0.7244094488188977,0.0,0.5687394059097761,0.023622047244094488
2024-09-28T01:53:32.207005,interface,0.6614173228346457,0.3318026509952252,0.1889763779527559,0.4566929133858268,0.7244094488188977,0.0,0.5687394059097761,0.015748031496062992
2024-09-28T01:53:32.222965,interface,0.6614173228346457,0.3318026509952252,0.1889763779527559,0.4566929133858268,0.7244094488188977,0.0,0.5687394059097761,0.007874015748031496
2024-09-28T01:53:32.246938,interface,0.6614173228346457,0.3318026509952252,0.1889763779527559,0.4566929133858268,0.7244094488188977,0.0,0.5687394059097761,0.0
2024-09-28T01:53:34.161432,interface,0.6614173228346457,0.3318026509952252,0.1889763779527559,0.4566929133858268,0.7244094488188977,0.0,0.5687394059097761,0.007874015748031496
2024-09-28T01:53:34.209226,interface,0.6614173228346457,0.3318026509952252,0.1889763779527559,0.4566929133858268,0.7244094488188977,0.0,0.5687394059097761,0.015748031496062992
2024-09-28T01:53:34.245259,interface,0.6614173228346457,0.3318026509952252,0.1889763779527559,0.4566929133858268,0.7244094488188977,0.0,0.5687394059097761,0.023622047244094488
2024-09-28T01:53:34.281309,interface,0.6614173228346457,0.3318026509952252,0.1889763779527559,0.4566929133858268,0.7244094488188977,0.0,0.5687394059097761,0.031496062992125984
2024-09-28T01:53:34.317398,interface,0.6614173228346457,0.3318026509952252,0.1889763779527559,0.4566929133858268,0.7244094488188977,0.0,0.5687394059097761,0.03937007874015748
2024-09-28T01:53:34.341434,interface,0.6614173228346457,0.3318026509952252,0.1889763779527559,0.4566929133858268,0.7244094488188977,0.0,0.5687394059097761,0.047244094488188976
2024-09-28T01:53:34.377408,interface,0.6614173228346457,0.3318026509952252,0.1889763779527559,0.4566929133858268,0.7244094488188977,0.0,0.5687394059097761,0.05511811023622047
2024-09-28T01:53:34.409438,interface,0.6614173228346457,0.3318026509952252,0.1889763779527559,0.4566929133858268,0.7244094488188977,0.0,0.5687394059097761,0.06299212598425197
2024-09-28T01:53:34.441411,interface,0.6614173228346457,0.3318026509952252,0.1889763779527559,0.4566929133858268,0.7244094488188977,0.0,0.5687394059097761,0.07086614173228346
2024-09-28T01:53:34.481506,interface,0.6614173228346457,0.3318026509952252,0.1889763779527559,0.4566929133858268,0.7244094488188977,0.0,0.5687394059097761,0.07874015748031496
2024-09-28T01:53:34.521595,interface,0.6614173228346457,0.3318026509952252,0.1889763779527559,0.4566929133858268,0.7244094488188977,0.0,0.5687394059097761,0.08661417322834646
2024-09-28T01:53:34.553627,interface,0.6614173228346457,0.3318026509952252,0.1889763779527559,0.4566929133858268,0.7244094488188977,0.0,0.5687394059097761,0.09448818897637795
2024-09-28T01:53:34.593624,interface,0.6614173228346457,0.3318026509952252,0.1889763779527559,0.4566929133858268,0.7244094488188977,0.0,0.5687394059097761,0.10236220472440945
2024-09-28T01:53:34.625642,interface,0.6614173228346457,0.3318026509952252,0.1889763779527559,0.4566929133858268,0.7244094488188977,0.0,0.5687394059097761,0.11023622047244094
2024-09-28T01:53:34.673728,interface,0.6614173228346457,0.3318026509952252,0.1889763779527559,0.4566929133858268,0.7244094488188977,0.0,0.5687394059097761,0.11811023622047244
2024-09-28T01:53:34.721819,interface,0.6614173228346457,0.3318026509952252,0.1889763779527559,0.4566929133858268,0.7244094488188977,0.0,0.5687394059097761,0.12598425196850394
2024-09-28T01:53:34.809903,interface,0.6614173228346457,0.3318026509952252,0.1889763779527559,0.4566929133858268,0.7244094488188977,0.0,0.5687394059097761,0.13385826771653545
2024-09-28T01:53:40.598286,interface,0.4094488188976378,0.3318026509952252,0.1889763779527559,0.4566929133858268,0.7244094488188977,0.0,0.5687394059097761,0.13385826771653545
2024-09-28T01:53:42.853580,interface,0.3464566929133858,0.3318026509952252,0.1889763779527559,0.4566929133858268,0.7244094488188977,0.0,0.5687394059097761,0.13385826771653545
2024-09-28T01:53:43.707640,interface,0.47244094488188976,0.3318026509952252,0.1889763779527559,0.4566929133858268,0.7244094488188977,0.0,0.5687394059097761,0.13385826771653545
2024-09-28T01:53:49.754248,interface,0.36220472440944884,0.3318026509952252,0.1889763779527559,0.4566929133858268,0.7244094488188977,0.0,0.5687394059097761,0.13385826771653545
2024-09-28T01:53:50.515317,interface,0.36220472440944884,0.3318026509952252,0.1889763779527559,0.4566929133858268,0.7244094488188977,0.0,0.5687394059097761,0.13385826771653545
2024-09-28T01:53:50.833279,interface,0.4094488188976378,0.3318026509952252,0.1889763779527559,0.4566929133858268,0.7244094488188977,0.0,0.5687394059097761,0.13385826771653545
2024-09-28T01:53:51.250721,interface,0.47244094488188976,0.3318026509952252,0.1889763779527559,0.4566929133858268,0.7244094488188977,0.0,0.5687394059097761,0.13385826771653545
                                                                                                                                                                                                                                                                                   