IMPSY Starting up...
Opening configuration from /Users/charles/src/agentier-model-training/configs/agentier-roland-s-1.toml
Preparing IMPSY interaction server...
Logging enabled: 2026-05-22T09-48-39-9d-mdrnn.log
OSC: client_ip '0.0.0.0' is not a valid send destination; coercing to 127.0.0.1.
Opening MIDI port for input/output.
Connecting MIDI input: S-1
Matching MIDI port 'S-1' to available ports []
Found matching ports: []
Could not open MIDI input.
Connecting MIDI output: S-1
Matching MIDI port 'S-1' to available ports []
Found matching ports: []
Could not open MIDI output.
MIDI Outputs: []
Preparing OSC server thread.
Importing MDRNN.
Done in 0.0s.
Config: callresponse mode.
Preparing MDRNN.
MDRNN: Using s model.
MDRNN Loading from .tflite file: /Users/charles/src/agentier-model-training/models/musicMDRNN-dim9-layers2-units64-mixtures5-scale10.tflite
INFO: Created TensorFlow Lite XNNPACK delegate for CPU.
MDRNN Loaded.
Preparing MDRNN thread.
RNN Thread Started
switching to response.
out: [0.52  0.817 0.349 0.863 0.667 0.492 0.843 0.35 ]
out: [0.545 0.839 0.368 0.873 0.684 0.504 0.865 0.338]
out: [0.533 0.862 0.395 0.878 0.695 0.508 0.852 0.315]
out: [0.543 0.89  0.422 0.889 0.694 0.514 0.849 0.298]
out: [0.521 0.909 0.444 0.901 0.688 0.52  0.848 0.279]
out: [0.536 0.924 0.466 0.914 0.682 0.527 0.847 0.259]
out: [0.496 0.937 0.49  0.927 0.678 0.533 0.845 0.241]
out: [0.497 0.949 0.518 0.939 0.674 0.537 0.844 0.223]
out: [0.481 0.959 0.548 0.951 0.67  0.541 0.841 0.209]
out: [0.468 0.969 0.579 0.962 0.667 0.545 0.838 0.197]
out: [0.469 0.977 0.611 0.971 0.664 0.548 0.835 0.188]
out: [0.474 0.984 0.643 0.98  0.66  0.55  0.831 0.18 ]
out: [0.487 0.991 0.674 0.986 0.658 0.554 0.828 0.175]
out: [0.464 0.997 0.705 0.991 0.657 0.556 0.824 0.172]
out: [0.506 1.    0.733 0.996 0.655 0.559 0.82  0.169]
out: [0.493 1.    0.76  1.    0.654 0.562 0.816 0.168]
out: [0.497 1.    0.786 1.    0.653 0.563 0.812 0.168]
out: [0.549 1.    0.81  1.    0.653 0.565 0.808 0.168]
out: [0.577 1.    0.833 1.    0.653 0.565 0.805 0.169]
out: [0.54  1.    0.853 1.    0.653 0.567 0.802 0.171]
out: [0.532 1.    0.871 1.    0.654 0.568 0.799 0.173]
out: [0.537 1.    0.887 1.    0.655 0.569 0.797 0.175]
out: [0.51  1.    0.901 1.    0.656 0.57  0.795 0.178]
out: [0.508 1.    0.913 1.    0.658 0.572 0.793 0.182]
out: [0.51  1.    0.924 1.    0.658 0.572 0.791 0.184]
out: [0.519 1.    0.933 1.    0.66  0.572 0.79  0.186]
out: [0.541 1.    0.941 1.    0.66  0.573 0.789 0.188]
out: [0.532 1.    0.948 1.    0.661 0.573 0.787 0.19 ]
out: [0.568 1.    0.954 1.    0.663 0.571 0.787 0.192]
out: [0.508 1.    0.959 0.999 0.664 0.571 0.785 0.194]
out: [0.548 1.    0.963 0.999 0.666 0.573 0.784 0.197]
out: [0.536 1.    0.966 0.999 0.667 0.573 0.782 0.2  ]
out: [0.516 1.    0.969 0.999 0.668 0.573 0.781 0.202]
out: [0.559 1.    0.972 0.997 0.669 0.573 0.779 0.203]
out: [0.545 1.    0.974 0.997 0.671 0.573 0.778 0.205]
out: [0.55  1.    0.976 0.995 0.673 0.573 0.777 0.206]
out: [0.547 1.    0.978 0.994 0.675 0.573 0.775 0.207]
out: [0.579 1.    0.979 0.992 0.676 0.571 0.775 0.208]
out: [0.54  1.    0.98  0.991 0.678 0.57  0.774 0.209]
out: [0.538 1.    0.981 0.989 0.679 0.568 0.773 0.21 ]
out: [0.572 1.    0.981 0.988 0.681 0.569 0.772 0.211]
out: [0.538 1.    0.982 0.987 0.682 0.571 0.771 0.212]
out: [0.52  1.    0.982 0.986 0.684 0.571 0.769 0.213]
out: [0.569 1.    0.983 0.985 0.686 0.57  0.768 0.214]
out: [0.504 1.    0.983 0.984 0.687 0.573 0.767 0.215]
out: [0.521 1.    0.984 0.982 0.688 0.576 0.766 0.216]
out: [0.524 1.    0.985 0.982 0.689 0.575 0.766 0.216]
out: [0.543 1.    0.985 0.981 0.689 0.574 0.765 0.217]
out: [0.595 1.    0.986 0.98  0.69  0.575 0.764 0.217]
out: [0.431 0.988 0.983 0.975 0.692 0.585 0.76  0.218]
out: [0.511 0.994 0.984 0.983 0.692 0.585 0.761 0.215]
out: [0.502 0.999 0.986 0.981 0.693 0.583 0.76  0.214]
out: [0.475 1.    0.986 0.978 0.692 0.581 0.759 0.216]
out: [0.51  1.    0.985 0.976 0.692 0.581 0.758 0.217]
out: [0.546 1.    0.985 0.974 0.693 0.581 0.757 0.218]
out: [0.473 0.99  0.981 0.97  0.695 0.601 0.753 0.219]
out: [0.5   0.998 0.982 0.974 0.695 0.598 0.752 0.217]
out: [0.552 1.    0.982 0.973 0.695 0.596 0.752 0.217]
out: [0.529 1.    0.982 0.97  0.694 0.594 0.75  0.218]
out: [0.541 1.    0.981 0.968 0.695 0.592 0.748 0.219]
out: [0.543 1.    0.98  0.966 0.695 0.59  0.745 0.22 ]
out: [0.461 0.989 0.976 0.961 0.697 0.606 0.741 0.22 ]
out: [0.536 0.998 0.978 0.966 0.697 0.604 0.74  0.218]
out: [0.563 1.    0.978 0.964 0.696 0.604 0.738 0.218]
out: [0.573 1.    0.977 0.96  0.696 0.6   0.736 0.219]
out: [0.568 1.    0.976 0.957 0.695 0.598 0.733 0.22 ]
out: [0.168 1.    0.941 0.922 0.684 0.592 0.734 0.201]
out: [0.522 1.    0.941 0.908 0.688 0.595 0.731 0.196]
out: [0.469 1.    0.944 0.906 0.689 0.593 0.726 0.2  ]
out: [0.464 0.995 0.944 0.904 0.691 0.611 0.721 0.205]
out: [0.438 0.993 0.946 0.91  0.689 0.627 0.717 0.208]
out: [0.499 1.    0.952 0.915 0.686 0.619 0.715 0.211]
out: [0.505 1.    0.954 0.913 0.684 0.618 0.712 0.216]
out: [0.524 1.    0.956 0.91  0.682 0.615 0.709 0.22 ]
out: [0.523 1.    0.959 0.906 0.68  0.613 0.705 0.225]
out: [0.184 1.    0.933 0.872 0.646 0.572 0.7   0.205]
out: [0.474 1.    0.93  0.856 0.643 0.576 0.698 0.202]
out: [0.533 1.    0.933 0.85  0.64  0.574 0.691 0.208]
out: [0.511 1.    0.937 0.846 0.638 0.573 0.685 0.215]
out: [0.508 1.    0.941 0.841 0.637 0.572 0.68  0.222]
out: [0.543 1.    0.945 0.837 0.636 0.573 0.676 0.229]
out: [0.474 0.994 0.947 0.831 0.636 0.584 0.67  0.236]
out: [0.513 1.    0.952 0.833 0.635 0.584 0.666 0.239]
out: [0.548 1.    0.956 0.827 0.633 0.582 0.662 0.245]
out: [0.548 1.    0.958 0.82  0.631 0.582 0.656 0.251]
out: [0.567 1.    0.959 0.811 0.63  0.583 0.65  0.257]
out: [0.571 1.    0.961 0.801 0.629 0.583 0.643 0.263]
out: [0.549 1.    0.962 0.79  0.627 0.583 0.636 0.269]
out: [0.555 1.    0.965 0.778 0.625 0.584 0.628 0.276]
out: [0.555 1.    0.967 0.764 0.623 0.585 0.619 0.282]
out: [0.561 1.    0.969 0.748 0.62  0.586 0.609 0.29 ]
out: [0.535 1.    0.97  0.729 0.617 0.587 0.597 0.298]
out: [0.565 1.    0.972 0.709 0.614 0.587 0.584 0.307]
out: [0.566 1.    0.974 0.685 0.61  0.586 0.569 0.316]
out: [0.476 0.994 0.973 0.657 0.607 0.598 0.552 0.325]
out: [0.54  1.    0.976 0.638 0.602 0.596 0.534 0.331]
out: [0.55  1.    0.978 0.605 0.595 0.594 0.513 0.342]
out: [0.544 1.    0.979 0.567 0.585 0.591 0.486 0.354]
out: [0.584 1.    0.979 0.523 0.573 0.589 0.456 0.367]
out: [0.586 1.    0.979 0.475 0.558 0.588 0.42  0.378]
out: [0.58  1.    0.977 0.423 0.54  0.585 0.379 0.388]
out: [0.584 1.    0.975 0.372 0.52  0.577 0.338 0.394]
out: [0.58  1.    0.969 0.323 0.497 0.573 0.298 0.397]
out: [0.588 1.    0.964 0.281 0.47  0.567 0.262 0.396]
out: [0.581 1.    0.957 0.245 0.442 0.561 0.233 0.39 ]
out: [0.58  1.    0.951 0.217 0.412 0.554 0.21  0.382]
out: [0.577 0.999 0.945 0.196 0.382 0.546 0.193 0.369]
out: [0.574 0.996 0.942 0.181 0.353 0.538 0.179 0.354]
out: [0.586 0.993 0.94  0.171 0.327 0.532 0.169 0.337]
out: [0.586 0.991 0.939 0.166 0.304 0.523 0.16  0.318]
out: [0.584 0.99  0.938 0.165 0.283 0.516 0.153 0.3  ]
out: [0.581 0.989 0.937 0.167 0.266 0.51  0.147 0.282]
out: [0.583 0.989 0.936 0.171 0.251 0.504 0.142 0.265]
out: [0.596 0.989 0.933 0.178 0.24  0.498 0.138 0.25 ]
out: [0.593 0.99  0.932 0.186 0.23  0.493 0.134 0.236]
out: [0.587 0.991 0.929 0.196 0.223 0.489 0.13  0.223]
out: [0.595 0.992 0.926 0.207 0.216 0.483 0.126 0.212]
out: [0.578 0.993 0.923 0.219 0.211 0.479 0.123 0.203]
out: [0.586 0.992 0.92  0.231 0.206 0.478 0.119 0.195]
out: [0.599 0.992 0.917 0.244 0.202 0.476 0.115 0.188]
out: [0.59  0.991 0.913 0.257 0.198 0.476 0.112 0.181]
out: [0.595 0.99  0.909 0.271 0.195 0.474 0.109 0.175]
out: [0.578 0.989 0.904 0.284 0.192 0.475 0.105 0.169]
out: [0.568 0.988 0.899 0.297 0.189 0.476 0.102 0.164]
out: [0.59  0.987 0.894 0.311 0.186 0.477 0.099 0.158]
out: [0.577 0.986 0.889 0.325 0.183 0.476 0.096 0.153]
out: [0.571 0.984 0.884 0.338 0.181 0.475 0.093 0.147]
out: [0.573 0.982 0.879 0.351 0.178 0.474 0.09  0.141]
out: [0.573 0.98  0.874 0.365 0.175 0.473 0.088 0.135]
out: [0.561 0.979 0.868 0.378 0.173 0.474 0.085 0.128]
out: [0.566 0.977 0.864 0.391 0.171 0.475 0.083 0.121]
out: [0.581 0.975 0.86  0.404 0.168 0.474 0.08  0.111]
out: [0.58  0.975 0.855 0.418 0.166 0.473 0.078 0.101]
out: [0.563 0.976 0.85  0.431 0.164 0.471 0.076 0.089]
out: [0.582 0.977 0.846 0.443 0.162 0.469 0.074 0.074]
out: [0.559 0.979 0.842 0.456 0.161 0.465 0.072 0.057]
out: [0.561 0.981 0.838 0.468 0.16  0.462 0.069 0.038]
out: [0.551 0.983 0.834 0.479 0.16  0.457 0.067 0.02 ]
out: [0.558 0.984 0.83  0.49  0.161 0.451 0.066 0.005]
out: [0.553 0.983 0.826 0.501 0.162 0.446 0.064 0.   ]
out: [0.529 0.981 0.823 0.512 0.163 0.441 0.062 0.   ]
out: [0.548 0.978 0.822 0.523 0.163 0.439 0.06  0.   ]
out: [0.547 0.975 0.822 0.534 0.163 0.436 0.06  0.   ]
out: [0.552 0.971 0.821 0.544 0.162 0.434 0.059 0.   ]
out: [0.552 0.968 0.82  0.553 0.162 0.432 0.059 0.   ]
out: [0.534 0.966 0.819 0.562 0.162 0.431 0.058 0.   ]
out: [0.538 0.962 0.819 0.571 0.162 0.43  0.058 0.   ]
out: [0.538 0.958 0.818 0.579 0.162 0.429 0.057 0.   ]
out: [0.558 0.955 0.817 0.588 0.162 0.429 0.057 0.   ]
out: [0.53  0.952 0.817 0.597 0.161 0.428 0.056 0.   ]
out: [0.516 0.949 0.816 0.605 0.161 0.427 0.055 0.   ]
out: [0.553 0.946 0.815 0.613 0.161 0.426 0.055 0.   ]
out: [0.536 0.942 0.814 0.622 0.161 0.425 0.055 0.   ]
out: [0.542 0.939 0.814 0.631 0.162 0.425 0.055 0.   ]
out: [0.539 0.936 0.813 0.64  0.162 0.425 0.056 0.   ]
out: [0.54  0.933 0.812 0.649 0.162 0.425 0.056 0.   ]
out: [0.539 0.93  0.81  0.657 0.162 0.425 0.056 0.   ]
out: [0.527 0.927 0.809 0.666 0.162 0.425 0.056 0.   ]
out: [0.539 0.924 0.809 0.674 0.161 0.425 0.056 0.   ]
out: [0.564 0.921 0.808 0.683 0.161 0.424 0.057 0.   ]
out: [0.527 0.918 0.807 0.692 0.161 0.424 0.058 0.   ]
out: [0.542 0.915 0.806 0.7   0.161 0.424 0.059 0.   ]
out: [0.539 0.912 0.805 0.708 0.162 0.424 0.06  0.   ]
out: [0.543 0.91  0.804 0.717 0.162 0.424 0.061 0.   ]
out: [0.534 0.907 0.803 0.725 0.162 0.425 0.061 0.   ]
out: [0.528 0.905 0.802 0.734 0.162 0.426 0.062 0.   ]
out: [0.535 0.902 0.801 0.742 0.162 0.426 0.064 0.   ]
out: [0.459 0.922 0.796 0.749 0.163 0.428 0.066 0.   ]
out: [0.552 0.923 0.791 0.759 0.167 0.429 0.066 0.   ]
out: [0.543 0.921 0.793 0.765 0.167 0.429 0.068 0.   ]
out: [0.557 0.918 0.794 0.771 0.167 0.43  0.07  0.   ]
out: [0.545 0.916 0.794 0.778 0.167 0.43  0.072 0.   ]
out: [0.558 0.915 0.795 0.784 0.167 0.431 0.074 0.   ]
out: [0.529 0.913 0.796 0.791 0.167 0.431 0.076 0.   ]
out: [0.546 0.91  0.796 0.797 0.168 0.431 0.078 0.   ]
out: [0.538 0.907 0.796 0.804 0.168 0.431 0.079 0.   ]
out: [0.544 0.904 0.796 0.811 0.169 0.43  0.081 0.   ]
out: [0.543 0.901 0.796 0.818 0.169 0.43  0.083 0.   ]
out: [0.567 0.897 0.797 0.825 0.17  0.43  0.085 0.   ]
out: [0.561 0.894 0.797 0.833 0.171 0.43  0.086 0.   ]
out: [0.547 0.891 0.797 0.841 0.172 0.43  0.088 0.   ]
out: [0.566 0.888 0.798 0.848 0.173 0.43  0.091 0.   ]
out: [0.576 0.885 0.799 0.856 0.174 0.429 0.093 0.   ]
out: [0.549 0.881 0.799 0.864 0.175 0.428 0.095 0.   ]
out: [0.556 0.877 0.8   0.872 0.177 0.428 0.096 0.001]
out: [0.549 0.873 0.8   0.88  0.178 0.427 0.098 0.001]
out: [0.553 0.87  0.801 0.888 0.18  0.426 0.101 0.002]
out: [0.552 0.865 0.801 0.896 0.181 0.426 0.103 0.002]
out: [0.56  0.861 0.801 0.904 0.183 0.425 0.105 0.003]
out: [0.568 0.856 0.802 0.911 0.184 0.425 0.108 0.003]
out: [0.578 0.853 0.804 0.918 0.186 0.424 0.11  0.003]
out: [0.576 0.849 0.805 0.925 0.187 0.423 0.112 0.004]
out: [0.536 0.846 0.807 0.932 0.189 0.421 0.114 0.004]
out: [0.55  0.841 0.808 0.938 0.191 0.419 0.117 0.004]
out: [0.56  0.835 0.81  0.945 0.194 0.417 0.12  0.004]
out: [0.559 0.831 0.812 0.951 0.196 0.415 0.122 0.005]
out: [0.549 0.826 0.813 0.957 0.199 0.412 0.125 0.005]
out: [0.567 0.821 0.815 0.962 0.201 0.41  0.127 0.005]
out: [0.581 0.817 0.817 0.967 0.204 0.408 0.13  0.005]
out: [0.571 0.812 0.82  0.972 0.207 0.405 0.131 0.006]
out: [0.556 0.806 0.822 0.976 0.21  0.403 0.133 0.006]
out: [0.58  0.8   0.825 0.981 0.213 0.4   0.134 0.006]
out: [0.586 0.793 0.827 0.986 0.216 0.398 0.137 0.006]
out: [0.576 0.787 0.829 0.99  0.219 0.395 0.139 0.006]
out: [0.453 0.801 0.835 0.995 0.222 0.392 0.14  0.005]
out: [0.545 0.796 0.835 1.    0.228 0.391 0.143 0.005]
out: [0.552 0.792 0.838 1.    0.231 0.388 0.143 0.006]
out: [0.552 0.786 0.84  1.    0.234 0.386 0.145 0.007]
out: [0.538 0.78  0.842 1.    0.237 0.384 0.145 0.007]
out: [0.572 0.774 0.844 1.    0.24  0.381 0.146 0.006]
out: [0.559 0.768 0.846 1.    0.243 0.378 0.147 0.006]
out: [0.569 0.762 0.848 1.    0.247 0.376 0.148 0.006]
out: [0.591 0.756 0.851 1.    0.25  0.373 0.148 0.006]
out: [0.57  0.75  0.853 1.    0.253 0.37  0.149 0.006]
out: [0.547 0.744 0.855 1.    0.257 0.367 0.149 0.006]
out: [0.59  0.736 0.857 1.    0.261 0.363 0.15  0.005]
out: [0.575 0.729 0.859 1.    0.264 0.36  0.15  0.005]
out: [0.572 0.723 0.86  1.    0.268 0.357 0.149 0.005]
out: [0.586 0.717 0.861 1.    0.271 0.353 0.149 0.005]
out: [0.561 0.711 0.863 1.    0.275 0.349 0.149 0.005]
out: [0.571 0.704 0.864 1.    0.279 0.345 0.149 0.005]
out: [0.579 0.698 0.865 1.    0.283 0.341 0.149 0.005]
out: [0.543 0.692 0.867 1.    0.288 0.337 0.149 0.005]
out: [0.565 0.685 0.869 1.    0.292 0.333 0.149 0.004]
out: [0.57  0.678 0.869 1.    0.297 0.33  0.148 0.004]
out: [0.565 0.671 0.87  1.    0.301 0.326 0.148 0.004]
out: [0.568 0.664 0.871 1.    0.306 0.322 0.147 0.004]
out: [0.578 0.658 0.872 1.    0.311 0.318 0.147 0.003]
out: [0.527 0.651 0.873 1.    0.316 0.313 0.146 0.003]
out: [0.55  0.644 0.873 1.    0.321 0.309 0.145 0.003]
out: [0.487 0.653 0.88  1.    0.325 0.299 0.145 0.002]
out: [0.552 0.649 0.879 1.    0.331 0.294 0.143 0.003]
out: [0.492 0.665 0.886 1.    0.335 0.281 0.141 0.003]
out: [0.549 0.664 0.886 1.    0.341 0.275 0.142 0.003]
out: [0.578 0.66  0.886 1.    0.346 0.271 0.141 0.003]
out: [0.557 0.654 0.887 1.    0.351 0.268 0.14  0.002]
out: [0.565 0.646 0.887 1.    0.357 0.265 0.14  0.002]
out: [0.553 0.639 0.888 1.    0.364 0.262 0.139 0.001]
out: [0.57  0.631 0.89  1.    0.371 0.259 0.139 0.001]
out: [0.58  0.622 0.891 1.    0.377 0.257 0.138 0.001]
out: [0.56  0.614 0.892 1.    0.385 0.254 0.138 0.   ]
out: [0.556 0.606 0.893 1.    0.392 0.252 0.137 0.   ]
out: [0.568 0.597 0.895 1.    0.4   0.249 0.137 0.   ]
out: [0.571 0.588 0.896 1.    0.408 0.247 0.137 0.   ]
out: [0.595 0.579 0.897 1.    0.417 0.245 0.137 0.   ]
out: [0.562 0.57  0.897 1.    0.426 0.244 0.136 0.   ]
out: [0.563 0.561 0.897 1.    0.435 0.243 0.136 0.   ]
out: [0.572 0.552 0.898 1.    0.445 0.241 0.135 0.   ]
out: [0.572 0.545 0.898 1.    0.456 0.24  0.134 0.   ]
out: [0.58  0.537 0.898 1.    0.466 0.24  0.134 0.   ]
out: [0.564 0.529 0.898 1.    0.477 0.239 0.134 0.   ]
out: [0.595 0.52  0.898 1.    0.488 0.238 0.133 0.   ]
out: [0.572 0.512 0.898 1.    0.499 0.238 0.133 0.   ]
out: [0.595 0.504 0.897 1.    0.511 0.238 0.133 0.   ]
out: [0.57  0.497 0.896 1.    0.523 0.238 0.132 0.   ]
out: [0.564 0.489 0.896 1.    0.535 0.238 0.132 0.   ]
out: [0.594 0.481 0.895 0.998 0.547 0.238 0.131 0.   ]
out: [0.583 0.474 0.894 0.997 0.56  0.239 0.13  0.   ]
out: [0.572 0.466 0.894 0.995 0.572 0.241 0.129 0.   ]
out: [0.614 0.459 0.893 0.993 0.584 0.242 0.128 0.   ]
out: [0.603 0.451 0.892 0.99  0.597 0.244 0.127 0.   ]
out: [0.576 0.443 0.891 0.986 0.61  0.246 0.126 0.   ]
out: [0.579 0.436 0.888 0.983 0.621 0.249 0.125 0.   ]
out: [0.569 0.43  0.887 0.98  0.634 0.252 0.123 0.   ]
out: [0.591 0.426 0.885 0.977 0.646 0.254 0.122 0.   ]
out: [0.597 0.421 0.883 0.974 0.657 0.257 0.12  0.   ]
out: [0.586 0.414 0.88  0.97  0.668 0.26  0.118 0.   ]
out: [0.598 0.406 0.877 0.966 0.678 0.263 0.116 0.   ]
out: [0.583 0.398 0.875 0.963 0.688 0.266 0.115 0.   ]
out: [0.58  0.39  0.873 0.959 0.697 0.269 0.113 0.   ]
out: [0.56  0.383 0.869 0.956 0.708 0.272 0.11  0.   ]
out: [0.581 0.377 0.865 0.952 0.717 0.275 0.107 0.   ]
out: [0.553 0.371 0.862 0.949 0.726 0.278 0.105 0.   ]
out: [0.57  0.364 0.858 0.945 0.735 0.282 0.101 0.   ]
out: [0.551 0.358 0.854 0.942 0.743 0.285 0.098 0.   ]
out: [0.564 0.35  0.849 0.938 0.751 0.289 0.093 0.   ]
out: [0.568 0.344 0.845 0.934 0.758 0.292 0.089 0.   ]
out: [0.556 0.337 0.84  0.929 0.765 0.295 0.084 0.   ]
out: [0.544 0.33  0.835 0.924 0.771 0.298 0.079 0.   ]
out: [0.551 0.324 0.83  0.919 0.777 0.301 0.074 0.   ]
out: [0.524 0.317 0.825 0.913 0.782 0.304 0.068 0.   ]
out: [0.521 0.311 0.819 0.905 0.786 0.308 0.062 0.   ]
out: [0.518 0.307 0.814 0.897 0.79  0.311 0.055 0.   ]
out: [0.505 0.305 0.808 0.888 0.796 0.315 0.049 0.   ]
out: [0.481 0.304 0.802 0.877 0.799 0.319 0.044 0.   ]
out: [0.501 0.305 0.796 0.867 0.802 0.323 0.039 0.   ]
out: [0.389 0.324 0.791 0.859 0.808 0.322 0.037 0.   ]
out: [0.429 0.356 0.783 0.859 0.811 0.318 0.029 0.   ]
out: [0.439 0.364 0.778 0.859 0.813 0.316 0.019 0.   ]
out: [0.45  0.364 0.773 0.85  0.815 0.315 0.015 0.   ]
out: [0.447 0.366 0.768 0.84  0.816 0.315 0.011 0.   ]
out: [0.449 0.37  0.765 0.83  0.819 0.316 0.008 0.   ]
out: [0.446 0.377 0.762 0.819 0.822 0.317 0.006 0.   ]
out: [0.432 0.387 0.76  0.807 0.823 0.319 0.005 0.   ]
out: [0.414 0.399 0.759 0.793 0.826 0.321 0.004 0.   ]
out: [0.431 0.416 0.758 0.778 0.827 0.322 0.004 0.   ]
out: [0.422 0.435 0.759 0.76  0.828 0.324 0.004 0.   ]
out: [0.4   0.457 0.76  0.74  0.83  0.325 0.004 0.   ]
out: [0.401 0.483 0.761 0.717 0.831 0.325 0.004 0.   ]
out: [0.39  0.516 0.766 0.691 0.831 0.324 0.003 0.001]
out: [0.38  0.557 0.772 0.66  0.831 0.322 0.001 0.003]
out: [0.377 0.603 0.778 0.624 0.826 0.319 0.    0.005]
out: [0.386 0.656 0.788 0.581 0.821 0.315 0.    0.008]
out: [0.355 0.711 0.8   0.53  0.817 0.31  0.    0.012]
out: [0.374 0.764 0.815 0.469 0.81  0.304 0.    0.016]
out: [0.373 0.811 0.835 0.399 0.8   0.299 0.    0.023]
out: [0.391 0.847 0.858 0.324 0.788 0.294 0.001 0.03 ]
out: [0.393 0.872 0.882 0.251 0.779 0.288 0.007 0.041]
out: [0.4   0.887 0.904 0.188 0.773 0.281 0.018 0.054]
out: [0.405 0.896 0.925 0.139 0.771 0.274 0.034 0.071]
out: [0.415 0.903 0.942 0.103 0.774 0.267 0.053 0.091]
out: [0.429 0.909 0.958 0.078 0.781 0.26  0.076 0.118]
out: [0.444 0.913 0.969 0.061 0.793 0.254 0.1   0.152]
out: [0.459 0.917 0.977 0.047 0.807 0.248 0.122 0.19 ]
out: [0.471 0.923 0.983 0.036 0.819 0.243 0.139 0.23 ]
out: [0.485 0.928 0.986 0.026 0.83  0.239 0.152 0.265]
out: [0.493 0.934 0.989 0.017 0.837 0.234 0.162 0.294]
out: [0.503 0.941 0.99  0.01  0.842 0.229 0.169 0.318]
out: [0.508 0.946 0.991 0.005 0.848 0.224 0.174 0.336]
out: [0.513 0.952 0.991 0.    0.853 0.22  0.178 0.349]
out: [0.516 0.956 0.991 0.    0.858 0.215 0.18  0.358]
out: [0.517 0.959 0.991 0.    0.862 0.211 0.181 0.365]
out: [0.518 0.961 0.991 0.    0.867 0.206 0.182 0.371]
out: [0.52  0.964 0.991 0.    0.87  0.201 0.183 0.375]
out: [0.519 0.966 0.991 0.    0.875 0.197 0.183 0.378]
out: [0.519 0.966 0.99  0.    0.879 0.193 0.183 0.379]
out: [0.517 0.967 0.99  0.    0.883 0.189 0.183 0.38 ]
out: [0.518 0.967 0.991 0.    0.887 0.185 0.182 0.381]
out: [0.516 0.967 0.99  0.    0.888 0.182 0.182 0.381]
out: [0.517 0.967 0.99  0.    0.891 0.179 0.182 0.381]
out: [0.467 1.    0.989 0.    0.891 0.179 0.183 0.381]
out: [0.509 0.982 0.987 0.    0.896 0.177 0.182 0.379]
out: [0.51  0.972 0.986 0.    0.898 0.175 0.18  0.38 ]
out: [0.514 0.97  0.987 0.    0.9   0.173 0.18  0.38 ]
out: [0.516 0.97  0.987 0.    0.903 0.171 0.181 0.38 ]
out: [0.517 0.969 0.988 0.    0.904 0.17  0.18  0.379]
out: [0.515 0.969 0.988 0.    0.904 0.168 0.181 0.379]
out: [0.516 0.969 0.988 0.    0.907 0.166 0.18  0.378]
out: [0.516 0.968 0.988 0.    0.907 0.164 0.181 0.378]
out: [0.516 0.968 0.988 0.    0.909 0.163 0.181 0.378]
out: [0.516 0.968 0.988 0.    0.909 0.162 0.18  0.378]
out: [0.515 0.968 0.988 0.    0.91  0.16  0.181 0.378]
out: [0.515 0.968 0.989 0.    0.911 0.159 0.181 0.377]
out: [0.515 0.967 0.988 0.    0.91  0.158 0.18  0.378]
out: [0.515 0.967 0.988 0.    0.912 0.157 0.18  0.378]
out: [0.514 0.967 0.988 0.    0.913 0.156 0.18  0.377]
out: [0.514 0.968 0.988 0.    0.913 0.155 0.18  0.377]
out: [0.514 0.967 0.988 0.    0.914 0.155 0.179 0.377]
out: [0.513 0.967 0.987 0.    0.914 0.155 0.179 0.377]
out: [0.513 0.967 0.988 0.    0.914 0.154 0.179 0.377]
out: [0.514 0.967 0.988 0.    0.914 0.154 0.18  0.377]
out: [0.513 0.967 0.987 0.    0.915 0.153 0.18  0.377]
out: [0.514 0.966 0.988 0.    0.914 0.153 0.18  0.377]
out: [0.061 0.974 0.966 0.047 0.864 0.154 0.164 0.353]
out: [0.477 0.974 0.967 0.021 0.896 0.161 0.163 0.356]
out: [0.497 0.967 0.974 0.008 0.9   0.156 0.171 0.363]
out: [0.507 0.965 0.979 0.001 0.899 0.154 0.174 0.368]
out: [0.511 0.965 0.983 0.    0.9   0.153 0.177 0.37 ]
out: [0.512 0.966 0.986 0.    0.901 0.153 0.178 0.373]
out: [0.512 0.966 0.986 0.    0.904 0.153 0.178 0.374]
out: [0.06  0.968 0.972 0.058 0.882 0.164 0.162 0.35 ]
out: [0.471 0.971 0.967 0.029 0.902 0.173 0.161 0.354]
out: [0.493 0.965 0.974 0.013 0.905 0.17  0.17  0.364]
out: [0.504 0.964 0.978 0.003 0.905 0.169 0.174 0.369]
out: [0.508 0.964 0.982 0.    0.905 0.167 0.177 0.372]
out: [0.51  0.965 0.984 0.    0.904 0.165 0.178 0.374]
out: [0.513 0.966 0.985 0.    0.905 0.164 0.179 0.375]
out: [0.513 0.967 0.985 0.    0.906 0.164 0.179 0.376]
out: [0.513 0.966 0.985 0.    0.907 0.163 0.179 0.377]
out: [0.513 0.968 0.985 0.    0.908 0.163 0.179 0.377]
out: [0.512 0.967 0.986 0.    0.909 0.162 0.18  0.377]
out: [0.512 0.966 0.986 0.    0.909 0.161 0.18  0.377]
out: [0.513 0.967 0.987 0.    0.91  0.161 0.179 0.377]
out: [0.513 0.967 0.986 0.    0.911 0.16  0.18  0.378]
out: [0.061 0.972 0.973 0.047 0.866 0.155 0.167 0.353]
out: [0.435 1.    0.971 0.019 0.893 0.159 0.166 0.355]
out: [0.491 0.978 0.974 0.009 0.897 0.156 0.173 0.361]
out: [0.453 1.    0.978 0.    0.895 0.154 0.175 0.366]
out: [0.501 0.982 0.98  0.    0.898 0.155 0.178 0.369]
out: [0.505 0.972 0.981 0.    0.9   0.154 0.177 0.372]
out: [0.511 0.971 0.983 0.    0.901 0.156 0.178 0.374]
out: [0.514 0.97  0.985 0.    0.903 0.156 0.178 0.375]
out: [0.514 0.97  0.986 0.    0.905 0.156 0.179 0.375]
out: [0.516 0.969 0.986 0.    0.905 0.156 0.179 0.376]
out: [0.516 0.969 0.987 0.    0.906 0.155 0.179 0.376]
out: [0.516 0.969 0.987 0.    0.907 0.154 0.18  0.376]
out: [0.515 0.969 0.987 0.    0.908 0.153 0.18  0.377]
out: [0.515 0.968 0.987 0.    0.909 0.154 0.18  0.377]
out: [0.515 0.968 0.988 0.    0.91  0.154 0.18  0.377]
out: [0.063 0.976 0.985 0.03  0.876 0.19  0.17  0.351]
out: [0.472 0.977 0.98  0.011 0.901 0.208 0.165 0.353]
out: [0.493 0.969 0.981 0.001 0.907 0.207 0.173 0.363]
out: [0.504 0.967 0.983 0.    0.906 0.203 0.177 0.369]
out: [0.51  0.966 0.985 0.    0.908 0.199 0.179 0.372]
out: [0.513 0.967 0.986 0.    0.908 0.195 0.179 0.374]
out: [0.063 0.974 0.972 0.037 0.876 0.18  0.167 0.349]
out: [0.478 0.972 0.969 0.015 0.897 0.182 0.168 0.353]
out: [0.5   0.966 0.976 0.004 0.9   0.176 0.174 0.361]
out: [0.507 0.965 0.98  0.    0.901 0.172 0.177 0.366]
out: [0.511 0.966 0.984 0.    0.901 0.171 0.178 0.37 ]
out: [0.513 0.966 0.985 0.    0.902 0.169 0.179 0.372]
out: [0.512 0.967 0.986 0.    0.905 0.168 0.179 0.374]
out: [0.513 0.967 0.986 0.    0.907 0.168 0.18  0.375]
out: [0.513 0.968 0.987 0.    0.908 0.166 0.179 0.376]
out: [0.514 0.967 0.987 0.    0.908 0.164 0.18  0.377]
out: [0.515 0.967 0.987 0.    0.909 0.163 0.18  0.377]
out: [0.514 0.967 0.987 0.    0.908 0.162 0.18  0.377]
out: [0.515 0.967 0.987 0.    0.909 0.16  0.18  0.378]
out: [0.514 0.967 0.988 0.    0.909 0.159 0.18  0.378]
out: [0.514 0.967 0.988 0.    0.911 0.158 0.18  0.378]
out: [0.515 0.967 0.987 0.    0.911 0.156 0.18  0.378]
out: [0.515 0.967 0.987 0.    0.911 0.156 0.18  0.377]
out: [0.514 0.967 0.988 0.    0.912 0.155 0.18  0.377]
out: [0.063 0.973 0.978 0.046 0.863 0.189 0.168 0.351]
out: [0.472 0.975 0.976 0.02  0.898 0.208 0.162 0.352]
out: [0.494 0.968 0.978 0.008 0.903 0.205 0.171 0.362]
out: [0.505 0.966 0.981 0.    0.904 0.201 0.176 0.368]
out: [0.51  0.966 0.984 0.    0.906 0.197 0.178 0.372]
out: [0.512 0.966 0.985 0.    0.906 0.193 0.179 0.374]
out: [0.512 0.966 0.986 0.    0.907 0.19  0.18  0.376]
out: [0.513 0.967 0.987 0.    0.908 0.185 0.18  0.377]
out: [0.515 0.967 0.987 0.    0.908 0.182 0.181 0.377]
out: [0.515 0.967 0.987 0.    0.909 0.179 0.181 0.377]
out: [0.515 0.968 0.987 0.    0.91  0.176 0.181 0.377]
out: [0.514 0.967 0.988 0.    0.91  0.174 0.181 0.378]
out: [0.514 0.968 0.988 0.    0.911 0.172 0.181 0.378]
out: [0.514 0.967 0.988 0.    0.912 0.17  0.181 0.378]
out: [0.514 0.966 0.987 0.    0.912 0.168 0.18  0.377]
out: [0.514 0.967 0.987 0.    0.912 0.166 0.18  0.377]
out: [0.515 0.967 0.987 0.    0.912 0.164 0.181 0.378]
out: [0.514 0.967 0.988 0.    0.914 0.163 0.18  0.377]
out: [0.514 0.967 0.987 0.    0.913 0.162 0.18  0.377]
out: [0.514 0.967 0.987 0.    0.914 0.161 0.18  0.377]
out: [0.514 0.967 0.987 0.    0.914 0.16  0.18  0.377]
out: [0.514 0.966 0.988 0.    0.915 0.16  0.18  0.377]
out: [0.514 0.967 0.988 0.    0.915 0.159 0.18  0.377]
out: [0.513 0.967 0.987 0.    0.916 0.158 0.18  0.377]
out: [0.513 0.968 0.987 0.    0.915 0.156 0.18  0.377]
out: [0.514 0.968 0.987 0.    0.914 0.156 0.18  0.377]
out: [0.514 0.967 0.987 0.    0.914 0.156 0.18  0.377]
out: [0.512 0.968 0.987 0.    0.915 0.155 0.179 0.377]
out: [0.514 0.967 0.987 0.    0.915 0.155 0.179 0.377]
out: [0.513 0.967 0.987 0.    0.915 0.154 0.179 0.377]
out: [0.514 0.967 0.987 0.    0.915 0.153 0.179 0.377]
out: [0.513 0.967 0.988 0.    0.915 0.152 0.179 0.377]
out: [0.513 0.967 0.987 0.    0.915 0.152 0.179 0.377]
out: [0.514 0.967 0.987 0.    0.916 0.152 0.179 0.377]
out: [0.513 0.967 0.987 0.    0.915 0.151 0.179 0.377]
out: [0.514 0.967 0.987 0.    0.915 0.151 0.18  0.377]
out: [0.514 0.967 0.988 0.    0.915 0.15  0.179 0.376]
out: [0.512 0.966 0.988 0.    0.914 0.15  0.179 0.377]
out: [0.513 0.967 0.988 0.    0.913 0.15  0.179 0.376]
out: [0.513 0.967 0.988 0.    0.915 0.15  0.179 0.376]
out: [0.513 0.967 0.987 0.    0.914 0.149 0.179 0.376]
out: [0.512 0.967 0.988 0.    0.914 0.149 0.179 0.377]
out: [0.513 0.966 0.987 0.    0.914 0.148 0.179 0.377]
out: [0.514 0.966 0.988 0.    0.915 0.148 0.179 0.376]
out: [0.513 0.965 0.988 0.    0.914 0.147 0.179 0.376]
out: [0.514 0.965 0.987 0.    0.915 0.148 0.179 0.376]
out: [0.513 0.966 0.987 0.    0.915 0.148 0.179 0.376]
out: [0.513 0.966 0.988 0.    0.913 0.149 0.18  0.376]
out: [0.514 0.967 0.988 0.    0.914 0.149 0.18  0.377]
out: [0.514 0.966 0.988 0.    0.914 0.148 0.179 0.376]
out: [0.514 0.966 0.988 0.    0.914 0.149 0.179 0.377]
out: [0.514 0.966 0.987 0.    0.915 0.149 0.179 0.376]
out: [0.514 0.966 0.987 0.    0.915 0.149 0.179 0.377]
out: [0.514 0.967 0.987 0.    0.914 0.149 0.179 0.377]
out: [0.513 0.967 0.987 0.    0.913 0.149 0.179 0.376]
out: [0.513 0.967 0.987 0.    0.914 0.149 0.179 0.376]
out: [0.514 0.967 0.986 0.    0.913 0.149 0.179 0.376]
out: [0.514 0.967 0.987 0.    0.915 0.149 0.179 0.377]
out: [0.514 0.967 0.987 0.    0.914 0.149 0.179 0.376]
out: [0.514 0.967 0.988 0.    0.915 0.149 0.179 0.376]
out: [0.513 0.967 0.988 0.    0.914 0.148 0.179 0.376]
out: [0.514 0.966 0.988 0.    0.913 0.147 0.18  0.376]
out: [0.514 0.967 0.988 0.    0.915 0.147 0.179 0.376]
out: [0.513 0.967 0.988 0.    0.915 0.148 0.179 0.376]
out: [0.514 0.967 0.988 0.    0.915 0.149 0.179 0.377]
out: [0.512 0.967 0.988 0.    0.916 0.15  0.179 0.377]
out: [0.512 0.967 0.987 0.    0.916 0.15  0.179 0.377]
out: [0.513 0.966 0.987 0.    0.915 0.151 0.179 0.377]
out: [0.513 0.966 0.987 0.    0.916 0.151 0.179 0.377]
out: [0.513 0.967 0.987 0.    0.916 0.152 0.179 0.377]
out: [0.513 0.967 0.987 0.    0.915 0.153 0.179 0.377]
out: [0.513 0.966 0.987 0.    0.915 0.153 0.179 0.377]
out: [0.513 0.966 0.987 0.    0.915 0.154 0.18  0.377]
out: [0.515 0.967 0.987 0.    0.916 0.153 0.179 0.377]
out: [0.513 0.966 0.987 0.    0.916 0.152 0.179 0.377]
out: [0.514 0.967 0.987 0.    0.916 0.152 0.179 0.377]
out: [0.515 0.967 0.987 0.    0.914 0.151 0.179 0.376]
out: [0.514 0.967 0.987 0.    0.916 0.151 0.179 0.376]
out: [0.514 0.967 0.987 0.    0.916 0.15  0.179 0.376]
out: [0.513 0.967 0.987 0.    0.915 0.15  0.179 0.376]
out: [0.514 0.967 0.987 0.    0.915 0.15  0.179 0.376]
out: [0.513 0.966 0.987 0.    0.915 0.151 0.179 0.376]
out: [0.449 1.    0.987 0.    0.914 0.154 0.18  0.376]
out: [0.505 0.981 0.984 0.    0.916 0.155 0.179 0.376]
out: [0.507 0.971 0.983 0.    0.915 0.154 0.178 0.376]
out: [0.511 0.969 0.985 0.    0.917 0.154 0.178 0.377]
out: [0.513 0.969 0.986 0.    0.916 0.154 0.178 0.377]
out: [0.513 0.969 0.987 0.    0.917 0.154 0.179 0.376]
out: [0.515 0.969 0.987 0.    0.916 0.153 0.179 0.376]
out: [0.514 0.968 0.987 0.    0.916 0.152 0.179 0.376]
out: [0.514 0.967 0.987 0.    0.916 0.15  0.18  0.376]
out: [0.513 0.967 0.987 0.    0.915 0.15  0.179 0.377]
out: [0.514 0.967 0.987 0.    0.916 0.15  0.179 0.376]
out: [0.515 0.968 0.987 0.    0.916 0.149 0.18  0.376]
out: [0.514 0.967 0.988 0.    0.916 0.151 0.179 0.376]
out: [0.514 0.967 0.988 0.    0.918 0.15  0.179 0.376]
out: [0.513 0.967 0.987 0.    0.915 0.151 0.179 0.376]
out: [0.514 0.967 0.987 0.    0.916 0.151 0.18  0.377]
out: [0.514 0.967 0.987 0.    0.916 0.151 0.18  0.376]
out: [0.456 1.    0.988 0.    0.915 0.152 0.181 0.377]
out: [0.504 0.981 0.986 0.    0.915 0.154 0.181 0.376]
out: [0.507 0.971 0.985 0.    0.915 0.152 0.179 0.376]
out: [0.511 0.97  0.986 0.    0.915 0.153 0.178 0.377]
out: [0.513 0.969 0.986 0.    0.916 0.154 0.179 0.377]
out: [0.514 0.968 0.986 0.    0.915 0.154 0.179 0.377]
out: [0.514 0.968 0.987 0.    0.916 0.154 0.179 0.377]
out: [0.514 0.968 0.987 0.    0.915 0.154 0.179 0.377]
out: [0.514 0.967 0.987 0.    0.915 0.153 0.179 0.376]
out: [0.513 0.968 0.987 0.    0.916 0.153 0.179 0.376]
out: [0.514 0.967 0.987 0.    0.916 0.152 0.179 0.377]
out: [0.515 0.968 0.987 0.    0.915 0.152 0.179 0.376]
out: [0.514 0.968 0.987 0.    0.915 0.151 0.179 0.376]
out: [0.514 0.967 0.987 0.    0.916 0.152 0.18  0.376]
out: [0.514 0.967 0.988 0.    0.916 0.152 0.18  0.376]
out: [0.514 0.967 0.988 0.    0.916 0.152 0.18  0.376]
out: [0.514 0.967 0.987 0.    0.915 0.152 0.179 0.377]
out: [0.513 0.967 0.987 0.    0.915 0.151 0.179 0.376]
out: [0.513 0.968 0.988 0.    0.915 0.151 0.179 0.376]
out: [0.514 0.967 0.988 0.    0.914 0.151 0.179 0.377]
out: [0.513 0.967 0.988 0.    0.915 0.15  0.179 0.376]
out: [0.514 0.966 0.988 0.    0.914 0.149 0.179 0.376]
out: [0.515 0.966 0.988 0.    0.914 0.149 0.179 0.376]
out: [0.514 0.967 0.987 0.    0.916 0.15  0.179 0.376]
out: [0.514 0.967 0.988 0.    0.915 0.149 0.179 0.376]
out: [0.513 0.966 0.988 0.    0.915 0.148 0.179 0.376]
out: [0.514 0.966 0.988 0.    0.915 0.148 0.179 0.376]
out: [0.514 0.967 0.988 0.    0.915 0.148 0.179 0.376]
out: [0.515 0.966 0.987 0.    0.915 0.149 0.179 0.376]
out: [0.513 0.966 0.987 0.    0.914 0.149 0.179 0.377]
out: [0.48  1.    0.988 0.    0.913 0.15  0.18  0.376]
out: [0.508 0.98  0.985 0.    0.914 0.151 0.18  0.376]
out: [0.509 0.97  0.984 0.    0.914 0.151 0.178 0.376]
out: [0.512 0.969 0.985 0.    0.914 0.152 0.178 0.376]
out: [0.513 0.969 0.987 0.    0.915 0.153 0.179 0.376]
out: [0.514 0.969 0.987 0.    0.915 0.153 0.179 0.376]
out: [0.514 0.968 0.987 0.    0.915 0.153 0.179 0.376]
out: [0.514 0.968 0.987 0.    0.914 0.153 0.179 0.377]
out: [0.514 0.967 0.987 0.    0.915 0.154 0.179 0.377]
out: [0.515 0.967 0.988 0.    0.915 0.154 0.179 0.376]
out: [0.514 0.967 0.988 0.    0.914 0.153 0.18  0.376]
out: [0.515 0.967 0.988 0.    0.914 0.152 0.18  0.376]
out: [0.514 0.967 0.988 0.    0.915 0.152 0.18  0.376]
out: [0.514 0.967 0.988 0.    0.915 0.152 0.179 0.376]
out: [0.514 0.967 0.988 0.    0.914 0.153 0.179 0.376]
out: [0.066 0.976 0.977 0.035 0.884 0.186 0.168 0.352]
out: [0.47  0.977 0.974 0.014 0.91  0.203 0.163 0.354]
out: [0.494 0.968 0.978 0.004 0.912 0.202 0.171 0.364]
out: [0.504 0.967 0.981 0.    0.913 0.2   0.176 0.369]
out: [0.428 1.    0.984 0.    0.913 0.199 0.179 0.371]
out: [0.5   0.983 0.983 0.    0.915 0.197 0.18  0.372]
out: [0.504 0.971 0.983 0.    0.914 0.193 0.179 0.375]
out: [0.51  0.97  0.985 0.    0.915 0.191 0.179 0.376]
out: [0.513 0.969 0.986 0.    0.914 0.187 0.18  0.376]
out: [0.482 1.    0.987 0.    0.915 0.185 0.182 0.376]
out: [0.508 0.983 0.985 0.    0.915 0.182 0.182 0.376]
out: [0.51  0.971 0.984 0.    0.916 0.177 0.18  0.376]
out: [0.513 0.97  0.985 0.    0.916 0.175 0.18  0.377]
out: [0.514 0.969 0.986 0.    0.916 0.173 0.18  0.377]
out: [0.516 0.969 0.987 0.    0.917 0.171 0.18  0.377]
out: [0.515 0.97  0.987 0.    0.916 0.169 0.18  0.377]
out: [0.515 0.969 0.987 0.    0.916 0.167 0.18  0.377]
out: [0.516 0.968 0.987 0.    0.917 0.165 0.18  0.377]
out: [0.515 0.968 0.987 0.    0.917 0.164 0.18  0.377]
out: [0.514 0.968 0.987 0.    0.916 0.163 0.18  0.376]
out: [0.515 0.967 0.987 0.    0.916 0.162 0.18  0.376]
out: [0.515 0.968 0.987 0.    0.917 0.16  0.18  0.376]
out: [0.515 0.967 0.987 0.    0.917 0.159 0.18  0.376]
out: [0.513 0.967 0.987 0.    0.916 0.158 0.18  0.376]
out: [0.515 0.967 0.987 0.    0.915 0.157 0.18  0.376]
out: [0.515 0.967 0.987 0.    0.915 0.156 0.18  0.376]
out: [0.514 0.966 0.987 0.    0.914 0.156 0.18  0.376]
out: [0.513 0.967 0.988 0.    0.915 0.156 0.179 0.376]
out: [0.514 0.967 0.988 0.    0.915 0.155 0.179 0.376]
out: [0.515 0.967 0.988 0.    0.915 0.153 0.18  0.376]
out: [0.514 0.967 0.988 0.    0.915 0.153 0.18  0.377]
out: [0.513 0.967 0.988 0.    0.914 0.153 0.18  0.376]
out: [0.514 0.967 0.988 0.    0.915 0.153 0.18  0.376]
out: [0.513 0.966 0.987 0.    0.915 0.153 0.179 0.376]
out: [0.513 0.966 0.988 0.    0.915 0.153 0.18  0.376]
out: [0.513 0.967 0.988 0.    0.915 0.152 0.18  0.376]
out: [0.513 0.966 0.988 0.    0.915 0.152 0.18  0.376]
out: [0.514 0.966 0.988 0.    0.915 0.153 0.179 0.376]
out: [0.513 0.966 0.987 0.    0.915 0.153 0.179 0.376]
out: [0.515 0.967 0.988 0.    0.915 0.152 0.179 0.376]
out: [0.513 0.967 0.988 0.    0.914 0.152 0.179 0.376]
out: [0.472 1.    0.987 0.    0.915 0.152 0.181 0.376]
out: [0.505 0.981 0.986 0.    0.916 0.152 0.181 0.376]
out: [0.063 0.979 0.975 0.053 0.859 0.141 0.165 0.35 ]
out: [0.481 0.974 0.973 0.025 0.893 0.147 0.166 0.354]
out: [0.5   0.968 0.977 0.011 0.898 0.143 0.172 0.361]
out: [0.507 0.966 0.981 0.002 0.897 0.143 0.175 0.366]
out: [0.511 0.967 0.984 0.    0.898 0.143 0.177 0.368]
out: [0.513 0.967 0.986 0.    0.9   0.144 0.177 0.371]
out: [0.513 0.968 0.987 0.    0.901 0.144 0.178 0.372]
out: [0.474 1.    0.987 0.    0.899 0.146 0.179 0.374]
out: [0.505 0.983 0.987 0.    0.904 0.148 0.18  0.374]
out: [0.507 0.972 0.986 0.    0.905 0.148 0.179 0.376]
out: [0.511 0.969 0.986 0.    0.906 0.149 0.179 0.377]
out: [0.474 1.    0.987 0.    0.905 0.152 0.18  0.377]
out: [0.505 0.982 0.987 0.    0.908 0.154 0.18  0.376]
out: [0.507 0.971 0.986 0.    0.909 0.153 0.179 0.377]
out: [0.512 0.97  0.986 0.    0.911 0.154 0.178 0.378]
out: [0.514 0.968 0.987 0.    0.91  0.154 0.179 0.377]
out: [0.515 0.969 0.988 0.    0.911 0.153 0.179 0.377]
out: [0.515 0.969 0.988 0.    0.911 0.153 0.18  0.377]
out: [0.515 0.968 0.987 0.    0.911 0.154 0.18  0.377]
out: [0.459 1.    0.988 0.    0.911 0.157 0.181 0.377]
out: [0.506 0.983 0.986 0.    0.912 0.158 0.18  0.376]
out: [0.508 0.972 0.985 0.    0.912 0.157 0.179 0.377]
out: [0.512 0.971 0.986 0.    0.913 0.158 0.179 0.377]
out: [0.514 0.969 0.987 0.    0.914 0.158 0.179 0.377]
out: [0.515 0.969 0.987 0.    0.914 0.158 0.179 0.377]
out: [0.515 0.969 0.987 0.    0.914 0.158 0.179 0.377]
out: [0.515 0.969 0.987 0.    0.914 0.157 0.18  0.377]
out: [0.515 0.968 0.987 0.    0.914 0.157 0.18  0.376]
out: [0.516 0.967 0.987 0.    0.914 0.156 0.18  0.376]
out: [0.516 0.967 0.987 0.    0.913 0.155 0.18  0.376]
out: [0.516 0.967 0.987 0.    0.913 0.155 0.18  0.376]
out: [0.515 0.967 0.987 0.    0.915 0.156 0.18  0.376]
out: [0.515 0.968 0.987 0.    0.914 0.155 0.18  0.376]
out: [0.515 0.967 0.987 0.    0.914 0.154 0.18  0.377]
out: [0.514 0.967 0.988 0.    0.915 0.153 0.18  0.377]
out: [0.515 0.967 0.987 0.    0.915 0.153 0.18  0.377]
out: [0.514 0.967 0.988 0.    0.915 0.153 0.179 0.376]
out: [0.514 0.967 0.987 0.    0.914 0.153 0.179 0.376]
out: [0.514 0.967 0.988 0.    0.914 0.152 0.18  0.377]
out: [0.514 0.967 0.988 0.    0.914 0.152 0.18  0.377]
out: [0.514 0.967 0.988 0.    0.915 0.152 0.179 0.377]
out: [0.514 0.967 0.988 0.    0.916 0.152 0.179 0.377]
out: [0.512 0.966 0.987 0.    0.915 0.151 0.179 0.377]
out: [0.513 0.966 0.987 0.    0.917 0.151 0.179 0.377]
out: [0.513 0.966 0.987 0.    0.916 0.15  0.179 0.377]
out: [0.513 0.967 0.988 0.    0.914 0.149 0.179 0.377]
out: [0.514 0.966 0.987 0.    0.914 0.149 0.179 0.377]
out: [0.514 0.966 0.987 0.    0.913 0.149 0.179 0.377]
out: [0.514 0.966 0.987 0.    0.913 0.149 0.179 0.377]
out: [0.513 0.966 0.987 0.    0.913 0.149 0.179 0.377]
out: [0.514 0.967 0.988 0.    0.914 0.148 0.179 0.376]
out: [0.514 0.967 0.988 0.    0.915 0.147 0.179 0.376]
out: [0.513 0.967 0.988 0.    0.913 0.147 0.179 0.376]
out: [0.513 0.967 0.988 0.    0.913 0.147 0.179 0.376]
out: [0.513 0.966 0.988 0.    0.914 0.148 0.18  0.377]
out: [0.513 0.966 0.988 0.    0.913 0.148 0.179 0.376]
out: [0.514 0.966 0.988 0.    0.914 0.15  0.18  0.377]
out: [0.512 0.967 0.987 0.    0.914 0.15  0.179 0.377]
out: [0.513 0.967 0.988 0.    0.914 0.151 0.18  0.377]
out: [0.514 0.967 0.988 0.    0.914 0.15  0.179 0.377]
out: [0.513 0.967 0.988 0.    0.914 0.15  0.179 0.377]
out: [0.513 0.967 0.988 0.    0.914 0.151 0.179 0.376]
out: [0.513 0.966 0.988 0.    0.915 0.151 0.179 0.376]
out: [0.513 0.967 0.987 0.    0.914 0.151 0.179 0.377]
out: [0.513 0.967 0.988 0.    0.914 0.151 0.179 0.377]
out: [0.513 0.967 0.987 0.    0.914 0.151 0.179 0.377]
out: [0.513 0.967 0.987 0.    0.914 0.151 0.179 0.377]
out: [0.513 0.966 0.987 0.    0.914 0.152 0.179 0.377]
out: [0.513 0.967 0.987 0.    0.915 0.151 0.179 0.377]
out: [0.513 0.967 0.988 0.    0.914 0.15  0.179 0.377]
out: [0.514 0.967 0.988 0.    0.912 0.15  0.18  0.377]
out: [0.513 0.967 0.988 0.    0.913 0.149 0.18  0.377]
out: [0.459 1.    0.988 0.    0.912 0.151 0.181 0.377]
out: [0.507 0.981 0.985 0.    0.913 0.152 0.18  0.376]
out: [0.509 0.971 0.983 0.    0.914 0.152 0.178 0.376]
out: [0.512 0.969 0.985 0.    0.915 0.152 0.178 0.377]
out: [0.513 0.969 0.986 0.    0.915 0.152 0.179 0.377]
out: [0.513 0.968 0.987 0.    0.915 0.153 0.179 0.377]
out: [0.514 0.968 0.987 0.    0.916 0.153 0.179 0.377]
out: [0.513 0.968 0.987 0.    0.916 0.153 0.179 0.377]
out: [0.514 0.967 0.987 0.    0.916 0.153 0.179 0.377]
out: [0.514 0.967 0.988 0.    0.916 0.154 0.179 0.377]
out: [0.514 0.967 0.987 0.    0.916 0.154 0.179 0.377]
out: [0.514 0.967 0.987 0.    0.916 0.153 0.179 0.377]
out: [0.514 0.967 0.987 0.    0.916 0.151 0.179 0.377]
out: [0.515 0.967 0.988 0.    0.917 0.15  0.18  0.376]
out: [0.514 0.967 0.988 0.    0.915 0.151 0.18  0.376]
out: [0.514 0.967 0.988 0.    0.916 0.152 0.179 0.376]
out: [0.513 0.967 0.988 0.    0.917 0.151 0.179 0.376]
out: [0.512 0.967 0.988 0.    0.916 0.152 0.18  0.376]
out: [0.513 0.967 0.988 0.    0.916 0.152 0.18  0.376]
out: [0.514 0.967 0.987 0.    0.916 0.153 0.18  0.376]
out: [0.46  1.    0.987 0.    0.914 0.154 0.181 0.377]
out: [0.504 0.981 0.985 0.    0.917 0.155 0.18  0.376]
out: [0.507 0.971 0.984 0.    0.917 0.155 0.178 0.377]
out: [0.511 0.969 0.986 0.    0.917 0.155 0.178 0.377]
out: [0.513 0.969 0.987 0.    0.917 0.156 0.179 0.377]
out: [0.513 0.968 0.987 0.    0.917 0.156 0.179 0.377]
out: [0.514 0.968 0.987 0.    0.917 0.156 0.179 0.376]
out: [0.514 0.967 0.987 0.    0.916 0.156 0.18  0.376]
out: [0.514 0.967 0.987 0.    0.915 0.156 0.179 0.376]
out: [0.437 1.    0.988 0.    0.913 0.157 0.18  0.376]
out: [0.502 0.982 0.986 0.    0.917 0.159 0.18  0.375]
out: [0.507 0.971 0.984 0.    0.916 0.158 0.178 0.376]
