2024-11-20T06:48:17.103194,interface,0.6150433339389358,0.5092927911393114,0.6681309436269565,0.8004656317368762,0.39619612161451345,0.3595448146997643,0.1680260727895042,0.5590551181102362
2024-11-20T06:48:17.114941,interface,0.6150433339389358,0.5092927911393114,0.6681309436269565,0.8004656317368762,0.39619612161451345,0.3595448146997643,0.1680260727895042,0.5433070866141733
2024-11-20T06:48:17.117830,interface,0.6150433339389358,0.5092927911393114,0.6681309436269565,0.8004656317368762,0.39619612161451345,0.3595448146997643,0.1680260727895042,0.5196850393700787
2024-11-20T06:48:17.132418,interface,0.6150433339389358,0.5092927911393114,0.6681309436269565,0.8004656317368762,0.39619612161451345,0.3595448146997643,0.1680260727895042,0.49606299212598426
2024-11-20T06:48:17.135394,interface,0.6150433339389358,0.5092927911393114,0.6681309436269565,0.8004656317368762,0.39619612161451345,0.3595448146997643,0.1680260727895042,0.47244094488188976
2024-11-20T06:48:17.149807,interface,0.6150433339389358,0.5092927911393114,0.6681309436269565,0.8004656317368762,0.39619612161451345,0.3595448146997643,0.1680260727895042,0.4409448818897638
2024-11-20T06:48:17.152733,interface,0.6150433339389358,0.5092927911393114,0.6681309436269565,0.8004656317368762,0.39619612161451345,0.3595448146997643,0.1680260727895042,0.41732283464566927
2024-11-20T06:48:17.157720,interface,0.6150433339389358,0.5092927911393114,0.6681309436269565,0.8004656317368762,0.39619612161451345,0.3595448146997643,0.1680260727895042,0.4015748031496063
2024-11-20T06:48:17.173000,interface,0.6150433339389358,0.5092927911393114,0.6681309436269565,0.8004656317368762,0.39619612161451345,0.3595448146997643,0.1680260727895042,0.3858267716535433
2024-11-20T06:48:17.175930,interface,0.6150433339389358,0.5092927911393114,0.6681309436269565,0.8004656317368762,0.39619612161451345,0.3595448146997643,0.1680260727895042,0.3779527559055118
2024-11-20T06:48:17.219300,interface,0.6150433339389358,0.5092927911393114,0.6681309436269565,0.8004656317368762,0.39619612161451345,0.3595448146997643,0.1680260727895042,0.4015748031496063
2024-11-20T06:48:17.231142,interface,0.6150433339389358,0.5092927911393114,0.6681309436269565,0.8004656317368762,0.39619612161451345,0.3595448146997643,0.1680260727895042,0.4094488188976378
2024-11-20T06:48:17.233982,interface,0.6150433339389358,0.5092927911393114,0.6681309436269565,0.8004656317368762,0.39619612161451345,0.3595448146997643,0.1680260727895042,0.4251968503937008
2024-11-20T06:48:17.248477,interface,0.6150433339389358,0.5092927911393114,0.6681309436269565,0.8004656317368762,0.39619612161451345,0.3595448146997643,0.1680260727895042,0.4409448818897638
2024-11-20T06:48:17.251343,interface,0.6150433339389358,0.5092927911393114,0.6681309436269565,0.8004656317368762,0.39619612161451345,0.3595448146997643,0.1680260727895042,0.44881889763779526
2024-11-20T06:48:17.265890,interface,0.6150433339389358,0.5092927911393114,0.6681309436269565,0.8004656317368762,0.39619612161451345,0.3595448146997643,0.1680260727895042,0.4566929133858268
2024-11-20T06:48:17.268732,interface,0.6150433339389358,0.5092927911393114,0.6681309436269565,0.8004656317368762,0.39619612161451345,0.3595448146997643,0.1680260727895042,0.47244094488188976
2024-11-20T06:48:17.283291,interface,0.6150433339389358,0.5092927911393114,0.6681309436269565,0.8004656317368762,0.39619612161451345,0.3595448146997643,0.1680260727895042,0.47244094488188976
2024-11-20T06:48:17.286129,interface,0.6150433339389358,0.5092927911393114,0.6681309436269565,0.8004656317368762,0.39619612161451345,0.3595448146997643,0.1680260727895042,0.48031496062992124
2024-11-20T06:48:17.291003,interface,0.6150433339389358,0.5092927911393114,0.6681309436269565,0.8004656317368762,0.39619612161451345,0.3595448146997643,0.1680260727895042,0.4881889763779528
2024-11-20T06:48:17.312185,interface,0.6150433339389358,0.5092927911393114,0.6681309436269565,0.8004656317368762,0.39619612161451345,0.3595448146997643,0.1680260727895042,0.48031496062992124
2024-11-20T06:48:17.323921,interface,0.6150433339389358,0.5092927911393114,0.6681309436269565,0.8004656317368762,0.39619612161451345,0.3595448146997643,0.1680260727895042,0.4566929133858268
2024-11-20T06:48:17.326820,interface,0.6150433339389358,0.5092927911393114,0.6681309436269565,0.8004656317368762,0.39619612161451345,0.3595448146997643,0.1680260727895042,0.4094488188976378
2024-11-20T06:48:17.341348,interface,0.6150433339389358,0.5092927911393114,0.6681309436269565,0.8004656317368762,0.39619612161451345,0.3595448146997643,0.1680260727895042,0.3543307086614173
2024-11-20T06:48:17.344233,interface,0.6150433339389358,0.5092927911393114,0.6681309436269565,0.8004656317368762,0.39619612161451345,0.3595448146997643,0.1680260727895042,0.31496062992125984
2024-11-20T06:48:17.349113,interface,0.6150433339389358,0.5092927911393114,0.6681309436269565,0.8004656317368762,0.39619612161451345,0.3595448146997643,0.1680260727895042,0.28346456692913385
2024-11-20T06:48:17.364427,interface,0.6150433339389358,0.5092927911393114,0.6681309436269565,0.8004656317368762,0.39619612161451345,0.3595448146997643,0.1680260727895042,0.2755905511811024
2024-11-20T06:50:22.110881,interface,0.6150433339389358,0.5092927911393114,0.6681309436269565,0.8004656317368762,0.39619612161451345,0.3595448146997643,0.2047244094488189,0.2755905511811024
2024-11-20T06:50:22.122514,interface,0.6150433339389358,0.5092927911393114,0.6681309436269565,0.8004656317368762,0.39619612161451345,0.3595448146997643,0.2047244094488189,0.2755905511811024
2024-11-20T06:50:22.125385,interface,0.6150433339389358,0.5092927911393114,0.6681309436269565,0.8004656317368762,0.39619612161451345,0.3595448146997643,0.2125984251968504,0.2755905511811024
2024-11-20T06:50:22.130350,interface,0.6150433339389358,0.5092927911393114,0.6681309436269565,0.8004656317368762,0.39619612161451345,0.3595448146997643,0.2204724409448819,0.2755905511811024
2024-11-20T06:50:22.145643,interface,0.6150433339389358,0.5092927911393114,0.6681309436269565,0.8004656317368762,0.39619612161451345,0.3595448146997643,0.2283464566929134,0.2755905511811024
2024-11-20T06:50:22.148538,interface,0.6150433339389358,0.5092927911393114,0.6681309436269565,0.8004656317368762,0.39619612161451345,0.3595448146997643,0.23622047244094488,0.2755905511811024
2024-11-20T06:50:22.163059,interface,0.6150433339389358,0.5092927911393114,0.6681309436269565,0.8004656317368762,0.39619612161451345,0.3595448146997643,0.2440944881889764,0.2755905511811024
2024-11-20T06:50:22.165901,interface,0.6150433339389358,0.5092927911393114,0.6681309436269565,0.8004656317368762,0.39619612161451345,0.3595448146997643,0.25984251968503935,0.2755905511811024
2024-11-20T06:50:22.180479,interface,0.6150433339389358,0.5092927911393114,0.6681309436269565,0.8004656317368762,0.39619612161451345,0.3595448146997643,0.2755905511811024,0.2755905511811024
2024-11-20T06:50:22.183392,interface,0.6150433339389358,0.5092927911393114,0.6681309436269565,0.8004656317368762,0.39619612161451345,0.3595448146997643,0.29133858267716534,0.2755905511811024
2024-11-20T06:50:22.188318,interface,0.6150433339389358,0.5092927911393114,0.6681309436269565,0.8004656317368762,0.39619612161451345,0.3595448146997643,0.30708661417322836,0.2755905511811024
2024-11-20T06:50:22.203704,interface,0.6150433339389358,0.5092927911393114,0.6681309436269565,0.8004656317368762,0.39619612161451345,0.3595448146997643,0.3228346456692913,0.2755905511811024
2024-11-20T06:50:22.206589,interface,0.6150433339389358,0.5092927911393114,0.6681309436269565,0.8004656317368762,0.39619612161451345,0.3595448146997643,0.3464566929133858,0.2755905511811024
2024-11-20T06:50:22.221124,interface,0.6150433339389358,0.5092927911393114,0.6681309436269565,0.8004656317368762,0.39619612161451345,0.3595448146997643,0.36220472440944884,0.2755905511811024
2024-11-20T06:50:22.224031,interface,0.6150433339389358,0.5092927911393114,0.6681309436269565,0.8004656317368762,0.39619612161451345,0.3595448146997643,0.3858267716535433,0.2755905511811024
2024-11-20T06:50:22.238539,interface,0.6150433339389358,0.5092927911393114,0.6681309436269565,0.8004656317368762,0.39619612161451345,0.3595448146997643,0.4015748031496063,0.2755905511811024
2024-11-20T06:50:22.241373,interface,0.6150433339389358,0.5092927911393114,0.6681309436269565,0.8004656317368762,0.39619612161451345,0.3595448146997643,0.4251968503937008,0.2755905511811024
2024-11-20T06:50:22.255921,interface,0.6150433339389358,0.5092927911393114,0.6681309436269565,0.8004656317368762,0.39619612161451345,0.3595448146997643,0.44881889763779526,0.2755905511811024
2024-11-20T06:50:22.258820,interface,0.6150433339389358,0.5092927911393114,0.6681309436269565,0.8004656317368762,0.39619612161451345,0.3595448146997643,0.47244094488188976,0.2755905511811024
2024-11-20T06:50:22.263723,interface,0.6150433339389358,0.5092927911393114,0.6681309436269565,0.8004656317368762,0.39619612161451345,0.3595448146997643,0.49606299212598426,0.2755905511811024
2024-11-20T06:50:22.279152,interface,0.6150433339389358,0.5092927911393114,0.6681309436269565,0.8004656317368762,0.39619612161451345,0.3595448146997643,0.5196850393700787,0.2755905511811024
2024-11-20T06:50:22.282045,interface,0.6150433339389358,0.5092927911393114,0.6681309436269565,0.8004656317368762,0.39619612161451345,0.3595448146997643,0.5433070866141733,0.2755905511811024
2024-11-20T06:50:22.296558,interface,0.6150433339389358,0.5092927911393114,0.6681309436269565,0.8004656317368762,0.39619612161451345,0.3595448146997643,0.5748031496062992,0.2755905511811024
2024-11-20T06:50:22.299442,interface,0.6150433339389358,0.5092927911393114,0.6681309436269565,0.8004656317368762,0.39619612161451345,0.3595448146997643,0.5984251968503937,0.2755905511811024
2024-11-20T06:50:22.314024,interface,0.6150433339389358,0.5092927911393114,0.6681309436269565,0.8004656317368762,0.39619612161451345,0.3595448146997643,0.6141732283464567,0.2755905511811024
2024-11-20T06:50:22.316897,interface,0.6150433339389358,0.5092927911393114,0.6681309436269565,0.8004656317368762,0.39619612161451345,0.3595448146997643,0.6299212598425197,0.2755905511811024
2024-11-20T06:50:22.321782,interface,0.6150433339389358,0.5092927911393114,0.6681309436269565,0.8004656317368762,0.39619612161451345,0.3595448146997643,0.6456692913385826,0.2755905511811024
2024-11-20T06:50:22.337157,interface,0.6150433339389358,0.5092927911393114,0.6681309436269565,0.8004656317368762,0.39619612161451345,0.3595448146997643,0.6535433070866141,0.2755905511811024
2024-11-20T06:50:22.340052,interface,0.6150433339389358,0.5092927911393114,0.6681309436269565,0.8004656317368762,0.39619612161451345,0.3595448146997643,0.6614173228346457,0.2755905511811024
2024-11-20T06:50:22.354630,interface,0.6150433339389358,0.5092927911393114,0.6681309436269565,0.8004656317368762,0.39619612161451345,0.3595448146997643,0.6771653543307087,0.2755905511811024
2024-11-20T06:50:22.357495,interface,0.6150433339389358,0.5092927911393114,0.6681309436269565,0.8004656317368762,0.39619612161451345,0.3595448146997643,0.6771653543307087,0.2755905511811024
2024-11-20T06:50:22.371900,interface,0.6150433339389358,0.5092927911393114,0.6681309436269565,0.8004656317368762,0.39619612161451345,0.3595448146997643,0.6850393700787402,0.2755905511811024
2024-11-20T06:50:22.458976,interface,0.6150433339389358,0.5092927911393114,0.6681309436269565,0.8004656317368762,0.39619612161451345,0.3595448146997643,0.6850393700787402,0.2755905511811024
2024-11-20T06:50:22.470757,interface,0.6150433339389358,0.5092927911393114,0.6681309436269565,0.8004656317368762,0.39619612161451345,0.3595448146997643,0.6771653543307087,0.2755905511811024
2024-11-20T06:50:22.473587,interface,0.6150433339389358,0.5092927911393114,0.6681309436269565,0.8004656317368762,0.39619612161451345,0.3595448146997643,0.6771653543307087,0.2755905511811024
2024-11-20T06:50:22.488129,interface,0.6150433339389358,0.5092927911393114,0.6681309436269565,0.8004656317368762,0.39619612161451345,0.3595448146997643,0.6771653543307087,0.2755905511811024
2024-11-20T06:50:22.490993,interface,0.6150433339389358,0.5092927911393114,0.6681309436269565,0.8004656317368762,0.39619612161451345,0.3595448146997643,0.6614173228346457,0.2755905511811024
2024-11-20T06:50:22.505528,interface,0.6150433339389358,0.5092927911393114,0.6681309436269565,0.8004656317368762,0.39619612161451345,0.3595448146997643,0.6535433070866141,0.2755905511811024
2024-11-20T06:50:22.508450,interface,0.6150433339389358,0.5092927911393114,0.6681309436269565,0.8004656317368762,0.39619612161451345,0.3595448146997643,0.6456692913385826,0.2755905511811024
2024-11-20T06:50:22.513335,interface,0.6150433339389358,0.5092927911393114,0.6681309436269565,0.8004656317368762,0.39619612161451345,0.3595448146997643,0.6377952755905512,0.2755905511811024
2024-11-20T06:50:22.528768,interface,0.6150433339389358,0.5092927911393114,0.6681309436269565,0.8004656317368762,0.39619612161451345,0.3595448146997643,0.6141732283464567,0.2755905511811024
2024-11-20T06:50:22.531657,interface,0.6150433339389358,0.5092927911393114,0.6681309436269565,0.8004656317368762,0.39619612161451345,0.3595448146997643,0.5984251968503937,0.2755905511811024
2024-11-20T06:50:22.546186,interface,0.6150433339389358,0.5092927911393114,0.6681309436269565,0.8004656317368762,0.39619612161451345,0.3595448146997643,0.5826771653543307,0.2755905511811024
2024-11-20T06:50:22.549022,interface,0.6150433339389358,0.5092927911393114,0.6681309436269565,0.8004656317368762,0.39619612161451345,0.3595448146997643,0.5590551181102362,0.2755905511811024
2024-11-20T06:50:22.563566,interface,0.6150433339389358,0.5092927911393114,0.6681309436269565,0.8004656317368762,0.39619612161451345,0.3595448146997643,0.5354330708661418,0.2755905511811024
2024-11-20T06:50:22.566449,interface,0.6150433339389358,0.5092927911393114,0.6681309436269565,0.8004656317368762,0.39619612161451345,0.3595448146997643,0.5039370078740157,0.2755905511811024
2024-11-20T06:50:22.581025,interface,0.6150433339389358,0.5092927911393114,0.6681309436269565,0.8004656317368762,0.39619612161451345,0.3595448146997643,0.4881889763779528,0.2755905511811024
2024-11-20T06:50:22.583922,interface,0.6150433339389358,0.5092927911393114,0.6681309436269565,0.8004656317368762,0.39619612161451345,0.3595448146997643,0.4645669291338583,0.2755905511811024
2024-11-20T06:50:22.588782,interface,0.6150433339389358,0.5092927911393114,0.6681309436269565,0.8004656317368762,0.39619612161451345,0.3595448146997643,0.4409448818897638,0.2755905511811024
2024-11-20T06:50:22.604210,interface,0.6150433339389358,0.5092927911393114,0.6681309436269565,0.8004656317368762,0.39619612161451345,0.3595448146997643,0.4251968503937008,0.2755905511811024
2024-11-20T06:50:22.607100,interface,0.6150433339389358,0.5092927911393114,0.6681309436269565,0.8004656317368762,0.39619612161451345,0.3595448146997643,0.4094488188976378,0.2755905511811024
2024-11-20T06:50:22.621653,interface,0.6150433339389358,0.5092927911393114,0.6681309436269565,0.8004656317368762,0.39619612161451345,0.3595448146997643,0.3937007874015748,0.2755905511811024
2024-11-20T06:50:22.624577,interface,0.6150433339389358,0.5092927911393114,0.6681309436269565,0.8004656317368762,0.39619612161451345,0.3595448146997643,0.3779527559055118,0.2755905511811024
2024-11-20T06:50:22.639074,interface,0.6150433339389358,0.5092927911393114,0.6681309436269565,0.8004656317368762,0.39619612161451345,0.3595448146997643,0.3700787401574803,0.2755905511811024
2024-11-20T06:50:22.641913,interface,0.6150433339389358,0.5092927911393114,0.6681309436269565,0.8004656317368762,0.39619612161451345,0.3595448146997643,0.3543307086614173,0.2755905511811024
2024-11-20T06:50:22.646869,interface,0.6150433339389358,0.5092927911393114,0.6681309436269565,0.8004656317368762,0.39619612161451345,0.3595448146997643,0.3464566929133858,0.2755905511811024
2024-11-20T06:50:22.662304,interface,0.6150433339389358,0.5092927911393114,0.6681309436269565,0.8004656317368762,0.39619612161451345,0.3595448146997643,0.33070866141732286,0.2755905511811024
2024-11-20T06:50:22.665173,interface,0.6150433339389358,0.5092927911393114,0.6681309436269565,0.8004656317368762,0.39619612161451345,0.3595448146997643,0.33070866141732286,0.2755905511811024
2024-11-20T06:50:22.679704,interface,0.6150433339389358,0.5092927911393114,0.6681309436269565,0.8004656317368762,0.39619612161451345,0.3595448146997643,0.3228346456692913,0.2755905511811024
2024-11-20T06:50:22.682585,interface,0.6150433339389358,0.5092927911393114,0.6681309436269565,0.8004656317368762,0.39619612161451345,0.3595448146997643,0.31496062992125984,0.2755905511811024
2024-11-20T06:50:22.697093,interface,0.6150433339389358,0.5092927911393114,0.6681309436269565,0.8004656317368762,0.39619612161451345,0.3595448146997643,0.31496062992125984,0.2755905511811024
2024-11-20T06:50:22.699963,interface,0.6150433339389358,0.5092927911393114,0.6681309436269565,0.8004656317368762,0.39619612161451345,0.3595448146997643,0.30708661417322836,0.2755905511811024
2024-11-20T06:50:22.760803,interface,0.6150433339389358,0.5092927911393114,0.6681309436269565,0.8004656317368762,0.39619612161451345,0.3595448146997643,0.31496062992125984,0.2755905511811024
2024-11-20T06:50:22.772602,interface,0.6150433339389358,0.5092927911393114,0.6681309436269565,0.8004656317368762,0.39619612161451345,0.3595448146997643,0.31496062992125984,0.2755905511811024
2024-11-20T06:50:22.775471,interface,0.6150433339389358,0.5092927911393114,0.6681309436269565,0.8004656317368762,0.39619612161451345,0.3595448146997643,0.3228346456692913,0.2755905511811024
2024-11-20T06:50:22.780371,interface,0.6150433339389358,0.5092927911393114,0.6681309436269565,0.8004656317368762,0.39619612161451345,0.3595448146997643,0.33070866141732286,0.2755905511811024
2024-11-20T06:50:22.795801,interface,0.6150433339389358,0.5092927911393114,0.6681309436269565,0.8004656317368762,0.39619612161451345,0.3595448146997643,0.33858267716535434,0.2755905511811024
2024-11-20T06:50:22.798689,interface,0.6150433339389358,0.5092927911393114,0.6681309436269565,0.8004656317368762,0.39619612161451345,0.3595448146997643,0.36220472440944884,0.2755905511811024
2024-11-20T06:50:22.813170,interface,0.6150433339389358,0.5092927911393114,0.6681309436269565,0.8004656317368762,0.39619612161451345,0.3595448146997643,0.3858267716535433,0.2755905511811024
2024-11-20T06:50:22.816060,interface,0.6150433339389358,0.5092927911393114,0.6681309436269565,0.8004656317368762,0.39619612161451345,0.3595448146997643,0.41732283464566927,0.2755905511811024
2024-11-20T06:50:22.830601,interface,0.6150433339389358,0.5092927911393114,0.6681309436269565,0.8004656317368762,0.39619612161451345,0.3595448146997643,0.44881889763779526,0.2755905511811024
2024-11-20T06:50:22.833444,interface,0.6150433339389358,0.5092927911393114,0.6681309436269565,0.8004656317368762,0.39619612161451345,0.3595448146997643,0.49606299212598426,0.2755905511811024
2024-11-20T06:50:22.848016,interface,0.6150433339389358,0.5092927911393114,0.6681309436269565,0.8004656317368762,0.39619612161451345,0.3595448146997643,0.5354330708661418,0.2755905511811024
2024-11-20T06:50:22.850918,interface,0.6150433339389358,0.5092927911393114,0.6681309436269565,0.8004656317368762,0.39619612161451345,0.3595448146997643,0.5826771653543307,0.2755905511811024
2024-11-20T06:50:22.855838,interface,0.6150433339389358,0.5092927911393114,0.6681309436269565,0.8004656317368762,0.39619612161451345,0.3595448146997643,0.6141732283464567,0.2755905511811024
2024-11-20T06:50:22.871264,interface,0.6150433339389358,0.5092927911393114,0.6681309436269565,0.8004656317368762,0.39619612161451345,0.3595448146997643,0.6456692913385826,0.2755905511811024
2024-11-20T06:50:22.874121,interface,0.6150433339389358,0.5092927911393114,0.6681309436269565,0.8004656317368762,0.39619612161451345,0.3595448146997643,0.6771653543307087,0.2755905511811024
2024-11-20T06:50:22.888674,interface,0.6150433339389358,0.5092927911393114,0.6681309436269565,0.8004656317368762,0.39619612161451345,0.3595448146997643,0.7007874015748031,0.2755905511811024
2024-11-20T06:50:22.891584,interface,0.6150433339389358,0.5092927911393114,0.6681309436269565,0.8004656317368762,0.39619612161451345,0.3595448146997643,0.7244094488188977,0.2755905511811024
2024-11-20T06:50:22.905002,interface,0.6150433339389358,0.5092927911393114,0.6681309436269565,0.8004656317368762,0.39619612161451345,0.3595448146997643,0.7322834645669292,0.2755905511811024
2024-11-20T06:50:22.908170,interface,0.6150433339389358,0.5092927911393114,0.6681309436269565,0.8004656317368762,0.39619612161451345,0.3595448146997643,0.7480314960629921,0.2755905511811024
2024-11-20T06:50:22.913345,interface,0.6150433339389358,0.5092927911393114,0.6681309436269565,0.8004656317368762,0.39619612161451345,0.3595448146997643,0.7480314960629921,0.2755905511811024
2024-11-20T06:50:22.929160,interface,0.6150433339389358,0.5092927911393114,0.6681309436269565,0.8004656317368762,0.39619612161451345,0.3595448146997643,0.7559055118110236,0.2755905511811024
2024-11-20T06:50:22.952422,interface,0.6150433339389358,0.5092927911393114,0.6681309436269565,0.8004656317368762,0.39619612161451345,0.3595448146997643,0.7559055118110236,0.2755905511811024
2024-11-20T06:50:22.970205,interface,0.6150433339389358,0.5092927911393114,0.6681309436269565,0.8004656317368762,0.39619612161451345,0.3595448146997643,0.7480314960629921,0.2755905511811024
2024-11-20T06:50:22.973225,interface,0.6150433339389358,0.5092927911393114,0.6681309436269565,0.8004656317368762,0.39619612161451345,0.3595448146997643,0.7480314960629921,0.2755905511811024
2024-11-20T06:50:22.987313,interface,0.6150433339389358,0.5092927911393114,0.6681309436269565,0.8004656317368762,0.39619612161451345,0.3595448146997643,0.7322834645669292,0.2755905511811024
2024-11-20T06:50:22.990218,interface,0.6150433339389358,0.5092927911393114,0.6681309436269565,0.8004656317368762,0.39619612161451345,0.3595448146997643,0.7086614173228346,0.2755905511811024
2024-11-20T06:50:23.004772,interface,0.6150433339389358,0.5092927911393114,0.6681309436269565,0.8004656317368762,0.39619612161451345,0.3595448146997643,0.6929133858267716,0.2755905511811024
2024-11-20T06:50:23.007666,interface,0.6150433339389358,0.5092927911393114,0.6681309436269565,0.8004656317368762,0.39619612161451345,0.3595448146997643,0.6771653543307087,0.2755905511811024
2024-11-20T06:50:23.022182,interface,0.6150433339389358,0.5092927911393114,0.6681309436269565,0.8004656317368762,0.39619612161451345,0.3595448146997643,0.6535433070866141,0.2755905511811024
2024-11-20T06:50:23.025028,interface,0.6150433339389358,0.5092927911393114,0.6681309436269565,0.8004656317368762,0.39619612161451345,0.3595448146997643,0.6377952755905512,0.2755905511811024
2024-11-20T06:50:23.039584,interface,0.6150433339389358,0.5092927911393114,0.6681309436269565,0.8004656317368762,0.39619612161451345,0.3595448146997643,0.6141732283464567,0.2755905511811024
2024-11-20T06:50:23.042458,interface,0.6150433339389358,0.5092927911393114,0.6681309436269565,0.8004656317368762,0.39619612161451345,0.3595448146997643,0.5984251968503937,0.2755905511811024
2024-11-20T06:50:23.047336,interface,0.6150433339389358,0.5092927911393114,0.6681309436269565,0.8004656317368762,0.39619612161451345,0.3595448146997643,0.5826771653543307,0.2755905511811024
2024-11-20T06:50:23.062861,interface,0.6150433339389358,0.5092927911393114,0.6681309436269565,0.8004656317368762,0.39619612161451345,0.3595448146997643,0.5590551181102362,0.2755905511811024
2024-11-20T06:50:23.065700,interface,0.6150433339389358,0.5092927911393114,0.6681309436269565,0.8004656317368762,0.39619612161451345,0.3595448146997643,0.5433070866141733,0.2755905511811024
2024-11-20T06:50:23.080227,interface,0.6150433339389358,0.5092927911393114,0.6681309436269565,0.8004656317368762,0.39619612161451345,0.3595448146997643,0.5196850393700787,0.2755905511811024
2024-11-20T06:50:23.083116,interface,0.6150433339389358,0.5092927911393114,0.6681309436269565,0.8004656317368762,0.39619612161451345,0.3595448146997643,0.5039370078740157,0.2755905511811024
2024-11-20T06:50:23.097608,interface,0.6150433339389358,0.5092927911393114,0.6681309436269565,0.8004656317368762,0.39619612161451345,0.3595448146997643,0.4881889763779528,0.2755905511811024
2024-11-20T06:50:23.100478,interface,0.6150433339389358,0.5092927911393114,0.6681309436269565,0.8004656317368762,0.39619612161451345,0.3595448146997643,0.48031496062992124,0.2755905511811024
2024-11-20T06:50:23.105387,interface,0.6150433339389358,0.5092927911393114,0.6681309436269565,0.8004656317368762,0.39619612161451345,0.3595448146997643,0.4645669291338583,0.2755905511811024
2024-11-20T06:50:23.120826,interface,0.6150433339389358,0.5092927911393114,0.6681309436269565,0.8004656317368762,0.39619612161451345,0.3595448146997643,0.4645669291338583,0.2755905511811024
2024-11-20T06:50:23.123837,interface,0.6150433339389358,0.5092927911393114,0.6681309436269565,0.8004656317368762,0.39619612161451345,0.3595448146997643,0.4566929133858268,0.2755905511811024
2024-11-20T06:50:23.138312,interface,0.6150433339389358,0.5092927911393114,0.6681309436269565,0.8004656317368762,0.39619612161451345,0.3595448146997643,0.44881889763779526,0.2755905511811024
2024-11-20T06:50:23.141134,interface,0.6150433339389358,0.5092927911393114,0.6681309436269565,0.8004656317368762,0.39619612161451345,0.3595448146997643,0.44881889763779526,0.2755905511811024
2024-11-20T06:50:23.155555,interface,0.6150433339389358,0.5092927911393114,0.6681309436269565,0.8004656317368762,0.39619612161451345,0.3595448146997643,0.4409448818897638,0.2755905511811024
2024-11-20T06:50:23.213729,interface,0.6150433339389358,0.5092927911393114,0.6681309436269565,0.8004656317368762,0.39619612161451345,0.3595448146997643,0.44881889763779526,0.2755905511811024
2024-11-20T06:50:23.216635,interface,0.6150433339389358,0.5092927911393114,0.6681309436269565,0.8004656317368762,0.39619612161451345,0.3595448146997643,0.44881889763779526,0.2755905511811024
2024-11-20T06:50:23.231201,interface,0.6150433339389358,0.5092927911393114,0.6681309436269565,0.8004656317368762,0.39619612161451345,0.3595448146997643,0.4566929133858268,0.2755905511811024
2024-11-20T06:50:23.234038,interface,0.6150433339389358,0.5092927911393114,0.6681309436269565,0.8004656317368762,0.39619612161451345,0.3595448146997643,0.4645669291338583,0.2755905511811024
2024-11-20T06:50:23.238965,interface,0.6150433339389358,0.5092927911393114,0.6681309436269565,0.8004656317368762,0.39619612161451345,0.3595448146997643,0.47244094488188976,0.2755905511811024
2024-11-20T06:50:23.254447,interface,0.6150433339389358,0.5092927911393114,0.6681309436269565,0.8004656317368762,0.39619612161451345,0.3595448146997643,0.48031496062992124,0.2755905511811024
2024-11-20T06:50:23.257289,interface,0.6150433339389358,0.5092927911393114,0.6681309436269565,0.8004656317368762,0.39619612161451345,0.3595448146997643,0.4881889763779528,0.2755905511811024
2024-11-20T06:50:23.271785,interface,0.6150433339389358,0.5092927911393114,0.6681309436269565,0.8004656317368762,0.39619612161451345,0.3595448146997643,0.5039370078740157,0.2755905511811024
2024-11-20T06:50:23.274662,interface,0.6150433339389358,0.5092927911393114,0.6681309436269565,0.8004656317368762,0.39619612161451345,0.3595448146997643,0.5118110236220472,0.2755905511811024
2024-11-20T06:50:23.289189,interface,0.6150433339389358,0.5092927911393114,0.6681309436269565,0.8004656317368762,0.39619612161451345,0.3595448146997643,0.5275590551181102,0.2755905511811024
2024-11-20T06:50:23.292088,interface,0.6150433339389358,0.5092927911393114,0.6681309436269565,0.8004656317368762,0.39619612161451345,0.3595448146997643,0.5433070866141733,0.2755905511811024
2024-11-20T06:50:23.306639,interface,0.6150433339389358,0.5092927911393114,0.6681309436269565,0.8004656317368762,0.39619612161451345,0.3595448146997643,0.5590551181102362,0.2755905511811024
2024-11-20T06:50:23.309487,interface,0.6150433339389358,0.5092927911393114,0.6681309436269565,0.8004656317368762,0.39619612161451345,0.3595448146997643,0.5669291338582677,0.2755905511811024
2024-11-20T06:50:23.314386,interface,0.6150433339389358,0.5092927911393114,0.6681309436269565,0.8004656317368762,0.39619612161451345,0.3595448146997643,0.5826771653543307,0.2755905511811024
2024-11-20T06:50:23.329851,interface,0.6150433339389358,0.5092927911393114,0.6681309436269565,0.8004656317368762,0.39619612161451345,0.3595448146997643,0.5826771653543307,0.2755905511811024
2024-11-20T06:50:23.332689,interface,0.6150433339389358,0.5092927911393114,0.6681309436269565,0.8004656317368762,0.39619612161451345,0.3595448146997643,0.5905511811023622,0.2755905511811024
2024-11-20T06:50:23.364654,interface,0.6150433339389358,0.5092927911393114,0.6681309436269565,0.8004656317368762,0.39619612161451345,0.3595448146997643,0.5826771653543307,0.2755905511811024
2024-11-20T06:50:23.367598,interface,0.6150433339389358,0.5092927911393114,0.6681309436269565,0.8004656317368762,0.39619612161451345,0.3595448146997643,0.5748031496062992,0.2755905511811024
2024-11-20T06:50:23.372483,interface,0.6150433339389358,0.5092927911393114,0.6681309436269565,0.8004656317368762,0.39619612161451345,0.3595448146997643,0.5511811023622047,0.2755905511811024
2024-11-20T06:50:23.387947,interface,0.6150433339389358,0.5092927911393114,0.6681309436269565,0.8004656317368762,0.39619612161451345,0.3595448146997643,0.5275590551181102,0.2755905511811024
2024-11-20T06:50:23.390832,interface,0.6150433339389358,0.5092927911393114,0.6681309436269565,0.8004656317368762,0.39619612161451345,0.3595448146997643,0.5039370078740157,0.2755905511811024
2024-11-20T06:50:23.405288,interface,0.6150433339389358,0.5092927911393114,0.6681309436269565,0.8004656317368762,0.39619612161451345,0.3595448146997643,0.4881889763779528,0.2755905511811024
2024-11-20T06:50:23.408167,interface,0.6150433339389358,0.5092927911393114,0.6681309436269565,0.8004656317368762,0.39619612161451345,0.3595448146997643,0.4566929133858268,0.2755905511811024
2024-11-20T06:50:23.422726,interface,0.6150433339389358,0.5092927911393114,0.6681309436269565,0.8004656317368762,0.39619612161451345,0.3595448146997643,0.4330708661417323,0.2755905511811024
2024-11-20T06:50:23.425555,interface,0.6150433339389358,0.5092927911393114,0.6681309436269565,0.8004656317368762,0.39619612161451345,0.3595448146997643,0.41732283464566927,0.2755905511811024
2024-11-20T06:50:23.430438,interface,0.6150433339389358,0.5092927911393114,0.6681309436269565,0.8004656317368762,0.39619612161451345,0.3595448146997643,0.4015748031496063,0.2755905511811024
2024-11-20T06:50:23.445946,interface,0.6150433339389358,0.5092927911393114,0.6681309436269565,0.8004656317368762,0.39619612161451345,0.3595448146997643,0.3937007874015748,0.2755905511811024
2024-11-20T06:50:23.448763,interface,0.6150433339389358,0.5092927911393114,0.6681309436269565,0.8004656317368762,0.39619612161451345,0.3595448146997643,0.3937007874015748,0.2755905511811024
2024-11-20T06:50:23.498178,interface,0.6150433339389358,0.5092927911393114,0.6681309436269565,0.8004656317368762,0.39619612161451345,0.3595448146997643,0.3937007874015748,0.2755905511811024
2024-11-20T06:50:23.501005,interface,0.6150433339389358,0.5092927911393114,0.6681309436269565,0.8004656317368762,0.39619612161451345,0.3595448146997643,0.4094488188976378,0.2755905511811024
2024-11-20T06:50:23.505819,interface,0.6150433339389358,0.5092927911393114,0.6681309436269565,0.8004656317368762,0.39619612161451345,0.3595448146997643,0.4251968503937008,0.2755905511811024
2024-11-20T06:50:23.521362,interface,0.6150433339389358,0.5092927911393114,0.6681309436269565,0.8004656317368762,0.39619612161451345,0.3595448146997643,0.4645669291338583,0.2755905511811024
2024-11-20T06:50:23.524213,interface,0.6150433339389358,0.5092927911393114,0.6681309436269565,0.8004656317368762,0.39619612161451345,0.3595448146997643,0.5118110236220472,0.2755905511811024
2024-11-20T06:50:23.538822,interface,0.6150433339389358,0.5092927911393114,0.6681309436269565,0.8004656317368762,0.39619612161451345,0.3595448146997643,0.5590551181102362,0.2755905511811024
2024-11-20T06:50:23.541601,interface,0.6150433339389358,0.5092927911393114,0.6681309436269565,0.8004656317368762,0.39619612161451345,0.3595448146997643,0.5905511811023622,0.2755905511811024
2024-11-20T06:50:23.556196,interface,0.6150433339389358,0.5092927911393114,0.6681309436269565,0.8004656317368762,0.39619612161451345,0.3595448146997643,0.6220472440944882,0.2755905511811024
2024-11-20T06:50:23.559014,interface,0.6150433339389358,0.5092927911393114,0.6681309436269565,0.8004656317368762,0.39619612161451345,0.3595448146997643,0.6456692913385826,0.2755905511811024
2024-11-20T06:50:23.563871,interface,0.6150433339389358,0.5092927911393114,0.6681309436269565,0.8004656317368762,0.39619612161451345,0.3595448146997643,0.6535433070866141,0.2755905511811024
2024-11-20T06:50:23.579398,interface,0.6150433339389358,0.5092927911393114,0.6681309436269565,0.8004656317368762,0.39619612161451345,0.3595448146997643,0.6535433070866141,0.2755905511811024
2024-11-20T06:50:23.582244,interface,0.6150433339389358,0.5092927911393114,0.6681309436269565,0.8004656317368762,0.39619612161451345,0.3595448146997643,0.6535433070866141,0.2755905511811024
2024-11-20T06:50:23.619907,interface,0.6150433339389358,0.5092927911393114,0.6681309436269565,0.8004656317368762,0.39619612161451345,0.3595448146997643,0.6535433070866141,0.2755905511811024
2024-11-20T06:50:23.631690,interface,0.6150433339389358,0.5092927911393114,0.6681309436269565,0.8004656317368762,0.39619612161451345,0.3595448146997643,0.6377952755905512,0.2755905511811024
2024-11-20T06:50:23.634489,interface,0.6150433339389358,0.5092927911393114,0.6681309436269565,0.8004656317368762,0.39619612161451345,0.3595448146997643,0.6141732283464567,0.2755905511811024
2024-11-20T06:50:23.639313,interface,0.6150433339389358,0.5092927911393114,0.6681309436269565,0.8004656317368762,0.39619612161451345,0.3595448146997643,0.5905511811023622,0.2755905511811024
2024-11-20T06:50:23.654925,interface,0.6150433339389358,0.5092927911393114,0.6681309436269565,0.8004656317368762,0.39619612161451345,0.3595448146997643,0.5590551181102362,0.2755905511811024
2024-11-20T06:50:23.657737,interface,0.6150433339389358,0.5092927911393114,0.6681309436269565,0.8004656317368762,0.39619612161451345,0.3595448146997643,0.5275590551181102,0.2755905511811024
2024-11-20T06:50:23.672305,interface,0.6150433339389358,0.5092927911393114,0.6681309436269565,0.8004656317368762,0.39619612161451345,0.3595448146997643,0.49606299212598426,0.2755905511811024
2024-11-20T06:50:23.675092,interface,0.6150433339389358,0.5092927911393114,0.6681309436269565,0.8004656317368762,0.39619612161451345,0.3595448146997643,0.4645669291338583,0.2755905511811024
2024-11-20T06:50:23.689740,interface,0.6150433339389358,0.5092927911393114,0.6681309436269565,0.8004656317368762,0.39619612161451345,0.3595448146997643,0.4330708661417323,0.2755905511811024
2024-11-20T06:50:23.692574,interface,0.6150433339389358,0.5092927911393114,0.6681309436269565,0.8004656317368762,0.39619612161451345,0.3595448146997643,0.4094488188976378,0.2755905511811024
2024-11-20T06:50:23.697347,interface,0.6150433339389358,0.5092927911393114,0.6681309436269565,0.8004656317368762,0.39619612161451345,0.3595448146997643,0.3937007874015748,0.2755905511811024
2024-11-20T06:50:23.712918,interface,0.6150433339389358,0.5092927911393114,0.6681309436269565,0.8004656317368762,0.39619612161451345,0.3595448146997643,0.3700787401574803,0.2755905511811024
2024-11-20T06:50:23.715706,interface,0.6150433339389358,0.5092927911393114,0.6681309436269565,0.8004656317368762,0.39619612161451345,0.3595448146997643,0.3543307086614173,0.2755905511811024
2024-11-20T06:50:23.730330,interface,0.6150433339389358,0.5092927911393114,0.6681309436269565,0.8004656317368762,0.39619612161451345,0.3595448146997643,0.33858267716535434,0.2755905511811024
2024-11-20T06:50:23.733078,interface,0.6150433339389358,0.5092927911393114,0.6681309436269565,0.8004656317368762,0.39619612161451345,0.3595448146997643,0.3228346456692913,0.2755905511811024
2024-11-20T06:50:23.747816,interface,0.6150433339389358,0.5092927911393114,0.6681309436269565,0.8004656317368762,0.39619612161451345,0.3595448146997643,0.31496062992125984,0.2755905511811024
2024-11-20T06:50:23.750636,interface,0.6150433339389358,0.5092927911393114,0.6681309436269565,0.8004656317368762,0.39619612161451345,0.3595448146997643,0.2992125984251969,0.2755905511811024
2024-11-20T06:50:23.765221,interface,0.6150433339389358,0.5092927911393114,0.6681309436269565,0.8004656317368762,0.39619612161451345,0.3595448146997643,0.2992125984251969,0.2755905511811024
2024-11-20T06:50:23.768027,interface,0.6150433339389358,0.5092927911393114,0.6681309436269565,0.8004656317368762,0.39619612161451345,0.3595448146997643,0.28346456692913385,0.2755905511811024
2024-11-20T06:50:23.772847,interface,0.6150433339389358,0.5092927911393114,0.6681309436269565,0.8004656317368762,0.39619612161451345,0.3595448146997643,0.2755905511811024,0.2755905511811024
2024-11-20T06:50:23.834760,interface,0.6150433339389358,0.5092927911393114,0.6681309436269565,0.8004656317368762,0.39619612161451345,0.3595448146997643,0.2992125984251969,0.2755905511811024
2024-11-20T06:50:23.846499,interface,0.6150433339389358,0.5092927911393114,0.6681309436269565,0.8004656317368762,0.39619612161451345,0.3595448146997643,0.31496062992125984,0.2755905511811024
2024-11-20T06:50:23.849224,interface,0.6150433339389358,0.5092927911393114,0.6681309436269565,0.8004656317368762,0.39619612161451345,0.3595448146997643,0.3464566929133858,0.2755905511811024
2024-11-20T06:50:23.863903,interface,0.6150433339389358,0.5092927911393114,0.6681309436269565,0.8004656317368762,0.39619612161451345,0.3595448146997643,0.3779527559055118,0.2755905511811024
2024-11-20T06:50:23.866699,interface,0.6150433339389358,0.5092927911393114,0.6681309436269565,0.8004656317368762,0.39619612161451345,0.3595448146997643,0.41732283464566927,0.2755905511811024
2024-11-20T06:50:23.881355,interface,0.6150433339389358,0.5092927911393114,0.6681309436269565,0.8004656317368762,0.39619612161451345,0.3595448146997643,0.4645669291338583,0.2755905511811024
2024-11-20T06:50:23.884193,interface,0.6150433339389358,0.5092927911393114,0.6681309436269565,0.8004656317368762,0.39619612161451345,0.3595448146997643,0.5039370078740157,0.2755905511811024
2024-11-20T06:50:23.888982,interface,0.6150433339389358,0.5092927911393114,0.6681309436269565,0.8004656317368762,0.39619612161451345,0.3595448146997643,0.5433070866141733,0.2755905511811024
2024-11-20T06:50:23.904566,interface,0.6150433339389358,0.5092927911393114,0.6681309436269565,0.8004656317368762,0.39619612161451345,0.3595448146997643,0.5826771653543307,0.2755905511811024
2024-11-20T06:50:23.907380,interface,0.6150433339389358,0.5092927911393114,0.6681309436269565,0.8004656317368762,0.39619612161451345,0.3595448146997643,0.6062992125984252,0.2755905511811024
2024-11-20T06:50:23.921948,interface,0.6150433339389358,0.5092927911393114,0.6681309436269565,0.8004656317368762,0.39619612161451345,0.3595448146997643,0.6299212598425197,0.2755905511811024
2024-11-20T06:50:23.924722,interface,0.6150433339389358,0.5092927911393114,0.6681309436269565,0.8004656317368762,0.39619612161451345,0.3595448146997643,0.6535433070866141,0.2755905511811024
2024-11-20T06:50:23.939432,interface,0.6150433339389358,0.5092927911393114,0.6681309436269565,0.8004656317368762,0.39619612161451345,0.3595448146997643,0.6771653543307087,0.2755905511811024
2024-11-20T06:50:23.942255,interface,0.6150433339389358,0.5092927911393114,0.6681309436269565,0.8004656317368762,0.39619612161451345,0.3595448146997643,0.6929133858267716,0.2755905511811024
2024-11-20T06:50:23.956800,interface,0.6150433339389358,0.5092927911393114,0.6681309436269565,0.8004656317368762,0.39619612161451345,0.3595448146997643,0.7086614173228346,0.2755905511811024
2024-11-20T06:50:23.959577,interface,0.6150433339389358,0.5092927911393114,0.6681309436269565,0.8004656317368762,0.39619612161451345,0.3595448146997643,0.7322834645669292,0.2755905511811024
2024-11-20T06:50:23.964401,interface,0.6150433339389358,0.5092927911393114,0.6681309436269565,0.8004656317368762,0.39619612161451345,0.3595448146997643,0.7480314960629921,0.2755905511811024
2024-11-20T06:50:23.980220,interface,0.6150433339389358,0.5092927911393114,0.6681309436269565,0.8004656317368762,0.39619612161451345,0.3595448146997643,0.7637795275590551,0.2755905511811024
2024-11-20T06:50:23.983274,interface,0.6150433339389358,0.5092927911393114,0.6681309436269565,0.8004656317368762,0.39619612161451345,0.3595448146997643,0.7716535433070866,0.2755905511811024
2024-11-20T06:50:23.997428,interface,0.6150433339389358,0.5092927911393114,0.6681309436269565,0.8004656317368762,0.39619612161451345,0.3595448146997643,0.7874015748031497,0.2755905511811024
2024-11-20T06:50:24.000235,interface,0.6150433339389358,0.5092927911393114,0.6681309436269565,0.8004656317368762,0.39619612161451345,0.3595448146997643,0.7952755905511811,0.2755905511811024
2024-11-20T06:50:24.014807,interface,0.6150433339389358,0.5092927911393114,0.6681309436269565,0.8004656317368762,0.39619612161451345,0.3595448146997643,0.8031496062992126,0.2755905511811024
2024-11-20T06:50:24.017608,interface,0.6150433339389358,0.5092927911393114,0.6681309436269565,0.8004656317368762,0.39619612161451345,0.3595448146997643,0.8031496062992126,0.2755905511811024
2024-11-20T06:50:24.022442,interface,0.6150433339389358,0.5092927911393114,0.6681309436269565,0.8004656317368762,0.39619612161451345,0.3595448146997643,0.8110236220472441,0.2755905511811024
2024-11-20T06:50:24.037922,interface,0.6150433339389358,0.5092927911393114,0.6681309436269565,0.8004656317368762,0.39619612161451345,0.3595448146997643,0.8188976377952756,0.2755905511811024
2024-11-20T06:50:24.154176,interface,0.6150433339389358,0.5092927911393114,0.6681309436269565,0.8004656317368762,0.39619612161451345,0.3595448146997643,0.8188976377952756,0.2755905511811024
2024-11-20T06:50:24.157053,interface,0.6150433339389358,0.5092927911393114,0.6681309436269565,0.8004656317368762,0.39619612161451345,0.3595448146997643,0.8110236220472441,0.2755905511811024
2024-11-20T06:50:24.177264,interface,0.6150433339389358,0.5092927911393114,0.6681309436269565,0.8004656317368762,0.39619612161451345,0.3595448146997643,0.8031496062992126,0.2755905511811024
2024-11-20T06:50:24.188967,interface,0.6150433339389358,0.5092927911393114,0.6681309436269565,0.8004656317368762,0.39619612161451345,0.3595448146997643,0.8031496062992126,0.2755905511811024
2024-11-20T06:50:24.206396,interface,0.6150433339389358,0.5092927911393114,0.6681309436269565,0.8004656317368762,0.39619612161451345,0.3595448146997643,0.8031496062992126,0.2755905511811024
2024-11-20T06:50:24.209236,interface,0.6150433339389358,0.5092927911393114,0.6681309436269565,0.8004656317368762,0.39619612161451345,0.3595448146997643,0.7952755905511811,0.2755905511811024
2024-11-20T06:50:24.223806,interface,0.6150433339389358,0.5092927911393114,0.6681309436269565,0.8004656317368762,0.39619612161451345,0.3595448146997643,0.7874015748031497,0.2755905511811024
2024-11-20T06:50:24.226692,interface,0.6150433339389358,0.5092927911393114,0.6681309436269565,0.8004656317368762,0.39619612161451345,0.3595448146997643,0.7874015748031497,0.2755905511811024
2024-11-20T06:50:24.231560,interface,0.6150433339389358,0.5092927911393114,0.6681309436269565,0.8004656317368762,0.39619612161451345,0.3595448146997643,0.7716535433070866,0.2755905511811024
2024-11-20T06:50:24.247017,interface,0.6150433339389358,0.5092927911393114,0.6681309436269565,0.8004656317368762,0.39619612161451345,0.3595448146997643,0.7637795275590551,0.2755905511811024
2024-11-20T06:50:24.249790,interface,0.6150433339389358,0.5092927911393114,0.6681309436269565,0.8004656317368762,0.39619612161451345,0.3595448146997643,0.7480314960629921,0.2755905511811024
2024-11-20T06:50:24.264444,interface,0.6150433339389358,0.5092927911393114,0.6681309436269565,0.8004656317368762,0.39619612161451345,0.3595448146997643,0.7322834645669292,0.2755905511811024
2024-11-20T06:50:24.267302,interface,0.6150433339389358,0.5092927911393114,0.6681309436269565,0.8004656317368762,0.39619612161451345,0.3595448146997643,0.7086614173228346,0.2755905511811024
2024-11-20T06:50:24.281879,interface,0.6150433339389358,0.5092927911393114,0.6681309436269565,0.8004656317368762,0.39619612161451345,0.3595448146997643,0.6929133858267716,0.2755905511811024
2024-11-20T06:50:24.284642,interface,0.6150433339389358,0.5092927911393114,0.6681309436269565,0.8004656317368762,0.39619612161451345,0.3595448146997643,0.6771653543307087,0.2755905511811024
2024-11-20T06:50:24.289434,interface,0.6150433339389358,0.5092927911393114,0.6681309436269565,0.8004656317368762,0.39619612161451345,0.3595448146997643,0.6535433070866141,0.2755905511811024
2024-11-20T06:50:24.305044,interface,0.6150433339389358,0.5092927911393114,0.6681309436269565,0.8004656317368762,0.39619612161451345,0.3595448146997643,0.6299212598425197,0.2755905511811024
2024-11-20T06:50:24.307842,interface,0.6150433339389358,0.5092927911393114,0.6681309436269565,0.8004656317368762,0.39619612161451345,0.3595448146997643,0.6141732283464567,0.2755905511811024
2024-11-20T06:50:24.322553,interface,0.6150433339389358,0.5092927911393114,0.6681309436269565,0.8004656317368762,0.39619612161451345,0.3595448146997643,0.5984251968503937,0.2755905511811024
2024-11-20T06:50:24.325334,interface,0.6150433339389358,0.5092927911393114,0.6681309436269565,0.8004656317368762,0.39619612161451345,0.3595448146997643,0.5826771653543307,0.2755905511811024
2024-11-20T06:50:24.339870,interface,0.6150433339389358,0.5092927911393114,0.6681309436269565,0.8004656317368762,0.39619612161451345,0.3595448146997643,0.5669291338582677,0.2755905511811024
2024-11-20T06:50:24.342696,interface,0.6150433339389358,0.5092927911393114,0.6681309436269565,0.8004656317368762,0.39619612161451345,0.3595448146997643,0.5511811023622047,0.2755905511811024
2024-11-20T06:50:24.347531,interface,0.6150433339389358,0.5092927911393114,0.6681309436269565,0.8004656317368762,0.39619612161451345,0.3595448146997643,0.5433070866141733,0.2755905511811024
2024-11-20T06:50:24.363109,interface,0.6150433339389358,0.5092927911393114,0.6681309436269565,0.8004656317368762,0.39619612161451345,0.3595448146997643,0.5196850393700787,0.2755905511811024
2024-11-20T06:50:24.365876,interface,0.6150433339389358,0.5092927911393114,0.6681309436269565,0.8004656317368762,0.39619612161451345,0.3595448146997643,0.5039370078740157,0.2755905511811024
2024-11-20T06:50:24.380506,interface,0.6150433339389358,0.5092927911393114,0.6681309436269565,0.8004656317368762,0.39619612161451345,0.3595448146997643,0.4881889763779528,0.2755905511811024
2024-11-20T06:50:24.383302,interface,0.6150433339389358,0.5092927911393114,0.6681309436269565,0.8004656317368762,0.39619612161451345,0.3595448146997643,0.4645669291338583,0.2755905511811024
2024-11-20T06:50:24.397959,interface,0.6150433339389358,0.5092927911393114,0.6681309436269565,0.8004656317368762,0.39619612161451345,0.3595448146997643,0.4409448818897638,0.2755905511811024
2024-11-20T06:50:24.400763,interface,0.6150433339389358,0.5092927911393114,0.6681309436269565,0.8004656317368762,0.39619612161451345,0.3595448146997643,0.4094488188976378,0.2755905511811024
2024-11-20T06:50:24.415368,interface,0.6150433339389358,0.5092927911393114,0.6681309436269565,0.8004656317368762,0.39619612161451345,0.3595448146997643,0.3779527559055118,0.2755905511811024
2024-11-20T06:50:24.418175,interface,0.6150433339389358,0.5092927911393114,0.6681309436269565,0.8004656317368762,0.39619612161451345,0.3595448146997643,0.33070866141732286,0.2755905511811024
2024-11-20T06:50:24.423011,interface,0.6150433339389358,0.5092927911393114,0.6681309436269565,0.8004656317368762,0.39619612161451345,0.3595448146997643,0.29133858267716534,0.2755905511811024
2024-11-20T06:50:25.878320,interface,0.6150433339389358,0.5092927911393114,0.6681309436269565,0.8004656317368762,0.39619612161451345,0.7874015748031497,0.29133858267716534,0.2755905511811024
2024-11-20T06:50:25.889768,interface,0.6150433339389358,0.5092927911393114,0.6681309436269565,0.8004656317368762,0.39619612161451345,0.7716535433070866,0.29133858267716534,0.2755905511811024
2024-11-20T06:50:25.892662,interface,0.6150433339389358,0.5092927911393114,0.6681309436269565,0.8004656317368762,0.39619612161451345,0.7559055118110236,0.29133858267716534,0.2755905511811024
2024-11-20T06:50:25.907199,interface,0.6150433339389358,0.5092927911393114,0.6681309436269565,0.8004656317368762,0.39619612161451345,0.7244094488188977,0.29133858267716534,0.2755905511811024
2024-11-20T06:50:25.910101,interface,0.6150433339389358,0.5092927911393114,0.6681309436269565,0.8004656317368762,0.39619612161451345,0.7007874015748031,0.29133858267716534,0.2755905511811024
2024-11-20T06:50:25.924588,interface,0.6150433339389358,0.5092927911393114,0.6681309436269565,0.8004656317368762,0.39619612161451345,0.6692913385826772,0.29133858267716534,0.2755905511811024
2024-11-20T06:50:25.927491,interface,0.6150433339389358,0.5092927911393114,0.6681309436269565,0.8004656317368762,0.39619612161451345,0.6377952755905512,0.29133858267716534,0.2755905511811024
2024-11-20T06:50:25.942088,interface,0.6150433339389358,0.5092927911393114,0.6681309436269565,0.8004656317368762,0.39619612161451345,0.6062992125984252,0.29133858267716534,0.2755905511811024
2024-11-20T06:50:25.944981,interface,0.6150433339389358,0.5092927911393114,0.6681309436269565,0.8004656317368762,0.39619612161451345,0.5826771653543307,0.29133858267716534,0.2755905511811024
2024-11-20T06:50:25.949892,interface,0.6150433339389358,0.5092927911393114,0.6681309436269565,0.8004656317368762,0.39619612161451345,0.5511811023622047,0.29133858267716534,0.2755905511811024
2024-11-20T06:50:25.965239,interface,0.6150433339389358,0.5092927911393114,0.6681309436269565,0.8004656317368762,0.39619612161451345,0.5275590551181102,0.29133858267716534,0.2755905511811024
2024-11-20T06:50:25.968140,interface,0.6150433339389358,0.5092927911393114,0.6681309436269565,0.8004656317368762,0.39619612161451345,0.49606299212598426,0.29133858267716534,0.2755905511811024
2024-11-20T06:50:25.982703,interface,0.6150433339389358,0.5092927911393114,0.6681309436269565,0.8004656317368762,0.39619612161451345,0.47244094488188976,0.29133858267716534,0.2755905511811024
2024-11-20T06:50:25.985557,interface,0.6150433339389358,0.5092927911393114,0.6681309436269565,0.8004656317368762,0.39619612161451345,0.4409448818897638,0.29133858267716534,0.2755905511811024
2024-11-20T06:50:25.990485,interface,0.6150433339389358,0.5092927911393114,0.6681309436269565,0.8004656317368762,0.39619612161451345,0.41732283464566927,0.29133858267716534,0.2755905511811024
2024-11-20T06:50:26.005936,interface,0.6150433339389358,0.5092927911393114,0.6681309436269565,0.8004656317368762,0.39619612161451345,0.3937007874015748,0.29133858267716534,0.2755905511811024
2024-11-20T06:50:26.008875,interface,0.6150433339389358,0.5092927911393114,0.6681309436269565,0.8004656317368762,0.39619612161451345,0.3779527559055118,0.29133858267716534,0.2755905511811024
2024-11-20T06:50:26.023550,interface,0.6150433339389358,0.5092927911393114,0.6681309436269565,0.8004656317368762,0.39619612161451345,0.36220472440944884,0.29133858267716534,0.2755905511811024
2024-11-20T06:50:26.026702,interface,0.6150433339389358,0.5092927911393114,0.6681309436269565,0.8004656317368762,0.39619612161451345,0.3543307086614173,0.29133858267716534,0.2755905511811024
2024-11-20T06:50:26.040668,interface,0.6150433339389358,0.5092927911393114,0.6681309436269565,0.8004656317368762,0.39619612161451345,0.3464566929133858,0.29133858267716534,0.2755905511811024
2024-11-20T06:50:26.043552,interface,0.6150433339389358,0.5092927911393114,0.6681309436269565,0.8004656317368762,0.39619612161451345,0.33858267716535434,0.29133858267716534,0.2755905511811024
2024-11-20T06:50:26.058112,interface,0.6150433339389358,0.5092927911393114,0.6681309436269565,0.8004656317368762,0.39619612161451345,0.33858267716535434,0.29133858267716534,0.2755905511811024
2024-11-20T06:50:26.060983,interface,0.6150433339389358,0.5092927911393114,0.6681309436269565,0.8004656317368762,0.39619612161451345,0.33070866141732286,0.29133858267716534,0.2755905511811024
2024-11-20T06:50:26.139400,interface,0.6150433339389358,0.5092927911393114,0.6681309436269565,0.8004656317368762,0.39619612161451345,0.33858267716535434,0.29133858267716534,0.2755905511811024
2024-11-20T06:50:26.142302,interface,0.6150433339389358,0.5092927911393114,0.6681309436269565,0.8004656317368762,0.39619612161451345,0.3464566929133858,0.29133858267716534,0.2755905511811024
2024-11-20T06:50:26.156813,interface,0.6150433339389358,0.5092927911393114,0.6681309436269565,0.8004656317368762,0.39619612161451345,0.3464566929133858,0.29133858267716534,0.2755905511811024
2024-11-20T06:50:26.159696,interface,0.6150433339389358,0.5092927911393114,0.6681309436269565,0.8004656317368762,0.39619612161451345,0.36220472440944884,0.29133858267716534,0.2755905511811024
2024-11-20T06:50:26.174202,interface,0.6150433339389358,0.5092927911393114,0.6681309436269565,0.8004656317368762,0.39619612161451345,0.3700787401574803,0.29133858267716534,0.2755905511811024
2024-11-20T06:50:26.177064,interface,0.6150433339389358,0.5092927911393114,0.6681309436269565,0.8004656317368762,0.39619612161451345,0.3779527559055118,0.29133858267716534,0.2755905511811024
2024-11-20T06:50:26.191612,interface,0.6150433339389358,0.5092927911393114,0.6681309436269565,0.8004656317368762,0.39619612161451345,0.4015748031496063,0.29133858267716534,0.2755905511811024
2024-11-20T06:50:26.194518,interface,0.6150433339389358,0.5092927911393114,0.6681309436269565,0.8004656317368762,0.39619612161451345,0.41732283464566927,0.29133858267716534,0.2755905511811024
2024-11-20T06:50:26.199432,interface,0.6150433339389358,0.5092927911393114,0.6681309436269565,0.8004656317368762,0.39619612161451345,0.4251968503937008,0.29133858267716534,0.2755905511811024
2024-11-20T06:50:26.214881,interface,0.6150433339389358,0.5092927911393114,0.6681309436269565,0.8004656317368762,0.39619612161451345,0.44881889763779526,0.29133858267716534,0.2755905511811024
2024-11-20T06:50:26.217718,interface,0.6150433339389358,0.5092927911393114,0.6681309436269565,0.8004656317368762,0.39619612161451345,0.4645669291338583,0.29133858267716534,0.2755905511811024
2024-11-20T06:50:26.232244,interface,0.6150433339389358,0.5092927911393114,0.6681309436269565,0.8004656317368762,0.39619612161451345,0.4881889763779528,0.29133858267716534,0.2755905511811024
2024-11-20T06:50:26.235139,interface,0.6150433339389358,0.5092927911393114,0.6681309436269565,0.8004656317368762,0.39619612161451345,0.5118110236220472,0.29133858267716534,0.2755905511811024
2024-11-20T06:50:26.249665,interface,0.6150433339389358,0.5092927911393114,0.6681309436269565,0.8004656317368762,0.39619612161451345,0.5354330708661418,0.29133858267716534,0.2755905511811024
2024-11-20T06:50:26.252561,interface,0.6150433339389358,0.5092927911393114,0.6681309436269565,0.8004656317368762,0.39619612161451345,0.5511811023622047,0.29133858267716534,0.2755905511811024
2024-11-20T06:50:26.257442,interface,0.6150433339389358,0.5092927911393114,0.6681309436269565,0.8004656317368762,0.39619612161451345,0.5748031496062992,0.29133858267716534,0.2755905511811024
2024-11-20T06:50:26.272892,interface,0.6150433339389358,0.5092927911393114,0.6681309436269565,0.8004656317368762,0.39619612161451345,0.5984251968503937,0.29133858267716534,0.2755905511811024
2024-11-20T06:50:26.275817,interface,0.6150433339389358,0.5092927911393114,0.6681309436269565,0.8004656317368762,0.39619612161451345,0.6062992125984252,0.29133858267716534,0.2755905511811024
2024-11-20T06:50:26.290319,interface,0.6150433339389358,0.5092927911393114,0.6681309436269565,0.8004656317368762,0.39619612161451345,0.6220472440944882,0.29133858267716534,0.2755905511811024
2024-11-20T06:50:26.293172,interface,0.6150433339389358,0.5092927911393114,0.6681309436269565,0.8004656317368762,0.39619612161451345,0.6377952755905512,0.29133858267716534,0.2755905511811024
2024-11-20T06:50:26.371439,interface,0.6150433339389358,0.5092927911393114,0.6681309436269565,0.8004656317368762,0.39619612161451345,0.6299212598425197,0.29133858267716534,0.2755905511811024
2024-11-20T06:50:26.383253,interface,0.6150433339389358,0.5092927911393114,0.6681309436269565,0.8004656317368762,0.39619612161451345,0.6141732283464567,0.29133858267716534,0.2755905511811024
2024-11-20T06:50:26.386109,interface,0.6150433339389358,0.5092927911393114,0.6681309436269565,0.8004656317368762,0.39619612161451345,0.5984251968503937,0.29133858267716534,0.2755905511811024
2024-11-20T06:50:26.391015,interface,0.6150433339389358,0.5092927911393114,0.6681309436269565,0.8004656317368762,0.39619612161451345,0.5826771653543307,0.29133858267716534,0.2755905511811024
2024-11-20T06:50:26.406547,interface,0.6150433339389358,0.5092927911393114,0.6681309436269565,0.8004656317368762,0.39619612161451345,0.5669291338582677,0.29133858267716534,0.2755905511811024
2024-11-20T06:50:26.409406,interface,0.6150433339389358,0.5092927911393114,0.6681309436269565,0.8004656317368762,0.39619612161451345,0.5511811023622047,0.29133858267716534,0.2755905511811024
2024-11-20T06:50:26.423871,interface,0.6150433339389358,0.5092927911393114,0.6681309436269565,0.8004656317368762,0.39619612161451345,0.5275590551181102,0.29133858267716534,0.2755905511811024
2024-11-20T06:50:26.426751,interface,0.6150433339389358,0.5092927911393114,0.6681309436269565,0.8004656317368762,0.39619612161451345,0.5118110236220472,0.29133858267716534,0.2755905511811024
2024-11-20T06:50:26.441256,interface,0.6150433339389358,0.5092927911393114,0.6681309436269565,0.8004656317368762,0.39619612161451345,0.49606299212598426,0.29133858267716534,0.2755905511811024
2024-11-20T06:50:26.444154,interface,0.6150433339389358,0.5092927911393114,0.6681309436269565,0.8004656317368762,0.39619612161451345,0.47244094488188976,0.29133858267716534,0.2755905511811024
2024-11-20T06:50:26.449048,interface,0.6150433339389358,0.5092927911393114,0.6681309436269565,0.8004656317368762,0.39619612161451345,0.4566929133858268,0.29133858267716534,0.2755905511811024
2024-11-20T06:50:26.464454,interface,0.6150433339389358,0.5092927911393114,0.6681309436269565,0.8004656317368762,0.39619612161451345,0.4409448818897638,0.29133858267716534,0.2755905511811024
2024-11-20T06:50:26.467358,interface,0.6150433339389358,0.5092927911393114,0.6681309436269565,0.8004656317368762,0.39619612161451345,0.41732283464566927,0.29133858267716534,0.2755905511811024
2024-11-20T06:50:26.481893,interface,0.6150433339389358,0.5092927911393114,0.6681309436269565,0.8004656317368762,0.39619612161451345,0.4015748031496063,0.29133858267716534,0.2755905511811024
2024-11-20T06:50:26.484768,interface,0.6150433339389358,0.5092927911393114,0.6681309436269565,0.8004656317368762,0.39619612161451345,0.3937007874015748,0.29133858267716534,0.2755905511811024
2024-11-20T06:50:26.499266,interface,0.6150433339389358,0.5092927911393114,0.6681309436269565,0.8004656317368762,0.39619612161451345,0.3779527559055118,0.29133858267716534,0.2755905511811024
2024-11-20T06:50:26.502138,interface,0.6150433339389358,0.5092927911393114,0.6681309436269565,0.8004656317368762,0.39619612161451345,0.3779527559055118,0.29133858267716534,0.2755905511811024
2024-11-20T06:50:26.557298,interface,0.6150433339389358,0.5092927911393114,0.6681309436269565,0.8004656317368762,0.39619612161451345,0.3779527559055118,0.29133858267716534,0.2755905511811024
2024-11-20T06:50:26.560241,interface,0.6150433339389358,0.5092927911393114,0.6681309436269565,0.8004656317368762,0.39619612161451345,0.3937007874015748,0.29133858267716534,0.2755905511811024
2024-11-20T06:50:26.574771,interface,0.6150433339389358,0.5092927911393114,0.6681309436269565,0.8004656317368762,0.39619612161451345,0.4015748031496063,0.29133858267716534,0.2755905511811024
2024-11-20T06:50:26.577607,interface,0.6150433339389358,0.5092927911393114,0.6681309436269565,0.8004656317368762,0.39619612161451345,0.4094488188976378,0.29133858267716534,0.2755905511811024
2024-11-20T06:50:26.582556,interface,0.6150433339389358,0.5092927911393114,0.6681309436269565,0.8004656317368762,0.39619612161451345,0.4251968503937008,0.29133858267716534,0.2755905511811024
2024-11-20T06:50:26.598038,interface,0.6150433339389358,0.5092927911393114,0.6681309436269565,0.8004656317368762,0.39619612161451345,0.4409448818897638,0.29133858267716534,0.2755905511811024
2024-11-20T06:50:26.600897,interface,0.6150433339389358,0.5092927911393114,0.6681309436269565,0.8004656317368762,0.39619612161451345,0.4645669291338583,0.29133858267716534,0.2755905511811024
2024-11-20T06:50:26.615347,interface,0.6150433339389358,0.5092927911393114,0.6681309436269565,0.8004656317368762,0.39619612161451345,0.4881889763779528,0.29133858267716534,0.2755905511811024
2024-11-20T06:50:26.618230,interface,0.6150433339389358,0.5092927911393114,0.6681309436269565,0.8004656317368762,0.39619612161451345,0.5118110236220472,0.29133858267716534,0.2755905511811024
2024-11-20T06:50:26.632803,interface,0.6150433339389358,0.5092927911393114,0.6681309436269565,0.8004656317368762,0.39619612161451345,0.5433070866141733,0.29133858267716534,0.2755905511811024
2024-11-20T06:50:26.635687,interface,0.6150433339389358,0.5092927911393114,0.6681309436269565,0.8004656317368762,0.39619612161451345,0.5748031496062992,0.29133858267716534,0.2755905511811024
2024-11-20T06:50:26.650213,interface,0.6150433339389358,0.5092927911393114,0.6681309436269565,0.8004656317368762,0.39619612161451345,0.6062992125984252,0.29133858267716534,0.2755905511811024
2024-11-20T06:50:26.653108,interface,0.6150433339389358,0.5092927911393114,0.6681309436269565,0.8004656317368762,0.39619612161451345,0.6220472440944882,0.29133858267716534,0.2755905511811024
2024-11-20T06:50:26.657964,interface,0.6150433339389358,0.5092927911393114,0.6681309436269565,0.8004656317368762,0.39619612161451345,0.6456692913385826,0.29133858267716534,0.2755905511811024
2024-11-20T06:50:26.673392,interface,0.6150433339389358,0.5092927911393114,0.6681309436269565,0.8004656317368762,0.39619612161451345,0.6614173228346457,0.29133858267716534,0.2755905511811024
2024-11-20T06:50:26.676290,interface,0.6150433339389358,0.5092927911393114,0.6681309436269565,0.8004656317368762,0.39619612161451345,0.6614173228346457,0.29133858267716534,0.2755905511811024
2024-11-20T06:50:26.690855,interface,0.6150433339389358,0.5092927911393114,0.6681309436269565,0.8004656317368762,0.39619612161451345,0.6771653543307087,0.29133858267716534,0.2755905511811024
2024-11-20T06:50:26.693694,interface,0.6150433339389358,0.5092927911393114,0.6681309436269565,0.8004656317368762,0.39619612161451345,0.6850393700787402,0.29133858267716534,0.2755905511811024
2024-11-20T06:50:26.771977,interface,0.6150433339389358,0.5092927911393114,0.6681309436269565,0.8004656317368762,0.39619612161451345,0.6771653543307087,0.29133858267716534,0.2755905511811024
2024-11-20T06:50:26.795192,interface,0.6150433339389358,0.5092927911393114,0.6681309436269565,0.8004656317368762,0.39619612161451345,0.6692913385826772,0.29133858267716534,0.2755905511811024
2024-11-20T06:50:26.812618,interface,0.6150433339389358,0.5092927911393114,0.6681309436269565,0.8004656317368762,0.39619612161451345,0.6614173228346457,0.29133858267716534,0.2755905511811024
2024-11-20T06:50:26.824180,interface,0.6150433339389358,0.5092927911393114,0.6681309436269565,0.8004656317368762,0.39619612161451345,0.6614173228346457,0.29133858267716534,0.2755905511811024
2024-11-20T06:56:18.807001,interface,0.6150433339389358,0.5748031496062992,0.6681309436269565,0.8004656317368762,0.39619612161451345,0.6614173228346457,0.29133858267716534,0.2755905511811024
2024-11-20T06:56:18.818622,interface,0.6150433339389358,0.5905511811023622,0.6681309436269565,0.8004656317368762,0.39619612161451345,0.6614173228346457,0.29133858267716534,0.2755905511811024
2024-11-20T06:56:18.821484,interface,0.6150433339389358,0.6141732283464567,0.6681309436269565,0.8004656317368762,0.39619612161451345,0.6614173228346457,0.29133858267716534,0.2755905511811024
2024-11-20T06:56:18.835942,interface,0.6150433339389358,0.6456692913385826,0.6681309436269565,0.8004656317368762,0.39619612161451345,0.6614173228346457,0.29133858267716534,0.2755905511811024
2024-11-20T06:56:18.838820,interface,0.6150433339389358,0.6692913385826772,0.6681309436269565,0.8004656317368762,0.39619612161451345,0.6614173228346457,0.29133858267716534,0.2755905511811024
2024-11-20T06:56:18.853324,interface,0.6150433339389358,0.7007874015748031,0.6681309436269565,0.8004656317368762,0.39619612161451345,0.6614173228346457,0.29133858267716534,0.2755905511811024
2024-11-20T06:56:18.856218,interface,0.6150433339389358,0.7244094488188977,0.6681309436269565,0.8004656317368762,0.39619612161451345,0.6614173228346457,0.29133858267716534,0.2755905511811024
2024-11-20T06:56:18.870703,interface,0.6150433339389358,0.7559055118110236,0.6681309436269565,0.8004656317368762,0.39619612161451345,0.6614173228346457,0.29133858267716534,0.2755905511811024
2024-11-20T06:56:18.873528,interface,0.6150433339389358,0.7795275590551181,0.6681309436269565,0.8004656317368762,0.39619612161451345,0.6614173228346457,0.29133858267716534,0.2755905511811024
2024-11-20T06:56:18.878482,interface,0.6150433339389358,0.8031496062992126,0.6681309436269565,0.8004656317368762,0.39619612161451345,0.6614173228346457,0.29133858267716534,0.2755905511811024
2024-11-20T06:56:18.893927,interface,0.6150433339389358,0.8188976377952756,0.6681309436269565,0.8004656317368762,0.39619612161451345,0.6614173228346457,0.29133858267716534,0.2755905511811024
2024-11-20T06:56:18.896810,interface,0.6150433339389358,0.8346456692913385,0.6681309436269565,0.8004656317368762,0.39619612161451345,0.6614173228346457,0.29133858267716534,0.2755905511811024
2024-11-20T06:56:18.911360,interface,0.6150433339389358,0.84251968503937,0.6681309436269565,0.8004656317368762,0.39619612161451345,0.6614173228346457,0.29133858267716534,0.2755905511811024
2024-11-20T06:56:18.914239,interface,0.6150433339389358,0.8582677165354331,0.6681309436269565,0.8004656317368762,0.39619612161451345,0.6614173228346457,0.29133858267716534,0.2755905511811024
2024-11-20T06:56:18.928628,interface,0.6150433339389358,0.8582677165354331,0.6681309436269565,0.8004656317368762,0.39619612161451345,0.6614173228346457,0.29133858267716534,0.2755905511811024
2024-11-20T06:56:18.975061,interface,0.6150433339389358,0.84251968503937,0.6681309436269565,0.8004656317368762,0.39619612161451345,0.6614173228346457,0.29133858267716534,0.2755905511811024
2024-11-20T06:56:18.986811,interface,0.6150433339389358,0.8188976377952756,0.6681309436269565,0.8004656317368762,0.39619612161451345,0.6614173228346457,0.29133858267716534,0.2755905511811024
2024-11-20T06:56:18.989636,interface,0.6150433339389358,0.7874015748031497,0.6681309436269565,0.8004656317368762,0.39619612161451345,0.6614173228346457,0.29133858267716534,0.2755905511811024
2024-11-20T06:56:19.004198,interface,0.6150433339389358,0.7559055118110236,0.6681309436269565,0.8004656317368762,0.39619612161451345,0.6614173228346457,0.29133858267716534,0.2755905511811024
2024-11-20T06:56:19.007085,interface,0.6150433339389358,0.7244094488188977,0.6681309436269565,0.8004656317368762,0.39619612161451345,0.6614173228346457,0.29133858267716534,0.2755905511811024
2024-11-20T06:56:19.011945,interface,0.6150433339389358,0.6850393700787402,0.6681309436269565,0.8004656317368762,0.39619612161451345,0.6614173228346457,0.29133858267716534,0.2755905511811024
2024-11-20T06:56:19.027435,interface,0.6150433339389358,0.6377952755905512,0.6681309436269565,0.8004656317368762,0.39619612161451345,0.6614173228346457,0.29133858267716534,0.2755905511811024
2024-11-20T06:56:19.030302,interface,0.6150433339389358,0.5984251968503937,0.6681309436269565,0.8004656317368762,0.39619612161451345,0.6614173228346457,0.29133858267716534,0.2755905511811024
2024-11-20T06:56:19.044854,interface,0.6150433339389358,0.5590551181102362,0.6681309436269565,0.8004656317368762,0.39619612161451345,0.6614173228346457,0.29133858267716534,0.2755905511811024
2024-11-20T06:56:19.047749,interface,0.6150433339389358,0.5196850393700787,0.6681309436269565,0.8004656317368762,0.39619612161451345,0.6614173228346457,0.29133858267716534,0.2755905511811024
2024-11-20T06:56:19.062321,interface,0.6150433339389358,0.48031496062992124,0.6681309436269565,0.8004656317368762,0.39619612161451345,0.6614173228346457,0.29133858267716534,0.2755905511811024
2024-11-20T06:56:19.065178,interface,0.6150433339389358,0.4566929133858268,0.6681309436269565,0.8004656317368762,0.39619612161451345,0.6614173228346457,0.29133858267716534,0.2755905511811024
2024-11-20T06:56:19.070089,interface,0.6150433339389358,0.4251968503937008,0.6681309436269565,0.8004656317368762,0.39619612161451345,0.6614173228346457,0.29133858267716534,0.2755905511811024
2024-11-20T06:56:19.085475,interface,0.6150433339389358,0.4094488188976378,0.6681309436269565,0.8004656317368762,0.39619612161451345,0.6614173228346457,0.29133858267716534,0.2755905511811024
2024-11-20T06:56:19.088375,interface,0.6150433339389358,0.4015748031496063,0.6681309436269565,0.8004656317368762,0.39619612161451345,0.6614173228346457,0.29133858267716534,0.2755905511811024
2024-11-20T06:56:19.102740,interface,0.6150433339389358,0.3858267716535433,0.6681309436269565,0.8004656317368762,0.39619612161451345,0.6614173228346457,0.29133858267716534,0.2755905511811024
2024-11-20T06:56:19.120293,interface,0.6150433339389358,0.3779527559055118,0.6681309436269565,0.8004656317368762,0.39619612161451345,0.6614173228346457,0.29133858267716534,0.2755905511811024
2024-11-20T06:56:19.123177,interface,0.6150433339389358,0.3779527559055118,0.6681309436269565,0.8004656317368762,0.39619612161451345,0.6614173228346457,0.29133858267716534,0.2755905511811024
2024-11-20T06:56:19.311780,interface,0.6150433339389358,0.3858267716535433,0.6681309436269565,0.8004656317368762,0.39619612161451345,0.6614173228346457,0.29133858267716534,0.2755905511811024
2024-11-20T06:56:19.375547,interface,0.6150433339389358,0.3858267716535433,0.6681309436269565,0.8004656317368762,0.39619612161451345,0.6614173228346457,0.29133858267716534,0.2755905511811024
2024-11-20T06:56:19.410502,interface,0.6150433339389358,0.3858267716535433,0.6681309436269565,0.8004656317368762,0.39619612161451345,0.6614173228346457,0.29133858267716534,0.2755905511811024
2024-11-20T06:56:19.433691,interface,0.6150433339389358,0.3937007874015748,0.6681309436269565,0.8004656317368762,0.39619612161451345,0.6614173228346457,0.29133858267716534,0.2755905511811024
2024-11-20T06:56:19.445411,interface,0.6150433339389358,0.4015748031496063,0.6681309436269565,0.8004656317368762,0.39619612161451345,0.6614173228346457,0.29133858267716534,0.2755905511811024
2024-11-20T06:56:19.448299,interface,0.6150433339389358,0.4094488188976378,0.6681309436269565,0.8004656317368762,0.39619612161451345,0.6614173228346457,0.29133858267716534,0.2755905511811024
2024-11-20T06:56:19.462791,interface,0.6150433339389358,0.4094488188976378,0.6681309436269565,0.8004656317368762,0.39619612161451345,0.6614173228346457,0.29133858267716534,0.2755905511811024
2024-11-20T06:56:19.465629,interface,0.6150433339389358,0.4251968503937008,0.6681309436269565,0.8004656317368762,0.39619612161451345,0.6614173228346457,0.29133858267716534,0.2755905511811024
2024-11-20T06:56:19.470561,interface,0.6150433339389358,0.4330708661417323,0.6681309436269565,0.8004656317368762,0.39619612161451345,0.6614173228346457,0.29133858267716534,0.2755905511811024
2024-11-20T06:56:19.486063,interface,0.6150433339389358,0.4409448818897638,0.6681309436269565,0.8004656317368762,0.39619612161451345,0.6614173228346457,0.29133858267716534,0.2755905511811024
2024-11-20T06:56:19.488922,interface,0.6150433339389358,0.4645669291338583,0.6681309436269565,0.8004656317368762,0.39619612161451345,0.6614173228346457,0.29133858267716534,0.2755905511811024
2024-11-20T06:56:19.503419,interface,0.6150433339389358,0.48031496062992124,0.6681309436269565,0.8004656317368762,0.39619612161451345,0.6614173228346457,0.29133858267716534,0.2755905511811024
2024-11-20T06:56:19.506280,interface,0.6150433339389358,0.4881889763779528,0.6681309436269565,0.8004656317368762,0.39619612161451345,0.6614173228346457,0.29133858267716534,0.2755905511811024
2024-11-20T06:56:19.520822,interface,0.6150433339389358,0.5039370078740157,0.6681309436269565,0.8004656317368762,0.39619612161451345,0.6614173228346457,0.29133858267716534,0.2755905511811024
2024-11-20T06:56:19.523719,interface,0.6150433339389358,0.5196850393700787,0.6681309436269565,0.8004656317368762,0.39619612161451345,0.6614173228346457,0.29133858267716534,0.2755905511811024
2024-11-20T06:56:19.528641,interface,0.6150433339389358,0.5275590551181102,0.6681309436269565,0.8004656317368762,0.39619612161451345,0.6614173228346457,0.29133858267716534,0.2755905511811024
2024-11-20T06:56:19.544026,interface,0.6150433339389358,0.5433070866141733,0.6681309436269565,0.8004656317368762,0.39619612161451345,0.6614173228346457,0.29133858267716534,0.2755905511811024
2024-11-20T06:56:19.546912,interface,0.6150433339389358,0.5590551181102362,0.6681309436269565,0.8004656317368762,0.39619612161451345,0.6614173228346457,0.29133858267716534,0.2755905511811024
2024-11-20T06:56:19.561515,interface,0.6150433339389358,0.5669291338582677,0.6681309436269565,0.8004656317368762,0.39619612161451345,0.6614173228346457,0.29133858267716534,0.2755905511811024
2024-11-20T06:56:19.564399,interface,0.6150433339389358,0.5826771653543307,0.6681309436269565,0.8004656317368762,0.39619612161451345,0.6614173228346457,0.29133858267716534,0.2755905511811024
2024-11-20T06:56:19.578927,interface,0.6150433339389358,0.5905511811023622,0.6681309436269565,0.8004656317368762,0.39619612161451345,0.6614173228346457,0.29133858267716534,0.2755905511811024
2024-11-20T06:56:19.581762,interface,0.6150433339389358,0.6141732283464567,0.6681309436269565,0.8004656317368762,0.39619612161451345,0.6614173228346457,0.29133858267716534,0.2755905511811024
2024-11-20T06:56:19.586821,interface,0.6150433339389358,0.6299212598425197,0.6681309436269565,0.8004656317368762,0.39619612161451345,0.6614173228346457,0.29133858267716534,0.2755905511811024
2024-11-20T06:56:19.602208,interface,0.6150433339389358,0.6535433070866141,0.6681309436269565,0.8004656317368762,0.39619612161451345,0.6614173228346457,0.29133858267716534,0.2755905511811024
2024-11-20T06:56:19.605052,interface,0.6150433339389358,0.6771653543307087,0.6681309436269565,0.8004656317368762,0.39619612161451345,0.6614173228346457,0.29133858267716534,0.2755905511811024
2024-11-20T06:56:19.619552,interface,0.6150433339389358,0.7086614173228346,0.6681309436269565,0.8004656317368762,0.39619612161451345,0.6614173228346457,0.29133858267716534,0.2755905511811024
2024-11-20T06:56:19.622448,interface,0.6150433339389358,0.7322834645669292,0.6681309436269565,0.8004656317368762,0.39619612161451345,0.6614173228346457,0.29133858267716534,0.2755905511811024
2024-11-20T06:56:19.636971,interface,0.6150433339389358,0.7637795275590551,0.6681309436269565,0.8004656317368762,0.39619612161451345,0.6614173228346457,0.29133858267716534,0.2755905511811024
2024-11-20T06:56:19.639856,interface,0.6150433339389358,0.8031496062992126,0.6681309436269565,0.8004656317368762,0.39619612161451345,0.6614173228346457,0.29133858267716534,0.2755905511811024
2024-11-20T06:56:19.654650,interface,0.6150433339389358,0.84251968503937,0.6681309436269565,0.8004656317368762,0.39619612161451345,0.6614173228346457,0.29133858267716534,0.2755905511811024
2024-11-20T06:56:19.657765,interface,0.6150433339389358,0.8740157480314961,0.6681309436269565,0.8004656317368762,0.39619612161451345,0.6614173228346457,0.29133858267716534,0.2755905511811024
2024-11-20T06:56:19.662965,interface,0.6150433339389358,0.9133858267716536,0.6681309436269565,0.8004656317368762,0.39619612161451345,0.6614173228346457,0.29133858267716534,0.2755905511811024
2024-11-20T06:56:19.677586,interface,0.6150433339389358,0.937007874015748,0.6681309436269565,0.8004656317368762,0.39619612161451345,0.6614173228346457,0.29133858267716534,0.2755905511811024
2024-11-20T06:56:19.680482,interface,0.6150433339389358,0.952755905511811,0.6681309436269565,0.8004656317368762,0.39619612161451345,0.6614173228346457,0.29133858267716534,0.2755905511811024
2024-11-20T06:56:19.694863,interface,0.6150433339389358,0.9606299212598425,0.6681309436269565,0.8004656317368762,0.39619612161451345,0.6614173228346457,0.29133858267716534,0.2755905511811024
2024-11-20T06:56:19.729818,interface,0.6150433339389358,0.952755905511811,0.6681309436269565,0.8004656317368762,0.39619612161451345,0.6614173228346457,0.29133858267716534,0.2755905511811024
2024-11-20T06:56:19.732691,interface,0.6150433339389358,0.937007874015748,0.6681309436269565,0.8004656317368762,0.39619612161451345,0.6614173228346457,0.29133858267716534,0.2755905511811024
2024-11-20T06:56:19.737593,interface,0.6150433339389358,0.9133858267716536,0.6681309436269565,0.8004656317368762,0.39619612161451345,0.6614173228346457,0.29133858267716534,0.2755905511811024
2024-11-20T06:56:19.753071,interface,0.6150433339389358,0.889763779527559,0.6681309436269565,0.8004656317368762,0.39619612161451345,0.6614173228346457,0.29133858267716534,0.2755905511811024
2024-11-20T06:56:19.755981,interface,0.6150433339389358,0.8582677165354331,0.6681309436269565,0.8004656317368762,0.39619612161451345,0.6614173228346457,0.29133858267716534,0.2755905511811024
2024-11-20T06:56:19.770524,interface,0.6150433339389358,0.8031496062992126,0.6681309436269565,0.8004656317368762,0.39619612161451345,0.6614173228346457,0.29133858267716534,0.2755905511811024
2024-11-20T06:56:19.773397,interface,0.6150433339389358,0.7637795275590551,0.6681309436269565,0.8004656317368762,0.39619612161451345,0.6614173228346457,0.29133858267716534,0.2755905511811024
2024-11-20T06:56:19.787907,interface,0.6150433339389358,0.7086614173228346,0.6681309436269565,0.8004656317368762,0.39619612161451345,0.6614173228346457,0.29133858267716534,0.2755905511811024
2024-11-20T06:56:19.790814,interface,0.6150433339389358,0.6377952755905512,0.6681309436269565,0.8004656317368762,0.39619612161451345,0.6614173228346457,0.29133858267716534,0.2755905511811024
2024-11-20T06:56:19.795737,interface,0.6150433339389358,0.5826771653543307,0.6681309436269565,0.8004656317368762,0.39619612161451345,0.6614173228346457,0.29133858267716534,0.2755905511811024
2024-11-20T06:56:19.811144,interface,0.6150433339389358,0.5354330708661418,0.6681309436269565,0.8004656317368762,0.39619612161451345,0.6614173228346457,0.29133858267716534,0.2755905511811024
2024-11-20T06:56:19.814098,interface,0.6150433339389358,0.4881889763779528,0.6681309436269565,0.8004656317368762,0.39619612161451345,0.6614173228346457,0.29133858267716534,0.2755905511811024
2024-11-20T06:56:19.828521,interface,0.6150433339389358,0.4566929133858268,0.6681309436269565,0.8004656317368762,0.39619612161451345,0.6614173228346457,0.29133858267716534,0.2755905511811024
2024-11-20T06:56:19.831429,interface,0.6150433339389358,0.4251968503937008,0.6681309436269565,0.8004656317368762,0.39619612161451345,0.6614173228346457,0.29133858267716534,0.2755905511811024
2024-11-20T06:56:19.845940,interface,0.6150433339389358,0.4094488188976378,0.6681309436269565,0.8004656317368762,0.39619612161451345,0.6614173228346457,0.29133858267716534,0.2755905511811024
2024-11-20T06:56:19.848808,interface,0.6150433339389358,0.3937007874015748,0.6681309436269565,0.8004656317368762,0.39619612161451345,0.6614173228346457,0.29133858267716534,0.2755905511811024
2024-11-20T06:56:19.853660,interface,0.6150433339389358,0.3858267716535433,0.6681309436269565,0.8004656317368762,0.39619612161451345,0.6614173228346457,0.29133858267716534,0.2755905511811024
2024-11-20T06:56:19.868977,interface,0.6150433339389358,0.3779527559055118,0.6681309436269565,0.8004656317368762,0.39619612161451345,0.6614173228346457,0.29133858267716534,0.2755905511811024
2024-11-20T06:56:19.967672,interface,0.6150433339389358,0.3858267716535433,0.6681309436269565,0.8004656317368762,0.39619612161451345,0.6614173228346457,0.29133858267716534,0.2755905511811024
2024-11-20T06:56:19.990927,interface,0.6150433339389358,0.3858267716535433,0.6681309436269565,0.8004656317368762,0.39619612161451345,0.6614173228346457,0.29133858267716534,0.2755905511811024
2024-11-20T06:56:20.153649,interface,0.6150433339389358,0.3858267716535433,0.6681309436269565,0.8004656317368762,0.39619612161451345,0.6614173228346457,0.29133858267716534,0.2755905511811024
2024-11-20T06:56:20.156562,interface,0.6150433339389358,0.3779527559055118,0.6681309436269565,0.8004656317368762,0.39619612161451345,0.6614173228346457,0.29133858267716534,0.2755905511811024
2024-11-20T06:56:20.170883,interface,0.6150433339389358,0.3700787401574803,0.6681309436269565,0.8004656317368762,0.39619612161451345,0.6614173228346457,0.29133858267716534,0.2755905511811024
2024-11-20T06:56:20.182840,interface,0.6150433339389358,0.3700787401574803,0.6681309436269565,0.8004656317368762,0.39619612161451345,0.6614173228346457,0.29133858267716534,0.2755905511811024
2024-11-20T06:56:20.194131,interface,0.6150433339389358,0.36220472440944884,0.6681309436269565,0.8004656317368762,0.39619612161451345,0.6614173228346457,0.29133858267716534,0.2755905511811024
2024-11-20T06:56:20.211825,interface,0.6150433339389358,0.3543307086614173,0.6681309436269565,0.8004656317368762,0.39619612161451345,0.6614173228346457,0.29133858267716534,0.2755905511811024
2024-11-20T06:56:20.215151,interface,0.6150433339389358,0.3464566929133858,0.6681309436269565,0.8004656317368762,0.39619612161451345,0.6614173228346457,0.29133858267716534,0.2755905511811024
2024-11-20T06:56:20.229186,interface,0.6150433339389358,0.3464566929133858,0.6681309436269565,0.8004656317368762,0.39619612161451345,0.6614173228346457,0.29133858267716534,0.2755905511811024
2024-11-20T06:56:20.232578,interface,0.6150433339389358,0.33858267716535434,0.6681309436269565,0.8004656317368762,0.39619612161451345,0.6614173228346457,0.29133858267716534,0.2755905511811024
2024-11-20T06:56:20.246376,interface,0.6150433339389358,0.33070866141732286,0.6681309436269565,0.8004656317368762,0.39619612161451345,0.6614173228346457,0.29133858267716534,0.2755905511811024
2024-11-20T06:56:20.257924,interface,0.6150433339389358,0.33070866141732286,0.6681309436269565,0.8004656317368762,0.39619612161451345,0.6614173228346457,0.29133858267716534,0.2755905511811024
2024-11-20T06:56:20.269773,interface,0.6150433339389358,0.31496062992125984,0.6681309436269565,0.8004656317368762,0.39619612161451345,0.6614173228346457,0.29133858267716534,0.2755905511811024
2024-11-20T06:56:20.272669,interface,0.6150433339389358,0.31496062992125984,0.6681309436269565,0.8004656317368762,0.39619612161451345,0.6614173228346457,0.29133858267716534,0.2755905511811024
2024-11-20T06:56:20.287143,interface,0.6150433339389358,0.30708661417322836,0.6681309436269565,0.8004656317368762,0.39619612161451345,0.6614173228346457,0.29133858267716534,0.2755905511811024
2024-11-20T06:56:20.289987,interface,0.6150433339389358,0.29133858267716534,0.6681309436269565,0.8004656317368762,0.39619612161451345,0.6614173228346457,0.29133858267716534,0.2755905511811024
2024-11-20T06:56:20.304511,interface,0.6150433339389358,0.29133858267716534,0.6681309436269565,0.8004656317368762,0.39619612161451345,0.6614173228346457,0.29133858267716534,0.2755905511811024
2024-11-20T06:56:20.307398,interface,0.6150433339389358,0.2755905511811024,0.6681309436269565,0.8004656317368762,0.39619612161451345,0.6614173228346457,0.29133858267716534,0.2755905511811024
2024-11-20T06:56:20.312310,interface,0.6150433339389358,0.2755905511811024,0.6681309436269565,0.8004656317368762,0.39619612161451345,0.6614173228346457,0.29133858267716534,0.2755905511811024
2024-11-20T06:56:20.327741,interface,0.6150433339389358,0.2677165354330709,0.6681309436269565,0.8004656317368762,0.39619612161451345,0.6614173228346457,0.29133858267716534,0.2755905511811024
2024-11-20T06:56:20.330647,interface,0.6150433339389358,0.25196850393700787,0.6681309436269565,0.8004656317368762,0.39619612161451345,0.6614173228346457,0.29133858267716534,0.2755905511811024
2024-11-20T06:56:20.345167,interface,0.6150433339389358,0.25196850393700787,0.6681309436269565,0.8004656317368762,0.39619612161451345,0.6614173228346457,0.29133858267716534,0.2755905511811024
2024-11-20T06:56:20.348069,interface,0.6150433339389358,0.2440944881889764,0.6681309436269565,0.8004656317368762,0.39619612161451345,0.6614173228346457,0.29133858267716534,0.2755905511811024
2024-11-20T06:56:20.362638,interface,0.6150433339389358,0.23622047244094488,0.6681309436269565,0.8004656317368762,0.39619612161451345,0.6614173228346457,0.29133858267716534,0.2755905511811024
2024-11-20T06:56:20.365465,interface,0.6150433339389358,0.23622047244094488,0.6681309436269565,0.8004656317368762,0.39619612161451345,0.6614173228346457,0.29133858267716534,0.2755905511811024
2024-11-20T06:56:20.380021,interface,0.6150433339389358,0.2283464566929134,0.6681309436269565,0.8004656317368762,0.39619612161451345,0.6614173228346457,0.29133858267716534,0.2755905511811024
2024-11-20T06:56:20.382907,interface,0.6150433339389358,0.2204724409448819,0.6681309436269565,0.8004656317368762,0.39619612161451345,0.6614173228346457,0.29133858267716534,0.2755905511811024
2024-11-20T06:56:20.387804,interface,0.6150433339389358,0.2204724409448819,0.6681309436269565,0.8004656317368762,0.39619612161451345,0.6614173228346457,0.29133858267716534,0.2755905511811024
2024-11-20T06:56:20.403217,interface,0.6150433339389358,0.2204724409448819,0.6681309436269565,0.8004656317368762,0.39619612161451345,0.6614173228346457,0.29133858267716534,0.2755905511811024
2024-11-20T06:56:20.406074,interface,0.6150433339389358,0.2125984251968504,0.6681309436269565,0.8004656317368762,0.39619612161451345,0.6614173228346457,0.29133858267716534,0.2755905511811024
2024-11-20T06:56:20.426388,interface,0.6150433339389358,0.2047244094488189,0.6681309436269565,0.8004656317368762,0.39619612161451345,0.6614173228346457,0.29133858267716534,0.2755905511811024
2024-11-20T06:56:20.438034,interface,0.6150433339389358,0.1968503937007874,0.6681309436269565,0.8004656317368762,0.39619612161451345,0.6614173228346457,0.29133858267716534,0.2755905511811024
2024-11-20T06:56:20.440921,interface,0.6150433339389358,0.1968503937007874,0.6681309436269565,0.8004656317368762,0.39619612161451345,0.6614173228346457,0.29133858267716534,0.2755905511811024
2024-11-20T06:56:20.466926,interface,0.6150433339389358,0.1889763779527559,0.6681309436269565,0.8004656317368762,0.39619612161451345,0.6614173228346457,0.29133858267716534,0.2755905511811024
2024-11-20T06:56:20.542432,interface,0.6150433339389358,0.1968503937007874,0.6681309436269565,0.8004656317368762,0.39619612161451345,0.6614173228346457,0.29133858267716534,0.2755905511811024
2024-11-20T06:56:20.554170,interface,0.6150433339389358,0.2047244094488189,0.6681309436269565,0.8004656317368762,0.39619612161451345,0.6614173228346457,0.29133858267716534,0.2755905511811024
2024-11-20T06:56:20.557003,interface,0.6150433339389358,0.2204724409448819,0.6681309436269565,0.8004656317368762,0.39619612161451345,0.6614173228346457,0.29133858267716534,0.2755905511811024
2024-11-20T06:56:20.571548,interface,0.6150433339389358,0.2440944881889764,0.6681309436269565,0.8004656317368762,0.39619612161451345,0.6614173228346457,0.29133858267716534,0.2755905511811024
2024-11-20T06:56:20.574414,interface,0.6150433339389358,0.2677165354330709,0.6681309436269565,0.8004656317368762,0.39619612161451345,0.6614173228346457,0.29133858267716534,0.2755905511811024
2024-11-20T06:56:20.579356,interface,0.6150433339389358,0.29133858267716534,0.6681309436269565,0.8004656317368762,0.39619612161451345,0.6614173228346457,0.29133858267716534,0.2755905511811024
2024-11-20T06:56:20.594771,interface,0.6150433339389358,0.31496062992125984,0.6681309436269565,0.8004656317368762,0.39619612161451345,0.6614173228346457,0.29133858267716534,0.2755905511811024
2024-11-20T06:56:20.597630,interface,0.6150433339389358,0.33070866141732286,0.6681309436269565,0.8004656317368762,0.39619612161451345,0.6614173228346457,0.29133858267716534,0.2755905511811024
2024-11-20T06:56:20.612169,interface,0.6150433339389358,0.3464566929133858,0.6681309436269565,0.8004656317368762,0.39619612161451345,0.6614173228346457,0.29133858267716534,0.2755905511811024
2024-11-20T06:56:20.615052,interface,0.6150433339389358,0.36220472440944884,0.6681309436269565,0.8004656317368762,0.39619612161451345,0.6614173228346457,0.29133858267716534,0.2755905511811024
2024-11-20T06:56:20.629450,interface,0.6150433339389358,0.3700787401574803,0.6681309436269565,0.8004656317368762,0.39619612161451345,0.6614173228346457,0.29133858267716534,0.2755905511811024
2024-11-20T06:56:20.676072,interface,0.6150433339389358,0.36220472440944884,0.6681309436269565,0.8004656317368762,0.39619612161451345,0.6614173228346457,0.29133858267716534,0.2755905511811024
2024-11-20T06:56:20.687602,interface,0.6150433339389358,0.3464566929133858,0.6681309436269565,0.8004656317368762,0.39619612161451345,0.6614173228346457,0.29133858267716534,0.2755905511811024
2024-11-20T06:56:20.690466,interface,0.6150433339389358,0.33070866141732286,0.6681309436269565,0.8004656317368762,0.39619612161451345,0.6614173228346457,0.29133858267716534,0.2755905511811024
2024-11-20T06:56:20.705030,interface,0.6150433339389358,0.31496062992125984,0.6681309436269565,0.8004656317368762,0.39619612161451345,0.6614173228346457,0.29133858267716534,0.2755905511811024
2024-11-20T06:56:20.707946,interface,0.6150433339389358,0.29133858267716534,0.6681309436269565,0.8004656317368762,0.39619612161451345,0.6614173228346457,0.29133858267716534,0.2755905511811024
2024-11-20T06:56:20.712826,interface,0.6150433339389358,0.2677165354330709,0.6681309436269565,0.8004656317368762,0.39619612161451345,0.6614173228346457,0.29133858267716534,0.2755905511811024
2024-11-20T06:56:20.728296,interface,0.6150433339389358,0.23622047244094488,0.6681309436269565,0.8004656317368762,0.39619612161451345,0.6614173228346457,0.29133858267716534,0.2755905511811024
2024-11-20T06:56:20.731164,interface,0.6150433339389358,0.2204724409448819,0.6681309436269565,0.8004656317368762,0.39619612161451345,0.6614173228346457,0.29133858267716534,0.2755905511811024
2024-11-20T06:56:20.745672,interface,0.6150433339389358,0.1889763779527559,0.6681309436269565,0.8004656317368762,0.39619612161451345,0.6614173228346457,0.29133858267716534,0.2755905511811024
2024-11-20T06:56:20.748545,interface,0.6150433339389358,0.16535433070866143,0.6681309436269565,0.8004656317368762,0.39619612161451345,0.6614173228346457,0.29133858267716534,0.2755905511811024
2024-11-20T06:56:20.763138,interface,0.6150433339389358,0.15748031496062992,0.6681309436269565,0.8004656317368762,0.39619612161451345,0.6614173228346457,0.29133858267716534,0.2755905511811024
2024-11-20T06:56:20.765969,interface,0.6150433339389358,0.14173228346456693,0.6681309436269565,0.8004656317368762,0.39619612161451345,0.6614173228346457,0.29133858267716534,0.2755905511811024
2024-11-20T06:56:20.770974,interface,0.6150433339389358,0.13385826771653545,0.6681309436269565,0.8004656317368762,0.39619612161451345,0.6614173228346457,0.29133858267716534,0.2755905511811024
2024-11-20T06:56:20.786157,interface,0.6150433339389358,0.12598425196850394,0.6681309436269565,0.8004656317368762,0.39619612161451345,0.6614173228346457,0.29133858267716534,0.2755905511811024
2024-11-20T06:56:20.821186,interface,0.6150433339389358,0.14173228346456693,0.6681309436269565,0.8004656317368762,0.39619612161451345,0.6614173228346457,0.29133858267716534,0.2755905511811024
2024-11-20T06:56:20.824148,interface,0.6150433339389358,0.15748031496062992,0.6681309436269565,0.8004656317368762,0.39619612161451345,0.6614173228346457,0.29133858267716534,0.2755905511811024
2024-11-20T06:56:20.838649,interface,0.6150433339389358,0.18110236220472442,0.6681309436269565,0.8004656317368762,0.39619612161451345,0.6614173228346457,0.29133858267716534,0.2755905511811024
2024-11-20T06:56:20.841477,interface,0.6150433339389358,0.2125984251968504,0.6681309436269565,0.8004656317368762,0.39619612161451345,0.6614173228346457,0.29133858267716534,0.2755905511811024
2024-11-20T06:56:20.846424,interface,0.6150433339389358,0.23622047244094488,0.6681309436269565,0.8004656317368762,0.39619612161451345,0.6614173228346457,0.29133858267716534,0.2755905511811024
2024-11-20T06:56:20.861815,interface,0.6150433339389358,0.25984251968503935,0.6681309436269565,0.8004656317368762,0.39619612161451345,0.6614173228346457,0.29133858267716534,0.2755905511811024
2024-11-20T06:56:20.864705,interface,0.6150433339389358,0.2755905511811024,0.6681309436269565,0.8004656317368762,0.39619612161451345,0.6614173228346457,0.29133858267716534,0.2755905511811024
2024-11-20T06:56:20.879203,interface,0.6150433339389358,0.29133858267716534,0.6681309436269565,0.8004656317368762,0.39619612161451345,0.6614173228346457,0.29133858267716534,0.2755905511811024
2024-11-20T06:56:20.882045,interface,0.6150433339389358,0.2992125984251969,0.6681309436269565,0.8004656317368762,0.39619612161451345,0.6614173228346457,0.29133858267716534,0.2755905511811024
2024-11-20T06:56:20.896449,interface,0.6150433339389358,0.2992125984251969,0.6681309436269565,0.8004656317368762,0.39619612161451345,0.6614173228346457,0.29133858267716534,0.2755905511811024
2024-11-20T06:56:20.919824,interface,0.6150433339389358,0.29133858267716534,0.6681309436269565,0.8004656317368762,0.39619612161451345,0.6614173228346457,0.29133858267716534,0.2755905511811024
2024-11-20T06:56:20.922715,interface,0.6150433339389358,0.2755905511811024,0.6681309436269565,0.8004656317368762,0.39619612161451345,0.6614173228346457,0.29133858267716534,0.2755905511811024
2024-11-20T06:56:20.937243,interface,0.6150433339389358,0.25196850393700787,0.6681309436269565,0.8004656317368762,0.39619612161451345,0.6614173228346457,0.29133858267716534,0.2755905511811024
2024-11-20T06:56:20.940133,interface,0.6150433339389358,0.23622047244094488,0.6681309436269565,0.8004656317368762,0.39619612161451345,0.6614173228346457,0.29133858267716534,0.2755905511811024
2024-11-20T06:56:20.954667,interface,0.6150433339389358,0.2047244094488189,0.6681309436269565,0.8004656317368762,0.39619612161451345,0.6614173228346457,0.29133858267716534,0.2755905511811024
2024-11-20T06:56:20.957498,interface,0.6150433339389358,0.18110236220472442,0.6681309436269565,0.8004656317368762,0.39619612161451345,0.6614173228346457,0.29133858267716534,0.2755905511811024
2024-11-20T06:56:20.972090,interface,0.6150433339389358,0.16535433070866143,0.6681309436269565,0.8004656317368762,0.39619612161451345,0.6614173228346457,0.29133858267716534,0.2755905511811024
2024-11-20T06:56:20.974986,interface,0.6150433339389358,0.14173228346456693,0.6681309436269565,0.8004656317368762,0.39619612161451345,0.6614173228346457,0.29133858267716534,0.2755905511811024
2024-11-20T06:56:20.979888,interface,0.6150433339389358,0.12598425196850394,0.6681309436269565,0.8004656317368762,0.39619612161451345,0.6614173228346457,0.29133858267716534,0.2755905511811024
2024-11-20T06:56:20.995297,interface,0.6150433339389358,0.12598425196850394,0.6681309436269565,0.8004656317368762,0.39619612161451345,0.6614173228346457,0.29133858267716534,0.2755905511811024
2024-11-20T06:56:20.998147,interface,0.6150433339389358,0.11811023622047244,0.6681309436269565,0.8004656317368762,0.39619612161451345,0.6614173228346457,0.29133858267716534,0.2755905511811024
2024-11-20T06:56:21.030140,interface,0.6150433339389358,0.13385826771653545,0.6681309436269565,0.8004656317368762,0.39619612161451345,0.6614173228346457,0.29133858267716534,0.2755905511811024
2024-11-20T06:56:21.032998,interface,0.6150433339389358,0.15748031496062992,0.6681309436269565,0.8004656317368762,0.39619612161451345,0.6614173228346457,0.29133858267716534,0.2755905511811024
2024-11-20T06:56:21.037853,interface,0.6150433339389358,0.1968503937007874,0.6681309436269565,0.8004656317368762,0.39619612161451345,0.6614173228346457,0.29133858267716534,0.2755905511811024
2024-11-20T06:56:21.053352,interface,0.6150433339389358,0.2283464566929134,0.6681309436269565,0.8004656317368762,0.39619612161451345,0.6614173228346457,0.29133858267716534,0.2755905511811024
2024-11-20T06:56:21.056243,interface,0.6150433339389358,0.2677165354330709,0.6681309436269565,0.8004656317368762,0.39619612161451345,0.6614173228346457,0.29133858267716534,0.2755905511811024
2024-11-20T06:56:21.070755,interface,0.6150433339389358,0.29133858267716534,0.6681309436269565,0.8004656317368762,0.39619612161451345,0.6614173228346457,0.29133858267716534,0.2755905511811024
2024-11-20T06:56:21.073598,interface,0.6150433339389358,0.33070866141732286,0.6681309436269565,0.8004656317368762,0.39619612161451345,0.6614173228346457,0.29133858267716534,0.2755905511811024
2024-11-20T06:56:21.088183,interface,0.6150433339389358,0.3464566929133858,0.6681309436269565,0.8004656317368762,0.39619612161451345,0.6614173228346457,0.29133858267716534,0.2755905511811024
2024-11-20T06:56:21.091055,interface,0.6150433339389358,0.3464566929133858,0.6681309436269565,0.8004656317368762,0.39619612161451345,0.6614173228346457,0.29133858267716534,0.2755905511811024
2024-11-20T06:56:21.128790,interface,0.6150433339389358,0.33070866141732286,0.6681309436269565,0.8004656317368762,0.39619612161451345,0.6614173228346457,0.29133858267716534,0.2755905511811024
2024-11-20T06:56:21.131697,interface,0.6150433339389358,0.29133858267716534,0.6681309436269565,0.8004656317368762,0.39619612161451345,0.6614173228346457,0.29133858267716534,0.2755905511811024
2024-11-20T06:56:21.146202,interface,0.6150433339389358,0.25196850393700787,0.6681309436269565,0.8004656317368762,0.39619612161451345,0.6614173228346457,0.29133858267716534,0.2755905511811024
2024-11-20T06:56:21.149071,interface,0.6150433339389358,0.2125984251968504,0.6681309436269565,0.8004656317368762,0.39619612161451345,0.6614173228346457,0.29133858267716534,0.2755905511811024
2024-11-20T06:56:21.163493,interface,0.6150433339389358,0.16535433070866143,0.6681309436269565,0.8004656317368762,0.39619612161451345,0.6614173228346457,0.29133858267716534,0.2755905511811024
