2024-08-29T17:24:16.092016,interface,0.023622047244094488,0.24705323697796566,0.2638683454925468,0.6552671965982682,0.8666657537063839,0.0288781062258191,0.9677243005494692,0.3085326841919038
2024-08-29T17:24:16.153554,interface,0.031496062992125984,0.24705323697796566,0.2638683454925468,0.6552671965982682,0.8666657537063839,0.0288781062258191,0.9677243005494692,0.3085326841919038
2024-08-29T17:24:16.156485,interface,0.03937007874015748,0.24705323697796566,0.2638683454925468,0.6552671965982682,0.8666657537063839,0.0288781062258191,0.9677243005494692,0.3085326841919038
2024-08-29T17:24:16.159052,interface,0.047244094488188976,0.24705323697796566,0.2638683454925468,0.6552671965982682,0.8666657537063839,0.0288781062258191,0.9677243005494692,0.3085326841919038
2024-08-29T17:24:16.161509,interface,0.06299212598425197,0.24705323697796566,0.2638683454925468,0.6552671965982682,0.8666657537063839,0.0288781062258191,0.9677243005494692,0.3085326841919038
2024-08-29T17:24:16.164119,interface,0.07874015748031496,0.24705323697796566,0.2638683454925468,0.6552671965982682,0.8666657537063839,0.0288781062258191,0.9677243005494692,0.3085326841919038
2024-08-29T17:24:16.167055,interface,0.09448818897637795,0.24705323697796566,0.2638683454925468,0.6552671965982682,0.8666657537063839,0.0288781062258191,0.9677243005494692,0.3085326841919038
2024-08-29T17:24:16.169910,interface,0.11023622047244094,0.24705323697796566,0.2638683454925468,0.6552671965982682,0.8666657537063839,0.0288781062258191,0.9677243005494692,0.3085326841919038
2024-08-29T17:24:16.172428,interface,0.13385826771653545,0.24705323697796566,0.2638683454925468,0.6552671965982682,0.8666657537063839,0.0288781062258191,0.9677243005494692,0.3085326841919038
2024-08-29T17:24:16.175245,interface,0.14960629921259844,0.24705323697796566,0.2638683454925468,0.6552671965982682,0.8666657537063839,0.0288781062258191,0.9677243005494692,0.3085326841919038
2024-08-29T17:24:16.177581,interface,0.1732283464566929,0.24705323697796566,0.2638683454925468,0.6552671965982682,0.8666657537063839,0.0288781062258191,0.9677243005494692,0.3085326841919038
2024-08-29T17:24:16.180474,interface,0.1968503937007874,0.24705323697796566,0.2638683454925468,0.6552671965982682,0.8666657537063839,0.0288781062258191,0.9677243005494692,0.3085326841919038
2024-08-29T17:24:16.183260,interface,0.2283464566929134,0.24705323697796566,0.2638683454925468,0.6552671965982682,0.8666657537063839,0.0288781062258191,0.9677243005494692,0.3085326841919038
2024-08-29T17:24:16.185602,interface,0.2677165354330709,0.24705323697796566,0.2638683454925468,0.6552671965982682,0.8666657537063839,0.0288781062258191,0.9677243005494692,0.3085326841919038
2024-08-29T17:24:16.188109,interface,0.2992125984251969,0.24705323697796566,0.2638683454925468,0.6552671965982682,0.8666657537063839,0.0288781062258191,0.9677243005494692,0.3085326841919038
2024-08-29T17:24:16.194927,interface,0.33858267716535434,0.24705323697796566,0.2638683454925468,0.6552671965982682,0.8666657537063839,0.0288781062258191,0.9677243005494692,0.3085326841919038
2024-08-29T17:24:16.201330,interface,0.3700787401574803,0.24705323697796566,0.2638683454925468,0.6552671965982682,0.8666657537063839,0.0288781062258191,0.9677243005494692,0.3085326841919038
2024-08-29T17:24:16.211593,interface,0.4015748031496063,0.24705323697796566,0.2638683454925468,0.6552671965982682,0.8666657537063839,0.0288781062258191,0.9677243005494692,0.3085326841919038
2024-08-29T17:24:16.222310,interface,0.4251968503937008,0.24705323697796566,0.2638683454925468,0.6552671965982682,0.8666657537063839,0.0288781062258191,0.9677243005494692,0.3085326841919038
2024-08-29T17:24:16.224650,interface,0.44881889763779526,0.24705323697796566,0.2638683454925468,0.6552671965982682,0.8666657537063839,0.0288781062258191,0.9677243005494692,0.3085326841919038
2024-08-29T17:24:16.231536,interface,0.4645669291338583,0.24705323697796566,0.2638683454925468,0.6552671965982682,0.8666657537063839,0.0288781062258191,0.9677243005494692,0.3085326841919038
2024-08-29T17:24:16.238320,interface,0.4645669291338583,0.24705323697796566,0.2638683454925468,0.6552671965982682,0.8666657537063839,0.0288781062258191,0.9677243005494692,0.3085326841919038
2024-08-29T17:24:16.264437,interface,0.4566929133858268,0.24705323697796566,0.2638683454925468,0.6552671965982682,0.8666657537063839,0.0288781062258191,0.9677243005494692,0.3085326841919038
2024-08-29T17:24:16.270918,interface,0.4409448818897638,0.24705323697796566,0.2638683454925468,0.6552671965982682,0.8666657537063839,0.0288781062258191,0.9677243005494692,0.3085326841919038
2024-08-29T17:24:16.282722,interface,0.4251968503937008,0.24705323697796566,0.2638683454925468,0.6552671965982682,0.8666657537063839,0.0288781062258191,0.9677243005494692,0.3085326841919038
2024-08-29T17:24:16.290518,interface,0.4015748031496063,0.24705323697796566,0.2638683454925468,0.6552671965982682,0.8666657537063839,0.0288781062258191,0.9677243005494692,0.3085326841919038
2024-08-29T17:24:16.293284,interface,0.3779527559055118,0.24705323697796566,0.2638683454925468,0.6552671965982682,0.8666657537063839,0.0288781062258191,0.9677243005494692,0.3085326841919038
2024-08-29T17:24:16.304023,interface,0.3543307086614173,0.24705323697796566,0.2638683454925468,0.6552671965982682,0.8666657537063839,0.0288781062258191,0.9677243005494692,0.3085326841919038
2024-08-29T17:24:16.310963,interface,0.3228346456692913,0.24705323697796566,0.2638683454925468,0.6552671965982682,0.8666657537063839,0.0288781062258191,0.9677243005494692,0.3085326841919038
2024-08-29T17:24:16.321495,interface,0.2992125984251969,0.24705323697796566,0.2638683454925468,0.6552671965982682,0.8666657537063839,0.0288781062258191,0.9677243005494692,0.3085326841919038
2024-08-29T17:24:16.332331,interface,0.2755905511811024,0.24705323697796566,0.2638683454925468,0.6552671965982682,0.8666657537063839,0.0288781062258191,0.9677243005494692,0.3085326841919038
2024-08-29T17:24:16.334764,interface,0.2440944881889764,0.24705323697796566,0.2638683454925468,0.6552671965982682,0.8666657537063839,0.0288781062258191,0.9677243005494692,0.3085326841919038
2024-08-29T17:24:16.341524,interface,0.2204724409448819,0.24705323697796566,0.2638683454925468,0.6552671965982682,0.8666657537063839,0.0288781062258191,0.9677243005494692,0.3085326841919038
2024-08-29T17:24:16.348392,interface,0.1889763779527559,0.24705323697796566,0.2638683454925468,0.6552671965982682,0.8666657537063839,0.0288781062258191,0.9677243005494692,0.3085326841919038
2024-08-29T17:24:16.359156,interface,0.16535433070866143,0.24705323697796566,0.2638683454925468,0.6552671965982682,0.8666657537063839,0.0288781062258191,0.9677243005494692,0.3085326841919038
2024-08-29T17:24:16.370063,interface,0.14173228346456693,0.24705323697796566,0.2638683454925468,0.6552671965982682,0.8666657537063839,0.0288781062258191,0.9677243005494692,0.3085326841919038
2024-08-29T17:24:16.372634,interface,0.11811023622047244,0.24705323697796566,0.2638683454925468,0.6552671965982682,0.8666657537063839,0.0288781062258191,0.9677243005494692,0.3085326841919038
2024-08-29T17:24:16.379396,interface,0.10236220472440945,0.24705323697796566,0.2638683454925468,0.6552671965982682,0.8666657537063839,0.0288781062258191,0.9677243005494692,0.3085326841919038
2024-08-29T17:24:16.390157,interface,0.08661417322834646,0.24705323697796566,0.2638683454925468,0.6552671965982682,0.8666657537063839,0.0288781062258191,0.9677243005494692,0.3085326841919038
2024-08-29T17:24:16.400709,interface,0.07874015748031496,0.24705323697796566,0.2638683454925468,0.6552671965982682,0.8666657537063839,0.0288781062258191,0.9677243005494692,0.3085326841919038
2024-08-29T17:24:16.411035,interface,0.07874015748031496,0.24705323697796566,0.2638683454925468,0.6552671965982682,0.8666657537063839,0.0288781062258191,0.9677243005494692,0.3085326841919038
2024-08-29T17:24:16.421453,interface,0.07086614173228346,0.24705323697796566,0.2638683454925468,0.6552671965982682,0.8666657537063839,0.0288781062258191,0.9677243005494692,0.3085326841919038
2024-08-29T17:24:16.475321,interface,0.07874015748031496,0.24705323697796566,0.2638683454925468,0.6552671965982682,0.8666657537063839,0.0288781062258191,0.9677243005494692,0.3085326841919038
2024-08-29T17:24:16.478377,interface,0.08661417322834646,0.24705323697796566,0.2638683454925468,0.6552671965982682,0.8666657537063839,0.0288781062258191,0.9677243005494692,0.3085326841919038
2024-08-29T17:24:16.489381,interface,0.09448818897637795,0.24705323697796566,0.2638683454925468,0.6552671965982682,0.8666657537063839,0.0288781062258191,0.9677243005494692,0.3085326841919038
2024-08-29T17:24:16.491774,interface,0.11023622047244094,0.24705323697796566,0.2638683454925468,0.6552671965982682,0.8666657537063839,0.0288781062258191,0.9677243005494692,0.3085326841919038
2024-08-29T17:24:16.502164,interface,0.12598425196850394,0.24705323697796566,0.2638683454925468,0.6552671965982682,0.8666657537063839,0.0288781062258191,0.9677243005494692,0.3085326841919038
2024-08-29T17:24:16.508941,interface,0.13385826771653545,0.24705323697796566,0.2638683454925468,0.6552671965982682,0.8666657537063839,0.0288781062258191,0.9677243005494692,0.3085326841919038
2024-08-29T17:24:16.522793,interface,0.14960629921259844,0.24705323697796566,0.2638683454925468,0.6552671965982682,0.8666657537063839,0.0288781062258191,0.9677243005494692,0.3085326841919038
2024-08-29T17:24:16.529800,interface,0.15748031496062992,0.24705323697796566,0.2638683454925468,0.6552671965982682,0.8666657537063839,0.0288781062258191,0.9677243005494692,0.3085326841919038
2024-08-29T17:24:16.532244,interface,0.16535433070866143,0.24705323697796566,0.2638683454925468,0.6552671965982682,0.8666657537063839,0.0288781062258191,0.9677243005494692,0.3085326841919038
2024-08-29T17:24:16.542836,interface,0.1732283464566929,0.24705323697796566,0.2638683454925468,0.6552671965982682,0.8666657537063839,0.0288781062258191,0.9677243005494692,0.3085326841919038
2024-08-29T17:24:16.600305,interface,0.16535433070866143,0.24705323697796566,0.2638683454925468,0.6552671965982682,0.8666657537063839,0.0288781062258191,0.9677243005494692,0.3085326841919038
2024-08-29T17:24:16.977515,interface,0.16535433070866143,0.24705323697796566,0.2638683454925468,0.023622047244094488,0.8666657537063839,0.0288781062258191,0.9677243005494692,0.3085326841919038
2024-08-29T17:24:17.219826,interface,0.16535433070866143,0.0,0.2638683454925468,0.023622047244094488,0.8666657537063839,0.0288781062258191,0.9677243005494692,0.3085326841919038
2024-08-29T17:24:17.232780,interface,0.16535433070866143,0.007874015748031496,0.2638683454925468,0.023622047244094488,0.8666657537063839,0.0288781062258191,0.9677243005494692,0.3085326841919038
2024-08-29T17:24:17.235532,interface,0.16535433070866143,0.015748031496062992,0.2638683454925468,0.023622047244094488,0.8666657537063839,0.0288781062258191,0.9677243005494692,0.3085326841919038
2024-08-29T17:24:17.241871,interface,0.16535433070866143,0.031496062992125984,0.2638683454925468,0.023622047244094488,0.8666657537063839,0.0288781062258191,0.9677243005494692,0.3085326841919038
2024-08-29T17:24:17.248633,interface,0.16535433070866143,0.03937007874015748,0.2638683454925468,0.023622047244094488,0.8666657537063839,0.0288781062258191,0.9677243005494692,0.3085326841919038
2024-08-29T17:24:17.259395,interface,0.16535433070866143,0.047244094488188976,0.2638683454925468,0.023622047244094488,0.8666657537063839,0.0288781062258191,0.9677243005494692,0.3085326841919038
2024-08-29T17:24:17.287941,interface,0.16535433070866143,0.047244094488188976,0.2638683454925468,0.023622047244094488,0.8666657537063839,0.0288781062258191,0.9677243005494692,0.3085326841919038
2024-08-29T17:24:17.290355,interface,0.16535433070866143,0.031496062992125984,0.2638683454925468,0.023622047244094488,0.8666657537063839,0.0288781062258191,0.9677243005494692,0.3085326841919038
2024-08-29T17:24:17.300759,interface,0.16535433070866143,0.015748031496062992,0.2638683454925468,0.023622047244094488,0.8666657537063839,0.0288781062258191,0.9677243005494692,0.3085326841919038
2024-08-29T17:24:17.312830,interface,0.16535433070866143,0.007874015748031496,0.2638683454925468,0.023622047244094488,0.8666657537063839,0.0288781062258191,0.9677243005494692,0.3085326841919038
2024-08-29T17:24:17.315532,interface,0.16535433070866143,0.0,0.2638683454925468,0.023622047244094488,0.8666657537063839,0.0288781062258191,0.9677243005494692,0.3085326841919038
2024-08-29T17:24:17.475531,interface,0.16535433070866143,0.0,0.2638683454925468,0.023622047244094488,0.8666657537063839,0.0288781062258191,0.9677243005494692,0.3085326841919038
2024-08-29T17:24:17.491655,interface,0.16535433070866143,0.007874015748031496,0.2638683454925468,0.023622047244094488,0.8666657537063839,0.0288781062258191,0.9677243005494692,0.3085326841919038
2024-08-29T17:24:17.798007,interface,0.16535433070866143,0.007874015748031496,0.0,0.023622047244094488,0.8666657537063839,0.0288781062258191,0.9677243005494692,0.3085326841919038
2024-08-29T17:24:17.800819,interface,0.16535433070866143,0.007874015748031496,0.007874015748031496,0.023622047244094488,0.8666657537063839,0.0288781062258191,0.9677243005494692,0.3085326841919038
2024-08-29T17:24:17.811655,interface,0.16535433070866143,0.007874015748031496,0.015748031496062992,0.023622047244094488,0.8666657537063839,0.0288781062258191,0.9677243005494692,0.3085326841919038
2024-08-29T17:24:17.818384,interface,0.16535433070866143,0.007874015748031496,0.031496062992125984,0.023622047244094488,0.8666657537063839,0.0288781062258191,0.9677243005494692,0.3085326841919038
2024-08-29T17:24:17.832393,interface,0.16535433070866143,0.007874015748031496,0.05511811023622047,0.023622047244094488,0.8666657537063839,0.0288781062258191,0.9677243005494692,0.3085326841919038
2024-08-29T17:24:17.839608,interface,0.16535433070866143,0.007874015748031496,0.08661417322834646,0.023622047244094488,0.8666657537063839,0.0288781062258191,0.9677243005494692,0.3085326841919038
2024-08-29T17:24:17.842320,interface,0.16535433070866143,0.007874015748031496,0.11023622047244094,0.023622047244094488,0.8666657537063839,0.0288781062258191,0.9677243005494692,0.3085326841919038
2024-08-29T17:24:17.852571,interface,0.16535433070866143,0.007874015748031496,0.13385826771653545,0.023622047244094488,0.8666657537063839,0.0288781062258191,0.9677243005494692,0.3085326841919038
2024-08-29T17:24:17.859658,interface,0.16535433070866143,0.007874015748031496,0.15748031496062992,0.023622047244094488,0.8666657537063839,0.0288781062258191,0.9677243005494692,0.3085326841919038
2024-08-29T17:24:17.873731,interface,0.16535433070866143,0.007874015748031496,0.1732283464566929,0.023622047244094488,0.8666657537063839,0.0288781062258191,0.9677243005494692,0.3085326841919038
2024-08-29T17:24:17.880173,interface,0.16535433070866143,0.007874015748031496,0.1732283464566929,0.023622047244094488,0.8666657537063839,0.0288781062258191,0.9677243005494692,0.3085326841919038
2024-08-29T17:24:17.901958,interface,0.16535433070866143,0.007874015748031496,0.1732283464566929,0.023622047244094488,0.8666657537063839,0.0288781062258191,0.9677243005494692,0.3085326841919038
2024-08-29T17:24:17.908631,interface,0.16535433070866143,0.007874015748031496,0.15748031496062992,0.023622047244094488,0.8666657537063839,0.0288781062258191,0.9677243005494692,0.3085326841919038
2024-08-29T17:24:17.922761,interface,0.16535433070866143,0.007874015748031496,0.13385826771653545,0.023622047244094488,0.8666657537063839,0.0288781062258191,0.9677243005494692,0.3085326841919038
2024-08-29T17:24:17.925397,interface,0.16535433070866143,0.007874015748031496,0.11023622047244094,0.023622047244094488,0.8666657537063839,0.0288781062258191,0.9677243005494692,0.3085326841919038
2024-08-29T17:24:17.932047,interface,0.16535433070866143,0.007874015748031496,0.07874015748031496,0.023622047244094488,0.8666657537063839,0.0288781062258191,0.9677243005494692,0.3085326841919038
2024-08-29T17:24:17.938961,interface,0.16535433070866143,0.007874015748031496,0.047244094488188976,0.023622047244094488,0.8666657537063839,0.0288781062258191,0.9677243005494692,0.3085326841919038
2024-08-29T17:24:17.949750,interface,0.16535433070866143,0.007874015748031496,0.023622047244094488,0.023622047244094488,0.8666657537063839,0.0288781062258191,0.9677243005494692,0.3085326841919038
2024-08-29T17:24:17.962948,interface,0.16535433070866143,0.007874015748031496,0.007874015748031496,0.023622047244094488,0.8666657537063839,0.0288781062258191,0.9677243005494692,0.3085326841919038
2024-08-29T17:24:17.965518,interface,0.16535433070866143,0.007874015748031496,0.007874015748031496,0.023622047244094488,0.8666657537063839,0.0288781062258191,0.9677243005494692,0.3085326841919038
2024-08-29T17:24:17.982120,interface,0.16535433070866143,0.007874015748031496,0.0,0.023622047244094488,0.8666657537063839,0.0288781062258191,0.9677243005494692,0.3085326841919038
2024-08-29T17:24:18.013921,interface,0.16535433070866143,0.007874015748031496,0.007874015748031496,0.023622047244094488,0.8666657537063839,0.0288781062258191,0.9677243005494692,0.3085326841919038
2024-08-29T17:24:18.020399,interface,0.16535433070866143,0.007874015748031496,0.023622047244094488,0.023622047244094488,0.8666657537063839,0.0288781062258191,0.9677243005494692,0.3085326841919038
2024-08-29T17:24:18.028276,interface,0.16535433070866143,0.007874015748031496,0.06299212598425197,0.023622047244094488,0.8666657537063839,0.0288781062258191,0.9677243005494692,0.3085326841919038
2024-08-29T17:24:18.043350,interface,0.16535433070866143,0.007874015748031496,0.11023622047244094,0.023622047244094488,0.8666657537063839,0.0288781062258191,0.9677243005494692,0.3085326841919038
2024-08-29T17:24:18.045942,interface,0.16535433070866143,0.007874015748031496,0.16535433070866143,0.023622047244094488,0.8666657537063839,0.0288781062258191,0.9677243005494692,0.3085326841919038
2024-08-29T17:24:18.052334,interface,0.16535433070866143,0.007874015748031496,0.2125984251968504,0.023622047244094488,0.8666657537063839,0.0288781062258191,0.9677243005494692,0.3085326841919038
2024-08-29T17:24:18.059395,interface,0.16535433070866143,0.007874015748031496,0.25196850393700787,0.023622047244094488,0.8666657537063839,0.0288781062258191,0.9677243005494692,0.3085326841919038
2024-08-29T17:24:18.069548,interface,0.16535433070866143,0.007874015748031496,0.29133858267716534,0.023622047244094488,0.8666657537063839,0.0288781062258191,0.9677243005494692,0.3085326841919038
2024-08-29T17:24:18.083996,interface,0.16535433070866143,0.007874015748031496,0.31496062992125984,0.023622047244094488,0.8666657537063839,0.0288781062258191,0.9677243005494692,0.3085326841919038
2024-08-29T17:24:18.086941,interface,0.16535433070866143,0.007874015748031496,0.33070866141732286,0.023622047244094488,0.8666657537063839,0.0288781062258191,0.9677243005494692,0.3085326841919038
2024-08-29T17:24:18.089613,interface,0.16535433070866143,0.007874015748031496,0.33858267716535434,0.023622047244094488,0.8666657537063839,0.0288781062258191,0.9677243005494692,0.3085326841919038
2024-08-29T17:24:18.099989,interface,0.16535433070866143,0.007874015748031496,0.3464566929133858,0.023622047244094488,0.8666657537063839,0.0288781062258191,0.9677243005494692,0.3085326841919038
2024-08-29T17:24:18.424230,interface,0.16535433070866143,0.0,0.3464566929133858,0.023622047244094488,0.8666657537063839,0.0288781062258191,0.9677243005494692,0.3085326841919038
2024-08-29T17:24:18.426948,interface,0.16535433070866143,0.0,0.3464566929133858,0.023622047244094488,0.8666657537063839,0.0288781062258191,0.9677243005494692,0.3085326841919038
2024-08-29T17:24:18.943767,interface,0.16535433070866143,0.0,0.3464566929133858,0.023622047244094488,0.5511811023622047,0.0288781062258191,0.9677243005494692,0.3085326841919038
2024-08-29T17:24:18.956728,interface,0.16535433070866143,0.0,0.3464566929133858,0.023622047244094488,0.5433070866141733,0.0288781062258191,0.9677243005494692,0.3085326841919038
2024-08-29T17:24:18.959578,interface,0.16535433070866143,0.0,0.3464566929133858,0.023622047244094488,0.5196850393700787,0.0288781062258191,0.9677243005494692,0.3085326841919038
2024-08-29T17:24:18.961965,interface,0.16535433070866143,0.0,0.3464566929133858,0.023622047244094488,0.5039370078740157,0.0288781062258191,0.9677243005494692,0.3085326841919038
2024-08-29T17:24:18.972308,interface,0.16535433070866143,0.0,0.3464566929133858,0.023622047244094488,0.48031496062992124,0.0288781062258191,0.9677243005494692,0.3085326841919038
2024-08-29T17:24:18.979467,interface,0.16535433070866143,0.0,0.3464566929133858,0.023622047244094488,0.44881889763779526,0.0288781062258191,0.9677243005494692,0.3085326841919038
2024-08-29T17:24:18.989925,interface,0.16535433070866143,0.0,0.3464566929133858,0.023622047244094488,0.41732283464566927,0.0288781062258191,0.9677243005494692,0.3085326841919038
2024-08-29T17:24:19.007401,interface,0.16535433070866143,0.0,0.3464566929133858,0.023622047244094488,0.3779527559055118,0.0288781062258191,0.9677243005494692,0.3085326841919038
2024-08-29T17:24:19.009727,interface,0.16535433070866143,0.0,0.3464566929133858,0.023622047244094488,0.33858267716535434,0.0288781062258191,0.9677243005494692,0.3085326841919038
2024-08-29T17:24:19.012446,interface,0.16535433070866143,0.0,0.3464566929133858,0.023622047244094488,0.2992125984251969,0.0288781062258191,0.9677243005494692,0.3085326841919038
2024-08-29T17:24:19.019383,interface,0.16535433070866143,0.0,0.3464566929133858,0.023622047244094488,0.25984251968503935,0.0288781062258191,0.9677243005494692,0.3085326841919038
2024-08-29T17:24:19.030070,interface,0.16535433070866143,0.0,0.3464566929133858,0.023622047244094488,0.23622047244094488,0.0288781062258191,0.9677243005494692,0.3085326841919038
2024-08-29T17:24:19.040849,interface,0.16535433070866143,0.0,0.3464566929133858,0.023622047244094488,0.2047244094488189,0.0288781062258191,0.9677243005494692,0.3085326841919038
2024-08-29T17:24:19.043474,interface,0.16535433070866143,0.0,0.3464566929133858,0.023622047244094488,0.18110236220472442,0.0288781062258191,0.9677243005494692,0.3085326841919038
2024-08-29T17:24:19.050202,interface,0.16535433070866143,0.0,0.3464566929133858,0.023622047244094488,0.16535433070866143,0.0288781062258191,0.9677243005494692,0.3085326841919038
2024-08-29T17:24:19.060638,interface,0.16535433070866143,0.0,0.3464566929133858,0.023622047244094488,0.14173228346456693,0.0288781062258191,0.9677243005494692,0.3085326841919038
2024-08-29T17:24:19.073334,interface,0.16535433070866143,0.0,0.3464566929133858,0.023622047244094488,0.12598425196850394,0.0288781062258191,0.9677243005494692,0.3085326841919038
2024-08-29T17:24:19.079929,interface,0.16535433070866143,0.0,0.3464566929133858,0.023622047244094488,0.11811023622047244,0.0288781062258191,0.9677243005494692,0.3085326841919038
2024-08-29T17:24:19.086353,interface,0.16535433070866143,0.0,0.3464566929133858,0.023622047244094488,0.10236220472440945,0.0288781062258191,0.9677243005494692,0.3085326841919038
2024-08-29T17:24:19.089535,interface,0.16535433070866143,0.0,0.3464566929133858,0.023622047244094488,0.08661417322834646,0.0288781062258191,0.9677243005494692,0.3085326841919038
2024-08-29T17:24:19.099738,interface,0.16535433070866143,0.0,0.3464566929133858,0.023622047244094488,0.07086614173228346,0.0288781062258191,0.9677243005494692,0.3085326841919038
2024-08-29T17:24:19.113810,interface,0.16535433070866143,0.0,0.3464566929133858,0.023622047244094488,0.05511811023622047,0.0288781062258191,0.9677243005494692,0.3085326841919038
2024-08-29T17:24:19.120789,interface,0.16535433070866143,0.0,0.3464566929133858,0.023622047244094488,0.047244094488188976,0.0288781062258191,0.9677243005494692,0.3085326841919038
2024-08-29T17:24:19.123411,interface,0.16535433070866143,0.0,0.3464566929133858,0.023622047244094488,0.031496062992125984,0.0288781062258191,0.9677243005494692,0.3085326841919038
2024-08-29T17:24:19.130142,interface,0.16535433070866143,0.0,0.3464566929133858,0.023622047244094488,0.023622047244094488,0.0288781062258191,0.9677243005494692,0.3085326841919038
2024-08-29T17:24:19.140468,interface,0.16535433070866143,0.0,0.3464566929133858,0.023622047244094488,0.015748031496062992,0.0288781062258191,0.9677243005494692,0.3085326841919038
2024-08-29T17:24:19.152843,interface,0.16535433070866143,0.0,0.3464566929133858,0.023622047244094488,0.007874015748031496,0.0288781062258191,0.9677243005494692,0.3085326841919038
2024-08-29T17:24:19.165930,interface,0.16535433070866143,0.0,0.3464566929133858,0.023622047244094488,0.0,0.0288781062258191,0.9677243005494692,0.3085326841919038
2024-08-29T17:24:27.553193,interface,0.16535433070866143,0.0,0.3543307086614173,0.023622047244094488,0.0,0.0288781062258191,0.9677243005494692,0.3085326841919038
2024-08-29T17:24:27.566249,interface,0.16535433070866143,0.0,0.36220472440944884,0.023622047244094488,0.0,0.0288781062258191,0.9677243005494692,0.3085326841919038
2024-08-29T17:24:27.569118,interface,0.16535433070866143,0.0,0.36220472440944884,0.023622047244094488,0.0,0.0288781062258191,0.9677243005494692,0.3085326841919038
2024-08-29T17:24:27.571472,interface,0.16535433070866143,0.0,0.3700787401574803,0.023622047244094488,0.0,0.0288781062258191,0.9677243005494692,0.3085326841919038
2024-08-29T17:24:27.581532,interface,0.16535433070866143,0.0,0.3779527559055118,0.023622047244094488,0.0,0.0288781062258191,0.9677243005494692,0.3085326841919038
2024-08-29T17:24:27.588571,interface,0.16535433070866143,0.0,0.3858267716535433,0.023622047244094488,0.0,0.0288781062258191,0.9677243005494692,0.3085326841919038
2024-08-29T17:24:27.598659,interface,0.16535433070866143,0.0,0.3937007874015748,0.023622047244094488,0.0,0.0288781062258191,0.9677243005494692,0.3085326841919038
2024-08-29T17:24:27.615906,interface,0.16535433070866143,0.0,0.4015748031496063,0.023622047244094488,0.0,0.0288781062258191,0.9677243005494692,0.3085326841919038
2024-08-29T17:24:27.618579,interface,0.16535433070866143,0.0,0.41732283464566927,0.023622047244094488,0.0,0.0288781062258191,0.9677243005494692,0.3085326841919038
2024-08-29T17:24:27.621245,interface,0.16535433070866143,0.0,0.4251968503937008,0.023622047244094488,0.0,0.0288781062258191,0.9677243005494692,0.3085326841919038
2024-08-29T17:24:27.627794,interface,0.16535433070866143,0.0,0.4330708661417323,0.023622047244094488,0.0,0.0288781062258191,0.9677243005494692,0.3085326841919038
2024-08-29T17:24:27.642239,interface,0.16535433070866143,0.0,0.4409448818897638,0.023622047244094488,0.0,0.0288781062258191,0.9677243005494692,0.3085326841919038
2024-08-29T17:24:27.649116,interface,0.16535433070866143,0.0,0.4566929133858268,0.023622047244094488,0.0,0.0288781062258191,0.9677243005494692,0.3085326841919038
2024-08-29T17:24:27.651956,interface,0.16535433070866143,0.0,0.4645669291338583,0.023622047244094488,0.0,0.0288781062258191,0.9677243005494692,0.3085326841919038
2024-08-29T17:24:27.658641,interface,0.16535433070866143,0.0,0.47244094488188976,0.023622047244094488,0.0,0.0288781062258191,0.9677243005494692,0.3085326841919038
2024-08-29T17:24:27.669126,interface,0.16535433070866143,0.0,0.47244094488188976,0.023622047244094488,0.0,0.0288781062258191,0.9677243005494692,0.3085326841919038
2024-08-29T17:24:27.682789,interface,0.16535433070866143,0.0,0.48031496062992124,0.023622047244094488,0.0,0.0288781062258191,0.9677243005494692,0.3085326841919038
2024-08-29T17:24:27.689721,interface,0.16535433070866143,0.0,0.4881889763779528,0.023622047244094488,0.0,0.0288781062258191,0.9677243005494692,0.3085326841919038
2024-08-29T17:24:27.692078,interface,0.16535433070866143,0.0,0.49606299212598426,0.023622047244094488,0.0,0.0288781062258191,0.9677243005494692,0.3085326841919038
2024-08-29T17:24:27.702399,interface,0.16535433070866143,0.0,0.49606299212598426,0.023622047244094488,0.0,0.0288781062258191,0.9677243005494692,0.3085326841919038
2024-08-29T17:24:27.709011,interface,0.16535433070866143,0.0,0.5039370078740157,0.023622047244094488,0.0,0.0288781062258191,0.9677243005494692,0.3085326841919038
2024-08-29T17:24:27.726253,interface,0.16535433070866143,0.0,0.5039370078740157,0.023622047244094488,0.0,0.0288781062258191,0.9677243005494692,0.3085326841919038
2024-08-29T17:24:27.728928,interface,0.16535433070866143,0.0,0.5118110236220472,0.023622047244094488,0.0,0.0288781062258191,0.9677243005494692,0.3085326841919038
2024-08-29T17:24:27.731589,interface,0.16535433070866143,0.0,0.5118110236220472,0.023622047244094488,0.0,0.0288781062258191,0.9677243005494692,0.3085326841919038
2024-08-29T17:24:27.742469,interface,0.16535433070866143,0.0,0.5196850393700787,0.023622047244094488,0.0,0.0288781062258191,0.9677243005494692,0.3085326841919038
2024-08-29T17:24:27.759630,interface,0.16535433070866143,0.0,0.5275590551181102,0.023622047244094488,0.0,0.0288781062258191,0.9677243005494692,0.3085326841919038
2024-08-29T17:24:27.772819,interface,0.16535433070866143,0.0,0.5354330708661418,0.023622047244094488,0.0,0.0288781062258191,0.9677243005494692,0.3085326841919038
2024-08-29T17:24:27.775621,interface,0.16535433070866143,0.0,0.5354330708661418,0.023622047244094488,0.0,0.0288781062258191,0.9677243005494692,0.3085326841919038
2024-08-29T17:24:27.782044,interface,0.16535433070866143,0.0,0.5433070866141733,0.023622047244094488,0.0,0.0288781062258191,0.9677243005494692,0.3085326841919038
2024-08-29T17:24:27.788724,interface,0.16535433070866143,0.0,0.5433070866141733,0.023622047244094488,0.0,0.0288781062258191,0.9677243005494692,0.3085326841919038
2024-08-29T17:24:27.799155,interface,0.16535433070866143,0.0,0.5511811023622047,0.023622047244094488,0.0,0.0288781062258191,0.9677243005494692,0.3085326841919038
2024-08-29T17:24:27.813276,interface,0.16535433070866143,0.0,0.5590551181102362,0.023622047244094488,0.0,0.0288781062258191,0.9677243005494692,0.3085326841919038
2024-08-29T17:24:27.815945,interface,0.16535433070866143,0.0,0.5590551181102362,0.023622047244094488,0.0,0.0288781062258191,0.9677243005494692,0.3085326841919038
2024-08-29T17:24:27.822519,interface,0.16535433070866143,0.0,0.5669291338582677,0.023622047244094488,0.0,0.0288781062258191,0.9677243005494692,0.3085326841919038
2024-08-29T17:24:27.829226,interface,0.16535433070866143,0.0,0.5748031496062992,0.023622047244094488,0.0,0.0288781062258191,0.9677243005494692,0.3085326841919038
2024-08-29T17:24:27.839593,interface,0.16535433070866143,0.0,0.5826771653543307,0.023622047244094488,0.0,0.0288781062258191,0.9677243005494692,0.3085326841919038
2024-08-29T17:24:27.852678,interface,0.16535433070866143,0.0,0.5905511811023622,0.023622047244094488,0.0,0.0288781062258191,0.9677243005494692,0.3085326841919038
2024-08-29T17:24:27.855294,interface,0.16535433070866143,0.0,0.5984251968503937,0.023622047244094488,0.0,0.0288781062258191,0.9677243005494692,0.3085326841919038
2024-08-29T17:24:27.861482,interface,0.16535433070866143,0.0,0.5984251968503937,0.023622047244094488,0.0,0.0288781062258191,0.9677243005494692,0.3085326841919038
2024-08-29T17:24:27.868101,interface,0.16535433070866143,0.0,0.6062992125984252,0.023622047244094488,0.0,0.0288781062258191,0.9677243005494692,0.3085326841919038
2024-08-29T17:24:27.879698,interface,0.16535433070866143,0.0,0.6141732283464567,0.023622047244094488,0.0,0.0288781062258191,0.9677243005494692,0.3085326841919038
2024-08-29T17:24:27.897760,interface,0.16535433070866143,0.0,0.6141732283464567,0.023622047244094488,0.0,0.0288781062258191,0.9677243005494692,0.3085326841919038
2024-08-29T17:24:27.900655,interface,0.16535433070866143,0.0,0.6220472440944882,0.023622047244094488,0.0,0.0288781062258191,0.9677243005494692,0.3085326841919038
2024-08-29T17:24:27.902995,interface,0.16535433070866143,0.0,0.6299212598425197,0.023622047244094488,0.0,0.0288781062258191,0.9677243005494692,0.3085326841919038
2024-08-29T17:24:27.909517,interface,0.16535433070866143,0.0,0.6299212598425197,0.023622047244094488,0.0,0.0288781062258191,0.9677243005494692,0.3085326841919038
2024-08-29T17:24:27.919935,interface,0.16535433070866143,0.0,0.6377952755905512,0.023622047244094488,0.0,0.0288781062258191,0.9677243005494692,0.3085326841919038
2024-08-29T17:24:27.935798,interface,0.16535433070866143,0.0,0.6377952755905512,0.023622047244094488,0.0,0.0288781062258191,0.9677243005494692,0.3085326841919038
2024-08-29T17:24:27.959396,interface,0.16535433070866143,0.0,0.6456692913385826,0.023622047244094488,0.0,0.0288781062258191,0.9677243005494692,0.3085326841919038
2024-08-29T17:24:28.055323,interface,0.16535433070866143,0.0,0.6535433070866141,0.023622047244094488,0.0,0.0288781062258191,0.9677243005494692,0.3085326841919038
2024-08-29T17:24:28.600303,interface,0.16535433070866143,0.0,0.6535433070866141,0.023622047244094488,0.0,0.0288781062258191,0.9677243005494692,0.3085326841919038
2024-08-29T17:24:28.647321,interface,0.16535433070866143,0.007874015748031496,0.6535433070866141,0.023622047244094488,0.0,0.0288781062258191,0.9677243005494692,0.3085326841919038
2024-08-29T17:24:28.678405,interface,0.16535433070866143,0.007874015748031496,0.6535433070866141,0.023622047244094488,0.0,0.0288781062258191,0.9677243005494692,0.3085326841919038
2024-08-29T17:24:28.709422,interface,0.16535433070866143,0.015748031496062992,0.6535433070866141,0.023622047244094488,0.0,0.0288781062258191,0.9677243005494692,0.3085326841919038
2024-08-29T17:24:28.725548,interface,0.16535433070866143,0.023622047244094488,0.6535433070866141,0.023622047244094488,0.0,0.0288781062258191,0.9677243005494692,0.3085326841919038
2024-08-29T17:24:28.745596,interface,0.16535433070866143,0.023622047244094488,0.6535433070866141,0.023622047244094488,0.0,0.0288781062258191,0.9677243005494692,0.3085326841919038
2024-08-29T17:24:28.757598,interface,0.16535433070866143,0.031496062992125984,0.6535433070866141,0.023622047244094488,0.0,0.0288781062258191,0.9677243005494692,0.3085326841919038
2024-08-29T17:24:28.764076,interface,0.16535433070866143,0.031496062992125984,0.6535433070866141,0.023622047244094488,0.0,0.0288781062258191,0.9677243005494692,0.3085326841919038
2024-08-29T17:24:28.782175,interface,0.16535433070866143,0.03937007874015748,0.6535433070866141,0.023622047244094488,0.0,0.0288781062258191,0.9677243005494692,0.3085326841919038
2024-08-29T17:24:28.801735,interface,0.16535433070866143,0.047244094488188976,0.6535433070866141,0.023622047244094488,0.0,0.0288781062258191,0.9677243005494692,0.3085326841919038
2024-08-29T17:24:28.819633,interface,0.16535433070866143,0.05511811023622047,0.6535433070866141,0.023622047244094488,0.0,0.0288781062258191,0.9677243005494692,0.3085326841919038
2024-08-29T17:24:28.822520,interface,0.16535433070866143,0.05511811023622047,0.6535433070866141,0.023622047244094488,0.0,0.0288781062258191,0.9677243005494692,0.3085326841919038
2024-08-29T17:24:28.837932,interface,0.16535433070866143,0.06299212598425197,0.6535433070866141,0.023622047244094488,0.0,0.0288781062258191,0.9677243005494692,0.3085326841919038
2024-08-29T17:24:28.844457,interface,0.16535433070866143,0.06299212598425197,0.6535433070866141,0.023622047244094488,0.0,0.0288781062258191,0.9677243005494692,0.3085326841919038
2024-08-29T17:24:28.865917,interface,0.16535433070866143,0.07086614173228346,0.6535433070866141,0.023622047244094488,0.0,0.0288781062258191,0.9677243005494692,0.3085326841919038
2024-08-29T17:24:28.868238,interface,0.16535433070866143,0.07874015748031496,0.6535433070866141,0.023622047244094488,0.0,0.0288781062258191,0.9677243005494692,0.3085326841919038
2024-08-29T17:24:28.884246,interface,0.16535433070866143,0.07874015748031496,0.6535433070866141,0.023622047244094488,0.0,0.0288781062258191,0.9677243005494692,0.3085326841919038
2024-08-29T17:24:28.886988,interface,0.16535433070866143,0.08661417322834646,0.6535433070866141,0.023622047244094488,0.0,0.0288781062258191,0.9677243005494692,0.3085326841919038
2024-08-29T17:24:28.889584,interface,0.16535433070866143,0.08661417322834646,0.6535433070866141,0.023622047244094488,0.0,0.0288781062258191,0.9677243005494692,0.3085326841919038
2024-08-29T17:24:28.899793,interface,0.16535433070866143,0.09448818897637795,0.6535433070866141,0.023622047244094488,0.0,0.0288781062258191,0.9677243005494692,0.3085326841919038
2024-08-29T17:24:28.910213,interface,0.16535433070866143,0.10236220472440945,0.6535433070866141,0.023622047244094488,0.0,0.0288781062258191,0.9677243005494692,0.3085326841919038
2024-08-29T17:24:28.922614,interface,0.16535433070866143,0.10236220472440945,0.6535433070866141,0.023622047244094488,0.0,0.0288781062258191,0.9677243005494692,0.3085326841919038
2024-08-29T17:24:28.925181,interface,0.16535433070866143,0.11023622047244094,0.6535433070866141,0.023622047244094488,0.0,0.0288781062258191,0.9677243005494692,0.3085326841919038
2024-08-29T17:24:28.931718,interface,0.16535433070866143,0.11023622047244094,0.6535433070866141,0.023622047244094488,0.0,0.0288781062258191,0.9677243005494692,0.3085326841919038
2024-08-29T17:24:28.938571,interface,0.16535433070866143,0.11811023622047244,0.6535433070866141,0.023622047244094488,0.0,0.0288781062258191,0.9677243005494692,0.3085326841919038
2024-08-29T17:24:28.949315,interface,0.16535433070866143,0.11811023622047244,0.6535433070866141,0.023622047244094488,0.0,0.0288781062258191,0.9677243005494692,0.3085326841919038
2024-08-29T17:24:28.962430,interface,0.16535433070866143,0.12598425196850394,0.6535433070866141,0.023622047244094488,0.0,0.0288781062258191,0.9677243005494692,0.3085326841919038
2024-08-29T17:24:28.969358,interface,0.16535433070866143,0.12598425196850394,0.6535433070866141,0.023622047244094488,0.0,0.0288781062258191,0.9677243005494692,0.3085326841919038
2024-08-29T17:24:28.990397,interface,0.16535433070866143,0.13385826771653545,0.6535433070866141,0.023622047244094488,0.0,0.0288781062258191,0.9677243005494692,0.3085326841919038
2024-08-29T17:24:29.005573,interface,0.16535433070866143,0.14173228346456693,0.6535433070866141,0.023622047244094488,0.0,0.0288781062258191,0.9677243005494692,0.3085326841919038
2024-08-29T17:24:29.022632,interface,0.16535433070866143,0.14173228346456693,0.6535433070866141,0.023622047244094488,0.0,0.0288781062258191,0.9677243005494692,0.3085326841919038
2024-08-29T17:24:47.212494,interface,0.16535433070866143,0.14173228346456693,0.6535433070866141,0.023622047244094488,0.0,0.0288781062258191,0.9677243005494692,0.3085326841919038
2024-08-29T17:24:47.244913,interface,0.16535433070866143,0.14173228346456693,0.6535433070866141,0.023622047244094488,0.007874015748031496,0.0288781062258191,0.9677243005494692,0.3085326841919038
2024-08-29T17:24:47.287303,interface,0.16535433070866143,0.14173228346456693,0.6535433070866141,0.023622047244094488,0.007874015748031496,0.0288781062258191,0.9677243005494692,0.3085326841919038
2024-08-29T17:24:47.300708,interface,0.16535433070866143,0.14173228346456693,0.6535433070866141,0.023622047244094488,0.015748031496062992,0.0288781062258191,0.9677243005494692,0.3085326841919038
2024-08-29T17:24:47.318432,interface,0.16535433070866143,0.14173228346456693,0.6535433070866141,0.023622047244094488,0.023622047244094488,0.0288781062258191,0.9677243005494692,0.3085326841919038
2024-08-29T17:24:47.332652,interface,0.16535433070866143,0.14173228346456693,0.6535433070866141,0.023622047244094488,0.023622047244094488,0.0288781062258191,0.9677243005494692,0.3085326841919038
2024-08-29T17:24:47.350437,interface,0.16535433070866143,0.14173228346456693,0.6535433070866141,0.023622047244094488,0.031496062992125984,0.0288781062258191,0.9677243005494692,0.3085326841919038
2024-08-29T17:24:47.364699,interface,0.16535433070866143,0.14173228346456693,0.6535433070866141,0.023622047244094488,0.03937007874015748,0.0288781062258191,0.9677243005494692,0.3085326841919038
2024-08-29T17:24:47.381928,interface,0.16535433070866143,0.14173228346456693,0.6535433070866141,0.023622047244094488,0.03937007874015748,0.0288781062258191,0.9677243005494692,0.3085326841919038
2024-08-29T17:24:47.396945,interface,0.16535433070866143,0.14173228346456693,0.6535433070866141,0.023622047244094488,0.047244094488188976,0.0288781062258191,0.9677243005494692,0.3085326841919038
2024-08-29T17:24:47.412927,interface,0.16535433070866143,0.14173228346456693,0.6535433070866141,0.023622047244094488,0.05511811023622047,0.0288781062258191,0.9677243005494692,0.3085326841919038
2024-08-29T17:24:47.428618,interface,0.16535433070866143,0.14173228346456693,0.6535433070866141,0.023622047244094488,0.05511811023622047,0.0288781062258191,0.9677243005494692,0.3085326841919038
2024-08-29T17:24:47.444683,interface,0.16535433070866143,0.14173228346456693,0.6535433070866141,0.023622047244094488,0.06299212598425197,0.0288781062258191,0.9677243005494692,0.3085326841919038
2024-08-29T17:24:47.460663,interface,0.16535433070866143,0.14173228346456693,0.6535433070866141,0.023622047244094488,0.06299212598425197,0.0288781062258191,0.9677243005494692,0.3085326841919038
2024-08-29T17:24:47.485049,interface,0.16535433070866143,0.14173228346456693,0.6535433070866141,0.023622047244094488,0.07086614173228346,0.0288781062258191,0.9677243005494692,0.3085326841919038
2024-08-29T17:24:47.501021,interface,0.16535433070866143,0.14173228346456693,0.6535433070866141,0.023622047244094488,0.07086614173228346,0.0288781062258191,0.9677243005494692,0.3085326841919038
2024-08-29T17:24:47.517315,interface,0.16535433070866143,0.14173228346456693,0.6535433070866141,0.023622047244094488,0.07874015748031496,0.0288781062258191,0.9677243005494692,0.3085326841919038
2024-08-29T17:24:47.537692,interface,0.16535433070866143,0.14173228346456693,0.6535433070866141,0.023622047244094488,0.08661417322834646,0.0288781062258191,0.9677243005494692,0.3085326841919038
2024-08-29T17:24:47.545179,interface,0.16535433070866143,0.14173228346456693,0.6535433070866141,0.023622047244094488,0.09448818897637795,0.0288781062258191,0.9677243005494692,0.3085326841919038
2024-08-29T17:24:47.568574,interface,0.16535433070866143,0.14173228346456693,0.6535433070866141,0.023622047244094488,0.09448818897637795,0.0288781062258191,0.9677243005494692,0.3085326841919038
2024-08-29T17:24:47.589013,interface,0.16535433070866143,0.14173228346456693,0.6535433070866141,0.023622047244094488,0.10236220472440945,0.0288781062258191,0.9677243005494692,0.3085326841919038
2024-08-29T17:24:47.615550,interface,0.16535433070866143,0.14173228346456693,0.6535433070866141,0.023622047244094488,0.10236220472440945,0.0288781062258191,0.9677243005494692,0.3085326841919038
2024-08-29T17:24:56.240506,interface,0.16535433070866143,0.14173228346456693,0.6535433070866141,0.023622047244094488,0.10236220472440945,0.0288781062258191,0.0,0.3085326841919038
2024-08-29T17:24:56.252789,interface,0.16535433070866143,0.14173228346456693,0.6535433070866141,0.023622047244094488,0.10236220472440945,0.0288781062258191,0.007874015748031496,0.3085326841919038
2024-08-29T17:24:56.259315,interface,0.16535433070866143,0.14173228346456693,0.6535433070866141,0.023622047244094488,0.10236220472440945,0.0288781062258191,0.015748031496062992,0.3085326841919038
2024-08-29T17:24:56.273109,interface,0.16535433070866143,0.14173228346456693,0.6535433070866141,0.023622047244094488,0.10236220472440945,0.0288781062258191,0.023622047244094488,0.3085326841919038
2024-08-29T17:24:56.275861,interface,0.16535433070866143,0.14173228346456693,0.6535433070866141,0.023622047244094488,0.10236220472440945,0.0288781062258191,0.031496062992125984,0.3085326841919038
2024-08-29T17:24:56.282127,interface,0.16535433070866143,0.14173228346456693,0.6535433070866141,0.023622047244094488,0.10236220472440945,0.0288781062258191,0.03937007874015748,0.3085326841919038
2024-08-29T17:24:56.288778,interface,0.16535433070866143,0.14173228346456693,0.6535433070866141,0.023622047244094488,0.10236220472440945,0.0288781062258191,0.047244094488188976,0.3085326841919038
2024-08-29T17:24:56.299235,interface,0.16535433070866143,0.14173228346456693,0.6535433070866141,0.023622047244094488,0.10236220472440945,0.0288781062258191,0.06299212598425197,0.3085326841919038
2024-08-29T17:24:56.312251,interface,0.16535433070866143,0.14173228346456693,0.6535433070866141,0.023622047244094488,0.10236220472440945,0.0288781062258191,0.07086614173228346,0.3085326841919038
2024-08-29T17:24:56.314907,interface,0.16535433070866143,0.14173228346456693,0.6535433070866141,0.023622047244094488,0.10236220472440945,0.0288781062258191,0.08661417322834646,0.3085326841919038
2024-08-29T17:24:56.321284,interface,0.16535433070866143,0.14173228346456693,0.6535433070866141,0.023622047244094488,0.10236220472440945,0.0288781062258191,0.10236220472440945,0.3085326841919038
2024-08-29T17:24:56.328229,interface,0.16535433070866143,0.14173228346456693,0.6535433070866141,0.023622047244094488,0.10236220472440945,0.0288781062258191,0.11023622047244094,0.3085326841919038
2024-08-29T17:24:56.338948,interface,0.16535433070866143,0.14173228346456693,0.6535433070866141,0.023622047244094488,0.10236220472440945,0.0288781062258191,0.12598425196850394,0.3085326841919038
2024-08-29T17:24:56.353060,interface,0.16535433070866143,0.14173228346456693,0.6535433070866141,0.023622047244094488,0.10236220472440945,0.0288781062258191,0.13385826771653545,0.3085326841919038
2024-08-29T17:24:56.355639,interface,0.16535433070866143,0.14173228346456693,0.6535433070866141,0.023622047244094488,0.10236220472440945,0.0288781062258191,0.14960629921259844,0.3085326841919038
2024-08-29T17:24:56.361976,interface,0.16535433070866143,0.14173228346456693,0.6535433070866141,0.023622047244094488,0.10236220472440945,0.0288781062258191,0.15748031496062992,0.3085326841919038
2024-08-29T17:24:56.372561,interface,0.16535433070866143,0.14173228346456693,0.6535433070866141,0.023622047244094488,0.10236220472440945,0.0288781062258191,0.1732283464566929,0.3085326841919038
2024-08-29T17:24:56.379066,interface,0.16535433070866143,0.14173228346456693,0.6535433070866141,0.023622047244094488,0.10236220472440945,0.0288781062258191,0.18110236220472442,0.3085326841919038
2024-08-29T17:24:56.392285,interface,0.16535433070866143,0.14173228346456693,0.6535433070866141,0.023622047244094488,0.10236220472440945,0.0288781062258191,0.1968503937007874,0.3085326841919038
2024-08-29T17:24:56.394953,interface,0.16535433070866143,0.14173228346456693,0.6535433070866141,0.023622047244094488,0.10236220472440945,0.0288781062258191,0.2047244094488189,0.3085326841919038
2024-08-29T17:24:56.401658,interface,0.16535433070866143,0.14173228346456693,0.6535433070866141,0.023622047244094488,0.10236220472440945,0.0288781062258191,0.2125984251968504,0.3085326841919038
2024-08-29T17:24:56.408390,interface,0.16535433070866143,0.14173228346456693,0.6535433070866141,0.023622047244094488,0.10236220472440945,0.0288781062258191,0.2204724409448819,0.3085326841919038
2024-08-29T17:24:56.418966,interface,0.16535433070866143,0.14173228346456693,0.6535433070866141,0.023622047244094488,0.10236220472440945,0.0288781062258191,0.2283464566929134,0.3085326841919038
2024-08-29T17:24:56.432299,interface,0.16535433070866143,0.14173228346456693,0.6535433070866141,0.023622047244094488,0.10236220472440945,0.0288781062258191,0.23622047244094488,0.3085326841919038
2024-08-29T17:24:56.434906,interface,0.16535433070866143,0.14173228346456693,0.6535433070866141,0.023622047244094488,0.10236220472440945,0.0288781062258191,0.2440944881889764,0.3085326841919038
2024-08-29T17:24:56.441283,interface,0.16535433070866143,0.14173228346456693,0.6535433070866141,0.023622047244094488,0.10236220472440945,0.0288781062258191,0.25196850393700787,0.3085326841919038
2024-08-29T17:24:56.451582,interface,0.16535433070866143,0.14173228346456693,0.6535433070866141,0.023622047244094488,0.10236220472440945,0.0288781062258191,0.25984251968503935,0.3085326841919038
2024-08-29T17:24:56.458161,interface,0.16535433070866143,0.14173228346456693,0.6535433070866141,0.023622047244094488,0.10236220472440945,0.0288781062258191,0.2677165354330709,0.3085326841919038
2024-08-29T17:24:56.475720,interface,0.16535433070866143,0.14173228346456693,0.6535433070866141,0.023622047244094488,0.10236220472440945,0.0288781062258191,0.2755905511811024,0.3085326841919038
2024-08-29T17:24:56.478486,interface,0.16535433070866143,0.14173228346456693,0.6535433070866141,0.023622047244094488,0.10236220472440945,0.0288781062258191,0.28346456692913385,0.3085326841919038
2024-08-29T17:24:56.480972,interface,0.16535433070866143,0.14173228346456693,0.6535433070866141,0.023622047244094488,0.10236220472440945,0.0288781062258191,0.29133858267716534,0.3085326841919038
2024-08-29T17:24:56.491151,interface,0.16535433070866143,0.14173228346456693,0.6535433070866141,0.023622047244094488,0.10236220472440945,0.0288781062258191,0.2992125984251969,0.3085326841919038
2024-08-29T17:24:56.501557,interface,0.16535433070866143,0.14173228346456693,0.6535433070866141,0.023622047244094488,0.10236220472440945,0.0288781062258191,0.30708661417322836,0.3085326841919038
2024-08-29T17:24:56.508127,interface,0.16535433070866143,0.14173228346456693,0.6535433070866141,0.023622047244094488,0.10236220472440945,0.0288781062258191,0.31496062992125984,0.3085326841919038
2024-08-29T17:24:56.514593,interface,0.16535433070866143,0.14173228346456693,0.6535433070866141,0.023622047244094488,0.10236220472440945,0.0288781062258191,0.3228346456692913,0.3085326841919038
2024-08-29T17:24:56.521138,interface,0.16535433070866143,0.14173228346456693,0.6535433070866141,0.023622047244094488,0.10236220472440945,0.0288781062258191,0.3228346456692913,0.3085326841919038
2024-08-29T17:24:56.538550,interface,0.16535433070866143,0.14173228346456693,0.6535433070866141,0.023622047244094488,0.10236220472440945,0.0288781062258191,0.33070866141732286,0.3085326841919038
2024-08-29T17:24:56.541307,interface,0.16535433070866143,0.14173228346456693,0.6535433070866141,0.023622047244094488,0.10236220472440945,0.0288781062258191,0.33858267716535434,0.3085326841919038
2024-08-29T17:24:56.547862,interface,0.16535433070866143,0.14173228346456693,0.6535433070866141,0.023622047244094488,0.10236220472440945,0.0288781062258191,0.3464566929133858,0.3085326841919038
2024-08-29T17:24:56.554272,interface,0.16535433070866143,0.14173228346456693,0.6535433070866141,0.023622047244094488,0.10236220472440945,0.0288781062258191,0.3464566929133858,0.3085326841919038
2024-08-29T17:24:56.560933,interface,0.16535433070866143,0.14173228346456693,0.6535433070866141,0.023622047244094488,0.10236220472440945,0.0288781062258191,0.3543307086614173,0.3085326841919038
2024-08-29T17:24:56.570988,interface,0.16535433070866143,0.14173228346456693,0.6535433070866141,0.023622047244094488,0.10236220472440945,0.0288781062258191,0.3543307086614173,0.3085326841919038
2024-08-29T17:24:56.582800,interface,0.16535433070866143,0.14173228346456693,0.6535433070866141,0.023622047244094488,0.10236220472440945,0.0288781062258191,0.36220472440944884,0.3085326841919038
2024-08-29T17:24:56.600277,interface,0.16535433070866143,0.14173228346456693,0.6535433070866141,0.023622047244094488,0.10236220472440945,0.0288781062258191,0.36220472440944884,0.3085326841919038
2024-08-29T17:24:57.734809,interface,0.16535433070866143,0.14173228346456693,0.6535433070866141,0.023622047244094488,0.10236220472440945,0.8188976377952756,0.36220472440944884,0.3085326841919038
2024-08-29T17:24:57.750912,interface,0.16535433070866143,0.14173228346456693,0.6535433070866141,0.023622047244094488,0.10236220472440945,0.8110236220472441,0.36220472440944884,0.3085326841919038
2024-08-29T17:24:57.767214,interface,0.16535433070866143,0.14173228346456693,0.6535433070866141,0.023622047244094488,0.10236220472440945,0.8031496062992126,0.36220472440944884,0.3085326841919038
2024-08-29T17:24:57.790421,interface,0.16535433070866143,0.14173228346456693,0.6535433070866141,0.023622047244094488,0.10236220472440945,0.8031496062992126,0.36220472440944884,0.3085326841919038
2024-08-29T17:24:57.822740,interface,0.16535433070866143,0.14173228346456693,0.6535433070866141,0.023622047244094488,0.10236220472440945,0.7952755905511811,0.36220472440944884,0.3085326841919038
2024-08-29T17:25:00.851021,interface,0.16535433070866143,0.15748031496062992,0.6535433070866141,0.023622047244094488,0.10236220472440945,0.7952755905511811,0.36220472440944884,0.3085326841919038
2024-08-29T17:25:00.865688,interface,0.16535433070866143,0.15748031496062992,0.6535433070866141,0.023622047244094488,0.10236220472440945,0.7952755905511811,0.36220472440944884,0.3085326841919038
2024-08-29T17:25:00.868386,interface,0.16535433070866143,0.16535433070866143,0.6535433070866141,0.023622047244094488,0.10236220472440945,0.7952755905511811,0.36220472440944884,0.3085326841919038
2024-08-29T17:25:00.871139,interface,0.16535433070866143,0.1732283464566929,0.6535433070866141,0.023622047244094488,0.10236220472440945,0.7952755905511811,0.36220472440944884,0.3085326841919038
2024-08-29T17:25:00.881077,interface,0.16535433070866143,0.18110236220472442,0.6535433070866141,0.023622047244094488,0.10236220472440945,0.7952755905511811,0.36220472440944884,0.3085326841919038
2024-08-29T17:25:00.891408,interface,0.16535433070866143,0.1889763779527559,0.6535433070866141,0.023622047244094488,0.10236220472440945,0.7952755905511811,0.36220472440944884,0.3085326841919038
2024-08-29T17:25:00.898065,interface,0.16535433070866143,0.1968503937007874,0.6535433070866141,0.023622047244094488,0.10236220472440945,0.7952755905511811,0.36220472440944884,0.3085326841919038
2024-08-29T17:25:00.912987,interface,0.16535433070866143,0.2047244094488189,0.6535433070866141,0.023622047244094488,0.10236220472440945,0.7952755905511811,0.36220472440944884,0.3085326841919038
2024-08-29T17:25:00.915449,interface,0.16535433070866143,0.2204724409448819,0.6535433070866141,0.023622047244094488,0.10236220472440945,0.7952755905511811,0.36220472440944884,0.3085326841919038
2024-08-29T17:25:00.922152,interface,0.16535433070866143,0.2283464566929134,0.6535433070866141,0.023622047244094488,0.10236220472440945,0.7952755905511811,0.36220472440944884,0.3085326841919038
2024-08-29T17:25:00.928633,interface,0.16535433070866143,0.2440944881889764,0.6535433070866141,0.023622047244094488,0.10236220472440945,0.7952755905511811,0.36220472440944884,0.3085326841919038
2024-08-29T17:25:00.939355,interface,0.16535433070866143,0.25984251968503935,0.6535433070866141,0.023622047244094488,0.10236220472440945,0.7952755905511811,0.36220472440944884,0.3085326841919038
2024-08-29T17:25:00.952174,interface,0.16535433070866143,0.2677165354330709,0.6535433070866141,0.023622047244094488,0.10236220472440945,0.7952755905511811,0.36220472440944884,0.3085326841919038
2024-08-29T17:25:00.954852,interface,0.16535433070866143,0.28346456692913385,0.6535433070866141,0.023622047244094488,0.10236220472440945,0.7952755905511811,0.36220472440944884,0.3085326841919038
2024-08-29T17:25:00.961145,interface,0.16535433070866143,0.2992125984251969,0.6535433070866141,0.023622047244094488,0.10236220472440945,0.7952755905511811,0.36220472440944884,0.3085326841919038
2024-08-29T17:25:00.967833,interface,0.16535433070866143,0.31496062992125984,0.6535433070866141,0.023622047244094488,0.10236220472440945,0.7952755905511811,0.36220472440944884,0.3085326841919038
2024-08-29T17:25:00.983497,interface,0.16535433070866143,0.3228346456692913,0.6535433070866141,0.023622047244094488,0.10236220472440945,0.7952755905511811,0.36220472440944884,0.3085326841919038
2024-08-29T17:25:00.990182,interface,0.16535433070866143,0.33858267716535434,0.6535433070866141,0.023622047244094488,0.10236220472440945,0.7952755905511811,0.36220472440944884,0.3085326841919038
2024-08-29T17:25:00.992470,interface,0.16535433070866143,0.3464566929133858,0.6535433070866141,0.023622047244094488,0.10236220472440945,0.7952755905511811,0.36220472440944884,0.3085326841919038
2024-08-29T17:25:00.999285,interface,0.16535433070866143,0.3543307086614173,0.6535433070866141,0.023622047244094488,0.10236220472440945,0.7952755905511811,0.36220472440944884,0.3085326841919038
2024-08-29T17:25:01.009300,interface,0.16535433070866143,0.3700787401574803,0.6535433070866141,0.023622047244094488,0.10236220472440945,0.7952755905511811,0.36220472440944884,0.3085326841919038
2024-08-29T17:25:01.022327,interface,0.16535433070866143,0.3779527559055118,0.6535433070866141,0.023622047244094488,0.10236220472440945,0.7952755905511811,0.36220472440944884,0.3085326841919038
2024-08-29T17:25:01.029678,interface,0.16535433070866143,0.3858267716535433,0.6535433070866141,0.023622047244094488,0.10236220472440945,0.7952755905511811,0.36220472440944884,0.3085326841919038
2024-08-29T17:25:01.032022,interface,0.16535433070866143,0.3937007874015748,0.6535433070866141,0.023622047244094488,0.10236220472440945,0.7952755905511811,0.36220472440944884,0.3085326841919038
2024-08-29T17:25:01.042569,interface,0.16535433070866143,0.4015748031496063,0.6535433070866141,0.023622047244094488,0.10236220472440945,0.7952755905511811,0.36220472440944884,0.3085326841919038
2024-08-29T17:25:01.049098,interface,0.16535433070866143,0.41732283464566927,0.6535433070866141,0.023622047244094488,0.10236220472440945,0.7952755905511811,0.36220472440944884,0.3085326841919038
2024-08-29T17:25:01.062195,interface,0.16535433070866143,0.41732283464566927,0.6535433070866141,0.023622047244094488,0.10236220472440945,0.7952755905511811,0.36220472440944884,0.3085326841919038
2024-08-29T17:25:01.077983,interface,0.16535433070866143,0.4251968503937008,0.6535433070866141,0.023622047244094488,0.10236220472440945,0.7952755905511811,0.36220472440944884,0.3085326841919038
2024-08-29T17:25:01.080998,interface,0.16535433070866143,0.4330708661417323,0.6535433070866141,0.023622047244094488,0.10236220472440945,0.7952755905511811,0.36220472440944884,0.3085326841919038
2024-08-29T17:25:01.083536,interface,0.16535433070866143,0.4409448818897638,0.6535433070866141,0.023622047244094488,0.10236220472440945,0.7952755905511811,0.36220472440944884,0.3085326841919038
2024-08-29T17:25:01.090602,interface,0.16535433070866143,0.44881889763779526,0.6535433070866141,0.023622047244094488,0.10236220472440945,0.7952755905511811,0.36220472440944884,0.3085326841919038
2024-08-29T17:25:01.097524,interface,0.16535433070866143,0.4566929133858268,0.6535433070866141,0.023622047244094488,0.10236220472440945,0.7952755905511811,0.36220472440944884,0.3085326841919038
2024-08-29T17:25:01.109004,interface,0.16535433070866143,0.4566929133858268,0.6535433070866141,0.023622047244094488,0.10236220472440945,0.7952755905511811,0.36220472440944884,0.3085326841919038
2024-08-29T17:25:01.111470,interface,0.16535433070866143,0.4645669291338583,0.6535433070866141,0.023622047244094488,0.10236220472440945,0.7952755905511811,0.36220472440944884,0.3085326841919038
2024-08-29T17:25:01.121707,interface,0.16535433070866143,0.4645669291338583,0.6535433070866141,0.023622047244094488,0.10236220472440945,0.7952755905511811,0.36220472440944884,0.3085326841919038
2024-08-29T17:25:01.139539,interface,0.16535433070866143,0.47244094488188976,0.6535433070866141,0.023622047244094488,0.10236220472440945,0.7952755905511811,0.36220472440944884,0.3085326841919038
2024-08-29T17:25:07.303598,interface,0.16535433070866143,0.47244094488188976,0.6614173228346457,0.023622047244094488,0.10236220472440945,0.7952755905511811,0.36220472440944884,0.3085326841919038
2024-08-29T17:25:07.306411,interface,0.16535433070866143,0.47244094488188976,0.6614173228346457,0.023622047244094488,0.10236220472440945,0.7952755905511811,0.36220472440944884,0.3085326841919038
2024-08-29T17:25:07.312976,interface,0.16535433070866143,0.47244094488188976,0.6692913385826772,0.023622047244094488,0.10236220472440945,0.7952755905511811,0.36220472440944884,0.3085326841919038
2024-08-29T17:25:07.319908,interface,0.16535433070866143,0.47244094488188976,0.6692913385826772,0.023622047244094488,0.10236220472440945,0.7952755905511811,0.36220472440944884,0.3085326841919038
2024-08-29T17:25:07.341754,interface,0.16535433070866143,0.47244094488188976,0.6771653543307087,0.023622047244094488,0.10236220472440945,0.7952755905511811,0.36220472440944884,0.3085326841919038
2024-08-29T17:25:07.344568,interface,0.16535433070866143,0.47244094488188976,0.6850393700787402,0.023622047244094488,0.10236220472440945,0.7952755905511811,0.36220472440944884,0.3085326841919038
2024-08-29T17:25:07.351388,interface,0.16535433070866143,0.47244094488188976,0.6850393700787402,0.023622047244094488,0.10236220472440945,0.7952755905511811,0.36220472440944884,0.3085326841919038
2024-08-29T17:25:07.358408,interface,0.16535433070866143,0.47244094488188976,0.6929133858267716,0.023622047244094488,0.10236220472440945,0.7952755905511811,0.36220472440944884,0.3085326841919038
2024-08-29T17:25:07.368738,interface,0.16535433070866143,0.47244094488188976,0.6929133858267716,0.023622047244094488,0.10236220472440945,0.7952755905511811,0.36220472440944884,0.3085326841919038
2024-08-29T17:25:07.383064,interface,0.16535433070866143,0.47244094488188976,0.7007874015748031,0.023622047244094488,0.10236220472440945,0.7952755905511811,0.36220472440944884,0.3085326841919038
2024-08-29T17:25:07.385713,interface,0.16535433070866143,0.47244094488188976,0.7086614173228346,0.023622047244094488,0.10236220472440945,0.7952755905511811,0.36220472440944884,0.3085326841919038
2024-08-29T17:25:07.392192,interface,0.16535433070866143,0.47244094488188976,0.7086614173228346,0.023622047244094488,0.10236220472440945,0.7952755905511811,0.36220472440944884,0.3085326841919038
2024-08-29T17:25:07.398809,interface,0.16535433070866143,0.47244094488188976,0.7165354330708661,0.023622047244094488,0.10236220472440945,0.7952755905511811,0.36220472440944884,0.3085326841919038
2024-08-29T17:25:07.409183,interface,0.16535433070866143,0.47244094488188976,0.7165354330708661,0.023622047244094488,0.10236220472440945,0.7952755905511811,0.36220472440944884,0.3085326841919038
2024-08-29T17:25:07.421987,interface,0.16535433070866143,0.47244094488188976,0.7244094488188977,0.023622047244094488,0.10236220472440945,0.7952755905511811,0.36220472440944884,0.3085326841919038
2024-08-29T17:25:07.424590,interface,0.16535433070866143,0.47244094488188976,0.7244094488188977,0.023622047244094488,0.10236220472440945,0.7952755905511811,0.36220472440944884,0.3085326841919038
2024-08-29T17:25:07.431582,interface,0.16535433070866143,0.47244094488188976,0.7322834645669292,0.023622047244094488,0.10236220472440945,0.7952755905511811,0.36220472440944884,0.3085326841919038
2024-08-29T17:25:07.438187,interface,0.16535433070866143,0.47244094488188976,0.7401574803149606,0.023622047244094488,0.10236220472440945,0.7952755905511811,0.36220472440944884,0.3085326841919038
2024-08-29T17:25:07.448657,interface,0.16535433070866143,0.47244094488188976,0.7401574803149606,0.023622047244094488,0.10236220472440945,0.7952755905511811,0.36220472440944884,0.3085326841919038
2024-08-29T17:25:07.461995,interface,0.16535433070866143,0.47244094488188976,0.7480314960629921,0.023622047244094488,0.10236220472440945,0.7952755905511811,0.36220472440944884,0.3085326841919038
2024-08-29T17:25:07.464663,interface,0.16535433070866143,0.47244094488188976,0.7559055118110236,0.023622047244094488,0.10236220472440945,0.7952755905511811,0.36220472440944884,0.3085326841919038
2024-08-29T17:25:07.471173,interface,0.16535433070866143,0.47244094488188976,0.7559055118110236,0.023622047244094488,0.10236220472440945,0.7952755905511811,0.36220472440944884,0.3085326841919038
2024-08-29T17:25:07.481647,interface,0.16535433070866143,0.47244094488188976,0.7637795275590551,0.023622047244094488,0.10236220472440945,0.7952755905511811,0.36220472440944884,0.3085326841919038
2024-08-29T17:25:07.488260,interface,0.16535433070866143,0.47244094488188976,0.7637795275590551,0.023622047244094488,0.10236220472440945,0.7952755905511811,0.36220472440944884,0.3085326841919038
2024-08-29T17:25:07.506729,interface,0.16535433070866143,0.47244094488188976,0.7716535433070866,0.023622047244094488,0.10236220472440945,0.7952755905511811,0.36220472440944884,0.3085326841919038
2024-08-29T17:25:07.509319,interface,0.16535433070866143,0.47244094488188976,0.7795275590551181,0.023622047244094488,0.10236220472440945,0.7952755905511811,0.36220472440944884,0.3085326841919038
2024-08-29T17:25:07.512004,interface,0.16535433070866143,0.47244094488188976,0.7795275590551181,0.023622047244094488,0.10236220472440945,0.7952755905511811,0.36220472440944884,0.3085326841919038
2024-08-29T17:25:07.518801,interface,0.16535433070866143,0.47244094488188976,0.7874015748031497,0.023622047244094488,0.10236220472440945,0.7952755905511811,0.36220472440944884,0.3085326841919038
2024-08-29T17:25:07.532808,interface,0.16535433070866143,0.47244094488188976,0.7952755905511811,0.023622047244094488,0.10236220472440945,0.7952755905511811,0.36220472440944884,0.3085326841919038
2024-08-29T17:25:07.539580,interface,0.16535433070866143,0.47244094488188976,0.7952755905511811,0.023622047244094488,0.10236220472440945,0.7952755905511811,0.36220472440944884,0.3085326841919038
2024-08-29T17:25:07.542280,interface,0.16535433070866143,0.47244094488188976,0.8031496062992126,0.023622047244094488,0.10236220472440945,0.7952755905511811,0.36220472440944884,0.3085326841919038
2024-08-29T17:25:07.552325,interface,0.16535433070866143,0.47244094488188976,0.8031496062992126,0.023622047244094488,0.10236220472440945,0.7952755905511811,0.36220472440944884,0.3085326841919038
2024-08-29T17:25:07.559276,interface,0.16535433070866143,0.47244094488188976,0.8110236220472441,0.023622047244094488,0.10236220472440945,0.7952755905511811,0.36220472440944884,0.3085326841919038
2024-08-29T17:25:07.578673,interface,0.16535433070866143,0.47244094488188976,0.8110236220472441,0.023622047244094488,0.10236220472440945,0.7952755905511811,0.36220472440944884,0.3085326841919038
2024-08-29T17:25:07.581274,interface,0.16535433070866143,0.47244094488188976,0.8188976377952756,0.023622047244094488,0.10236220472440945,0.7952755905511811,0.36220472440944884,0.3085326841919038
2024-08-29T17:25:07.602432,interface,0.16535433070866143,0.47244094488188976,0.8267716535433071,0.023622047244094488,0.10236220472440945,0.7952755905511811,0.36220472440944884,0.3085326841919038
2024-08-29T17:25:07.618379,interface,0.16535433070866143,0.47244094488188976,0.8267716535433071,0.023622047244094488,0.10236220472440945,0.7952755905511811,0.36220472440944884,0.3085326841919038
2024-08-29T17:25:07.734651,interface,0.16535433070866143,0.47244094488188976,0.8346456692913385,0.023622047244094488,0.10236220472440945,0.7952755905511811,0.36220472440944884,0.3085326841919038
2024-08-29T17:25:07.737038,interface,0.16535433070866143,0.47244094488188976,0.84251968503937,0.023622047244094488,0.10236220472440945,0.7952755905511811,0.36220472440944884,0.3085326841919038
2024-08-29T17:25:07.739514,interface,0.16535433070866143,0.47244094488188976,0.84251968503937,0.023622047244094488,0.10236220472440945,0.7952755905511811,0.36220472440944884,0.3085326841919038
2024-08-29T17:25:07.750332,interface,0.16535433070866143,0.47244094488188976,0.8503937007874016,0.023622047244094488,0.10236220472440945,0.7952755905511811,0.36220472440944884,0.3085326841919038
2024-08-29T17:25:09.992357,interface,0.16535433070866143,0.47244094488188976,0.84251968503937,0.023622047244094488,0.10236220472440945,0.7952755905511811,0.36220472440944884,0.3085326841919038
2024-08-29T17:25:10.037190,interface,0.16535433070866143,0.47244094488188976,0.84251968503937,0.023622047244094488,0.10236220472440945,0.7952755905511811,0.36220472440944884,0.3085326841919038
2024-08-29T17:25:10.068178,interface,0.16535433070866143,0.47244094488188976,0.8346456692913385,0.023622047244094488,0.10236220472440945,0.7952755905511811,0.36220472440944884,0.3085326841919038
2024-08-29T17:25:10.088820,interface,0.16535433070866143,0.47244094488188976,0.8346456692913385,0.023622047244094488,0.10236220472440945,0.7952755905511811,0.36220472440944884,0.3085326841919038
2024-08-29T17:25:10.115399,interface,0.16535433070866143,0.47244094488188976,0.8267716535433071,0.023622047244094488,0.10236220472440945,0.7952755905511811,0.36220472440944884,0.3085326841919038
2024-08-29T17:25:10.128509,interface,0.16535433070866143,0.47244094488188976,0.8267716535433071,0.023622047244094488,0.10236220472440945,0.7952755905511811,0.36220472440944884,0.3085326841919038
2024-08-29T17:25:10.152764,interface,0.16535433070866143,0.47244094488188976,0.8188976377952756,0.023622047244094488,0.10236220472440945,0.7952755905511811,0.36220472440944884,0.3085326841919038
2024-08-29T17:25:10.168876,interface,0.16535433070866143,0.47244094488188976,0.8110236220472441,0.023622047244094488,0.10236220472440945,0.7952755905511811,0.36220472440944884,0.3085326841919038
2024-08-29T17:25:10.184857,interface,0.16535433070866143,0.47244094488188976,0.8110236220472441,0.023622047244094488,0.10236220472440945,0.7952755905511811,0.36220472440944884,0.3085326841919038
2024-08-29T17:25:10.209314,interface,0.16535433070866143,0.47244094488188976,0.8031496062992126,0.023622047244094488,0.10236220472440945,0.7952755905511811,0.36220472440944884,0.3085326841919038
2024-08-29T17:25:10.224509,interface,0.16535433070866143,0.47244094488188976,0.8031496062992126,0.023622047244094488,0.10236220472440945,0.7952755905511811,0.36220472440944884,0.3085326841919038
2024-08-29T17:25:10.240540,interface,0.16535433070866143,0.47244094488188976,0.7952755905511811,0.023622047244094488,0.10236220472440945,0.7952755905511811,0.36220472440944884,0.3085326841919038
2024-08-29T17:25:10.256764,interface,0.16535433070866143,0.47244094488188976,0.7952755905511811,0.023622047244094488,0.10236220472440945,0.7952755905511811,0.36220472440944884,0.3085326841919038
2024-08-29T17:25:10.272639,interface,0.16535433070866143,0.47244094488188976,0.7874015748031497,0.023622047244094488,0.10236220472440945,0.7952755905511811,0.36220472440944884,0.3085326841919038
2024-08-29T17:25:10.288551,interface,0.16535433070866143,0.47244094488188976,0.7795275590551181,0.023622047244094488,0.10236220472440945,0.7952755905511811,0.36220472440944884,0.3085326841919038
2024-08-29T17:25:10.304580,interface,0.16535433070866143,0.47244094488188976,0.7795275590551181,0.023622047244094488,0.10236220472440945,0.7952755905511811,0.36220472440944884,0.3085326841919038
2024-08-29T17:25:10.320584,interface,0.16535433070866143,0.47244094488188976,0.7716535433070866,0.023622047244094488,0.10236220472440945,0.7952755905511811,0.36220472440944884,0.3085326841919038
2024-08-29T17:25:10.336822,interface,0.16535433070866143,0.47244094488188976,0.7637795275590551,0.023622047244094488,0.10236220472440945,0.7952755905511811,0.36220472440944884,0.3085326841919038
2024-08-29T17:25:10.352569,interface,0.16535433070866143,0.47244094488188976,0.7559055118110236,0.023622047244094488,0.10236220472440945,0.7952755905511811,0.36220472440944884,0.3085326841919038
2024-08-29T17:25:10.368809,interface,0.16535433070866143,0.47244094488188976,0.7559055118110236,0.023622047244094488,0.10236220472440945,0.7952755905511811,0.36220472440944884,0.3085326841919038
2024-08-29T17:25:10.384676,interface,0.16535433070866143,0.47244094488188976,0.7480314960629921,0.023622047244094488,0.10236220472440945,0.7952755905511811,0.36220472440944884,0.3085326841919038
2024-08-29T17:25:10.401077,interface,0.16535433070866143,0.47244094488188976,0.7480314960629921,0.023622047244094488,0.10236220472440945,0.7952755905511811,0.36220472440944884,0.3085326841919038
2024-08-29T17:25:10.417136,interface,0.16535433070866143,0.47244094488188976,0.7401574803149606,0.023622047244094488,0.10236220472440945,0.7952755905511811,0.36220472440944884,0.3085326841919038
2024-08-29T17:25:10.432949,interface,0.16535433070866143,0.47244094488188976,0.7322834645669292,0.023622047244094488,0.10236220472440945,0.7952755905511811,0.36220472440944884,0.3085326841919038
2024-08-29T17:25:10.449207,interface,0.16535433070866143,0.47244094488188976,0.7322834645669292,0.023622047244094488,0.10236220472440945,0.7952755905511811,0.36220472440944884,0.3085326841919038
2024-08-29T17:25:10.465118,interface,0.16535433070866143,0.47244094488188976,0.7244094488188977,0.023622047244094488,0.10236220472440945,0.7952755905511811,0.36220472440944884,0.3085326841919038
2024-08-29T17:25:10.485808,interface,0.16535433070866143,0.47244094488188976,0.7244094488188977,0.023622047244094488,0.10236220472440945,0.7952755905511811,0.36220472440944884,0.3085326841919038
2024-08-29T17:25:10.492550,interface,0.16535433070866143,0.47244094488188976,0.7165354330708661,0.023622047244094488,0.10236220472440945,0.7952755905511811,0.36220472440944884,0.3085326841919038
2024-08-29T17:25:10.512923,interface,0.16535433070866143,0.47244094488188976,0.7165354330708661,0.023622047244094488,0.10236220472440945,0.7952755905511811,0.36220472440944884,0.3085326841919038
2024-08-29T17:25:10.528944,interface,0.16535433070866143,0.47244094488188976,0.7086614173228346,0.023622047244094488,0.10236220472440945,0.7952755905511811,0.36220472440944884,0.3085326841919038
2024-08-29T17:25:10.553426,interface,0.16535433070866143,0.47244094488188976,0.7007874015748031,0.023622047244094488,0.10236220472440945,0.7952755905511811,0.36220472440944884,0.3085326841919038
2024-08-29T17:25:10.568621,interface,0.16535433070866143,0.47244094488188976,0.7007874015748031,0.023622047244094488,0.10236220472440945,0.7952755905511811,0.36220472440944884,0.3085326841919038
2024-08-29T17:25:10.584665,interface,0.16535433070866143,0.47244094488188976,0.6929133858267716,0.023622047244094488,0.10236220472440945,0.7952755905511811,0.36220472440944884,0.3085326841919038
2024-08-29T17:25:10.600610,interface,0.16535433070866143,0.47244094488188976,0.6929133858267716,0.023622047244094488,0.10236220472440945,0.7952755905511811,0.36220472440944884,0.3085326841919038
2024-08-29T17:25:10.624987,interface,0.16535433070866143,0.47244094488188976,0.6850393700787402,0.023622047244094488,0.10236220472440945,0.7952755905511811,0.36220472440944884,0.3085326841919038
2024-08-29T17:25:10.648545,interface,0.16535433070866143,0.47244094488188976,0.6771653543307087,0.023622047244094488,0.10236220472440945,0.7952755905511811,0.36220472440944884,0.3085326841919038
2024-08-29T17:25:10.672911,interface,0.16535433070866143,0.47244094488188976,0.6771653543307087,0.023622047244094488,0.10236220472440945,0.7952755905511811,0.36220472440944884,0.3085326841919038
2024-08-29T17:25:10.697120,interface,0.16535433070866143,0.47244094488188976,0.6692913385826772,0.023622047244094488,0.10236220472440945,0.7952755905511811,0.36220472440944884,0.3085326841919038
2024-08-29T17:25:10.712601,interface,0.16535433070866143,0.47244094488188976,0.6692913385826772,0.023622047244094488,0.10236220472440945,0.7952755905511811,0.36220472440944884,0.3085326841919038
2024-08-29T17:25:10.740237,interface,0.16535433070866143,0.47244094488188976,0.6614173228346457,0.023622047244094488,0.10236220472440945,0.7952755905511811,0.36220472440944884,0.3085326841919038
2024-08-29T17:25:10.760976,interface,0.16535433070866143,0.47244094488188976,0.6535433070866141,0.023622047244094488,0.10236220472440945,0.7952755905511811,0.36220472440944884,0.3085326841919038
2024-08-29T17:25:10.787318,interface,0.16535433070866143,0.47244094488188976,0.6535433070866141,0.023622047244094488,0.10236220472440945,0.7952755905511811,0.36220472440944884,0.3085326841919038
2024-08-29T17:25:10.800671,interface,0.16535433070866143,0.47244094488188976,0.6456692913385826,0.023622047244094488,0.10236220472440945,0.7952755905511811,0.36220472440944884,0.3085326841919038
2024-08-29T17:25:10.824855,interface,0.16535433070866143,0.47244094488188976,0.6456692913385826,0.023622047244094488,0.10236220472440945,0.7952755905511811,0.36220472440944884,0.3085326841919038
2024-08-29T17:25:10.850274,interface,0.16535433070866143,0.47244094488188976,0.6377952755905512,0.023622047244094488,0.10236220472440945,0.7952755905511811,0.36220472440944884,0.3085326841919038
2024-08-29T17:25:10.872980,interface,0.16535433070866143,0.47244094488188976,0.6377952755905512,0.023622047244094488,0.10236220472440945,0.7952755905511811,0.36220472440944884,0.3085326841919038
2024-08-29T17:25:10.904859,interface,0.16535433070866143,0.47244094488188976,0.6299212598425197,0.023622047244094488,0.10236220472440945,0.7952755905511811,0.36220472440944884,0.3085326841919038
2024-08-29T17:25:10.936970,interface,0.16535433070866143,0.47244094488188976,0.6299212598425197,0.023622047244094488,0.10236220472440945,0.7952755905511811,0.36220472440944884,0.3085326841919038
2024-08-29T17:25:10.984857,interface,0.16535433070866143,0.47244094488188976,0.6220472440944882,0.023622047244094488,0.10236220472440945,0.7952755905511811,0.36220472440944884,0.3085326841919038
2024-08-29T17:25:11.016958,interface,0.16535433070866143,0.47244094488188976,0.6220472440944882,0.023622047244094488,0.10236220472440945,0.7952755905511811,0.36220472440944884,0.3085326841919038
2024-08-29T17:25:11.057109,interface,0.16535433070866143,0.47244094488188976,0.6141732283464567,0.023622047244094488,0.10236220472440945,0.7952755905511811,0.36220472440944884,0.3085326841919038
2024-08-29T17:25:11.100135,interface,0.16535433070866143,0.47244094488188976,0.6141732283464567,0.023622047244094488,0.10236220472440945,0.7952755905511811,0.36220472440944884,0.3085326841919038
2024-08-29T17:25:11.131212,interface,0.16535433070866143,0.47244094488188976,0.6062992125984252,0.023622047244094488,0.10236220472440945,0.7952755905511811,0.36220472440944884,0.3085326841919038
2024-08-29T17:25:11.162245,interface,0.16535433070866143,0.47244094488188976,0.6062992125984252,0.023622047244094488,0.10236220472440945,0.7952755905511811,0.36220472440944884,0.3085326841919038
2024-08-29T17:25:11.193222,interface,0.16535433070866143,0.47244094488188976,0.5984251968503937,0.023622047244094488,0.10236220472440945,0.7952755905511811,0.36220472440944884,0.3085326841919038
2024-08-29T17:25:11.240137,interface,0.16535433070866143,0.47244094488188976,0.5984251968503937,0.023622047244094488,0.10236220472440945,0.7952755905511811,0.36220472440944884,0.3085326841919038
2024-08-29T17:25:11.278980,interface,0.16535433070866143,0.47244094488188976,0.5905511811023622,0.023622047244094488,0.10236220472440945,0.7952755905511811,0.36220472440944884,0.3085326841919038
2024-08-29T17:25:11.327057,interface,0.16535433070866143,0.47244094488188976,0.5905511811023622,0.023622047244094488,0.10236220472440945,0.7952755905511811,0.36220472440944884,0.3085326841919038
2024-08-29T17:25:11.375013,interface,0.16535433070866143,0.47244094488188976,0.5826771653543307,0.023622047244094488,0.10236220472440945,0.7952755905511811,0.36220472440944884,0.3085326841919038
2024-08-29T17:25:11.398690,interface,0.16535433070866143,0.47244094488188976,0.5826771653543307,0.023622047244094488,0.10236220472440945,0.7952755905511811,0.36220472440944884,0.3085326841919038
2024-08-29T17:25:11.443071,interface,0.16535433070866143,0.47244094488188976,0.5748031496062992,0.023622047244094488,0.10236220472440945,0.7952755905511811,0.36220472440944884,0.3085326841919038
2024-08-29T17:25:11.475279,interface,0.16535433070866143,0.47244094488188976,0.5748031496062992,0.023622047244094488,0.10236220472440945,0.7952755905511811,0.36220472440944884,0.3085326841919038
2024-08-29T17:25:11.543151,interface,0.16535433070866143,0.47244094488188976,0.5669291338582677,0.023622047244094488,0.10236220472440945,0.7952755905511811,0.36220472440944884,0.3085326841919038
2024-08-29T17:25:11.607061,interface,0.16535433070866143,0.47244094488188976,0.5669291338582677,0.023622047244094488,0.10236220472440945,0.7952755905511811,0.36220472440944884,0.3085326841919038
2024-08-29T17:25:11.655085,interface,0.16535433070866143,0.47244094488188976,0.5590551181102362,0.023622047244094488,0.10236220472440945,0.7952755905511811,0.36220472440944884,0.3085326841919038
2024-08-29T17:25:11.710815,interface,0.16535433070866143,0.47244094488188976,0.5590551181102362,0.023622047244094488,0.10236220472440945,0.7952755905511811,0.36220472440944884,0.3085326841919038
2024-08-29T17:25:11.758762,interface,0.16535433070866143,0.47244094488188976,0.5511811023622047,0.023622047244094488,0.10236220472440945,0.7952755905511811,0.36220472440944884,0.3085326841919038
2024-08-29T17:25:11.807085,interface,0.16535433070866143,0.47244094488188976,0.5511811023622047,0.023622047244094488,0.10236220472440945,0.7952755905511811,0.36220472440944884,0.3085326841919038
2024-08-29T17:25:11.839210,interface,0.16535433070866143,0.47244094488188976,0.5433070866141733,0.023622047244094488,0.10236220472440945,0.7952755905511811,0.36220472440944884,0.3085326841919038
2024-08-29T17:25:11.881059,interface,0.16535433070866143,0.47244094488188976,0.5433070866141733,0.023622047244094488,0.10236220472440945,0.7952755905511811,0.36220472440944884,0.3085326841919038
2024-08-29T17:25:11.919097,interface,0.16535433070866143,0.47244094488188976,0.5354330708661418,0.023622047244094488,0.10236220472440945,0.7952755905511811,0.36220472440944884,0.3085326841919038
2024-08-29T17:25:11.959096,interface,0.16535433070866143,0.47244094488188976,0.5275590551181102,0.023622047244094488,0.10236220472440945,0.7952755905511811,0.36220472440944884,0.3085326841919038
2024-08-29T17:25:11.999274,interface,0.16535433070866143,0.47244094488188976,0.5275590551181102,0.023622047244094488,0.10236220472440945,0.7952755905511811,0.36220472440944884,0.3085326841919038
2024-08-29T17:25:12.039049,interface,0.16535433070866143,0.47244094488188976,0.5196850393700787,0.023622047244094488,0.10236220472440945,0.7952755905511811,0.36220472440944884,0.3085326841919038
2024-08-29T17:25:12.103296,interface,0.16535433070866143,0.47244094488188976,0.5196850393700787,0.023622047244094488,0.10236220472440945,0.7952755905511811,0.36220472440944884,0.3085326841919038
2024-08-29T17:25:12.147123,interface,0.16535433070866143,0.47244094488188976,0.5118110236220472,0.023622047244094488,0.10236220472440945,0.7952755905511811,0.36220472440944884,0.3085326841919038
2024-08-29T17:25:12.183366,interface,0.16535433070866143,0.47244094488188976,0.5118110236220472,0.023622047244094488,0.10236220472440945,0.7952755905511811,0.36220472440944884,0.3085326841919038
2024-08-29T17:25:12.247404,interface,0.16535433070866143,0.47244094488188976,0.5039370078740157,0.023622047244094488,0.10236220472440945,0.7952755905511811,0.36220472440944884,0.3085326841919038
2024-08-29T17:25:12.279326,interface,0.16535433070866143,0.47244094488188976,0.5039370078740157,0.023622047244094488,0.10236220472440945,0.7952755905511811,0.36220472440944884,0.3085326841919038
2024-08-29T17:25:12.327415,interface,0.16535433070866143,0.47244094488188976,0.49606299212598426,0.023622047244094488,0.10236220472440945,0.7952755905511811,0.36220472440944884,0.3085326841919038
2024-08-29T17:25:12.367002,interface,0.16535433070866143,0.47244094488188976,0.49606299212598426,0.023622047244094488,0.10236220472440945,0.7952755905511811,0.36220472440944884,0.3085326841919038
                                                                                                                                                                                                                                                                                                                                                                                                                                                                                                                                                                                                                                                                                                                                                                                                                                                                                                                                                                                                                                                                                                                                                                                                                                                                                                                                                                                                                                                                                                                                                                                                                                                                                                                                                                                                                                                                                                                                                                                                                                                                                                                                                                                                                                                                                                                                                                                                                                                                                                                                                                                                                                                                                                                                                                                                                                                                                                                                                                                                                                                                                                                                                                                                                                                                                                                                                                                                                                                                                                                                                                                                                                            